../Core/Src/main.c:108:5:main	56	static
../Core/Src/main.c:289:6:SystemClock_Config	88	static
../Core/Src/main.c:336:13:MX_ADC1_Init	24	static
../Core/Src/main.c:383:13:MX_I2C1_Init	8	static
../Core/Src/main.c:417:13:MX_I2C2_Init	8	static
../Core/Src/main.c:451:13:MX_SPI1_Init	8	static
../Core/Src/main.c:489:13:MX_TIM1_Init	32	static
../Core/Src/main.c:535:13:MX_USART1_UART_Init	8	static
../Core/Src/main.c:568:13:MX_GPIO_Init	40	static
../Core/Src/main.c:626:6:HAL_GPIO_EXTI_Callback	16	static
../Core/Src/main.c:633:6:HAL_TIM_PeriodElapsedCallback	16	static
../Core/Src/main.c:647:6:Error_Handler	4	static,ignoring_inline_asm
