../Core/Src/main.c:101:5:main	32	static
../Core/Src/main.c:234:6:SystemClock_Config	88	static
../Core/Src/main.c:277:13:MX_ADC1_Init	24	static
../Core/Src/main.c:321:13:MX_I2C1_Init	8	static
../Core/Src/main.c:353:13:MX_I2C2_Init	8	static
../Core/Src/main.c:385:13:MX_SPI1_Init	8	static
../Core/Src/main.c:421:13:MX_TIM1_Init	32	static
../Core/Src/main.c:464:13:MX_USART1_UART_Init	8	static
../Core/Src/main.c:495:13:MX_GPIO_Init	40	static
../Core/Src/main.c:552:6:HAL_GPIO_EXTI_Callback	16	static
../Core/Src/main.c:558:6:HAL_TIM_PeriodElapsedCallback	16	static
../Core/Src/main.c:569:6:Error_Handler	4	static,ignoring_inline_asm
