../Core/Src/main.c:110:5:main	15
../Core/Src/main.c:287:6:SystemClock_Config	4
../Core/Src/main.c:330:13:MX_ADC1_Init	3
../Core/Src/main.c:374:13:MX_I2C1_Init	2
../Core/Src/main.c:406:13:MX_I2C2_Init	2
../Core/Src/main.c:438:13:MX_SPI1_Init	2
../Core/Src/main.c:474:13:MX_TIM1_Init	4
../Core/Src/main.c:517:13:MX_USART1_UART_Init	2
../Core/Src/main.c:548:13:MX_GPIO_Init	1
../Core/Src/main.c:605:6:HAL_GPIO_EXTI_Callback	2
../Core/Src/main.c:611:6:HAL_UART_RxCpltCallback	7
../Core/Src/main.c:630:6:HAL_TIM_PeriodElapsedCallback	1
../Core/Src/main.c:641:6:Error_Handler	1
