Archive member included to satisfy reference by file (symbol)

D:/ST/STM32CubeIDE_2.1.0/STM32CubeIDE/plugins/com.st.stm32cube.ide.mcu.externaltools.gnu-tools-for-stm32.14.3.rel1.win32_1.0.100.202602081740/tools/bin/../lib/gcc/arm-none-eabi/14.3.1/../../../../arm-none-eabi/lib/thumb/v7-m/nofp\libc_nano.a(libc_a-exit.o)
                              D:/ST/STM32CubeIDE_2.1.0/STM32CubeIDE/plugins/com.st.stm32cube.ide.mcu.externaltools.gnu-tools-for-stm32.14.3.rel1.win32_1.0.100.202602081740/tools/bin/../lib/gcc/arm-none-eabi/14.3.1/../../../../arm-none-eabi/lib/thumb/v7-m/nofp/crt0.o (exit)
D:/ST/STM32CubeIDE_2.1.0/STM32CubeIDE/plugins/com.st.stm32cube.ide.mcu.externaltools.gnu-tools-for-stm32.14.3.rel1.win32_1.0.100.202602081740/tools/bin/../lib/gcc/arm-none-eabi/14.3.1/../../../../arm-none-eabi/lib/thumb/v7-m/nofp\libc_nano.a(libc_a-findfp.o)
                              D:/ST/STM32CubeIDE_2.1.0/STM32CubeIDE/plugins/com.st.stm32cube.ide.mcu.externaltools.gnu-tools-for-stm32.14.3.rel1.win32_1.0.100.202602081740/tools/bin/../lib/gcc/arm-none-eabi/14.3.1/../../../../arm-none-eabi/lib/thumb/v7-m/nofp\libc_nano.a(libc_a-exit.o) (__stdio_exit_handler)
D:/ST/STM32CubeIDE_2.1.0/STM32CubeIDE/plugins/com.st.stm32cube.ide.mcu.externaltools.gnu-tools-for-stm32.14.3.rel1.win32_1.0.100.202602081740/tools/bin/../lib/gcc/arm-none-eabi/14.3.1/../../../../arm-none-eabi/lib/thumb/v7-m/nofp\libc_nano.a(libc_a-fwalk.o)
                              D:/ST/STM32CubeIDE_2.1.0/STM32CubeIDE/plugins/com.st.stm32cube.ide.mcu.externaltools.gnu-tools-for-stm32.14.3.rel1.win32_1.0.100.202602081740/tools/bin/../lib/gcc/arm-none-eabi/14.3.1/../../../../arm-none-eabi/lib/thumb/v7-m/nofp\libc_nano.a(libc_a-findfp.o) (_fwalk_sglue)
D:/ST/STM32CubeIDE_2.1.0/STM32CubeIDE/plugins/com.st.stm32cube.ide.mcu.externaltools.gnu-tools-for-stm32.14.3.rel1.win32_1.0.100.202602081740/tools/bin/../lib/gcc/arm-none-eabi/14.3.1/../../../../arm-none-eabi/lib/thumb/v7-m/nofp\libc_nano.a(libc_a-snprintf.o)
                              ./Core/Src/ssd1306_tests.o (snprintf)
D:/ST/STM32CubeIDE_2.1.0/STM32CubeIDE/plugins/com.st.stm32cube.ide.mcu.externaltools.gnu-tools-for-stm32.14.3.rel1.win32_1.0.100.202602081740/tools/bin/../lib/gcc/arm-none-eabi/14.3.1/../../../../arm-none-eabi/lib/thumb/v7-m/nofp\libc_nano.a(libc_a-sprintf.o)
                              ./Core/Src/main.o (sprintf)
D:/ST/STM32CubeIDE_2.1.0/STM32CubeIDE/plugins/com.st.stm32cube.ide.mcu.externaltools.gnu-tools-for-stm32.14.3.rel1.win32_1.0.100.202602081740/tools/bin/../lib/gcc/arm-none-eabi/14.3.1/../../../../arm-none-eabi/lib/thumb/v7-m/nofp\libc_nano.a(libc_a-stdio.o)
                              D:/ST/STM32CubeIDE_2.1.0/STM32CubeIDE/plugins/com.st.stm32cube.ide.mcu.externaltools.gnu-tools-for-stm32.14.3.rel1.win32_1.0.100.202602081740/tools/bin/../lib/gcc/arm-none-eabi/14.3.1/../../../../arm-none-eabi/lib/thumb/v7-m/nofp\libc_nano.a(libc_a-findfp.o) (__sread)
D:/ST/STM32CubeIDE_2.1.0/STM32CubeIDE/plugins/com.st.stm32cube.ide.mcu.externaltools.gnu-tools-for-stm32.14.3.rel1.win32_1.0.100.202602081740/tools/bin/../lib/gcc/arm-none-eabi/14.3.1/../../../../arm-none-eabi/lib/thumb/v7-m/nofp\libc_nano.a(libc_a-memmove.o)
                              ./Core/Src/ssd1306_tests.o (memmove)
D:/ST/STM32CubeIDE_2.1.0/STM32CubeIDE/plugins/com.st.stm32cube.ide.mcu.externaltools.gnu-tools-for-stm32.14.3.rel1.win32_1.0.100.202602081740/tools/bin/../lib/gcc/arm-none-eabi/14.3.1/../../../../arm-none-eabi/lib/thumb/v7-m/nofp\libc_nano.a(libc_a-memset.o)
                              D:/ST/STM32CubeIDE_2.1.0/STM32CubeIDE/plugins/com.st.stm32cube.ide.mcu.externaltools.gnu-tools-for-stm32.14.3.rel1.win32_1.0.100.202602081740/tools/bin/../lib/gcc/arm-none-eabi/14.3.1/../../../../arm-none-eabi/lib/thumb/v7-m/nofp/crt0.o (memset)
D:/ST/STM32CubeIDE_2.1.0/STM32CubeIDE/plugins/com.st.stm32cube.ide.mcu.externaltools.gnu-tools-for-stm32.14.3.rel1.win32_1.0.100.202602081740/tools/bin/../lib/gcc/arm-none-eabi/14.3.1/../../../../arm-none-eabi/lib/thumb/v7-m/nofp\libc_nano.a(libc_a-closer.o)
                              D:/ST/STM32CubeIDE_2.1.0/STM32CubeIDE/plugins/com.st.stm32cube.ide.mcu.externaltools.gnu-tools-for-stm32.14.3.rel1.win32_1.0.100.202602081740/tools/bin/../lib/gcc/arm-none-eabi/14.3.1/../../../../arm-none-eabi/lib/thumb/v7-m/nofp\libc_nano.a(libc_a-stdio.o) (_close_r)
D:/ST/STM32CubeIDE_2.1.0/STM32CubeIDE/plugins/com.st.stm32cube.ide.mcu.externaltools.gnu-tools-for-stm32.14.3.rel1.win32_1.0.100.202602081740/tools/bin/../lib/gcc/arm-none-eabi/14.3.1/../../../../arm-none-eabi/lib/thumb/v7-m/nofp\libc_nano.a(libc_a-reent.o)
                              D:/ST/STM32CubeIDE_2.1.0/STM32CubeIDE/plugins/com.st.stm32cube.ide.mcu.externaltools.gnu-tools-for-stm32.14.3.rel1.win32_1.0.100.202602081740/tools/bin/../lib/gcc/arm-none-eabi/14.3.1/../../../../arm-none-eabi/lib/thumb/v7-m/nofp\libc_nano.a(libc_a-closer.o) (errno)
[...]
Memory Configuration

Name             Origin             Length             Attributes
RAM              0x20000000         0x00005000         xrw
FLASH            0x08000000         0x00010000         xr
*default*        0x00000000         0xffffffff

Linker script and memory map

LOAD D:/ST/STM32CubeIDE_2.1.0/STM32CubeIDE/plugins/com.st.stm32cube.ide.mcu.externaltools.gnu-tools-for-stm32.14.3.rel1.win32_1.0.100.202602081740/tools/bin/../lib/gcc/arm-none-eabi/14.3.1/thumb/v7-m/nofp/crti.o
LOAD D:/ST/STM32CubeIDE_2.1.0/STM32CubeIDE/plugins/com.st.stm32cube.ide.mcu.externaltools.gnu-tools-for-stm32.14.3.rel1.win32_1.0.100.202602081740/tools/bin/../lib/gcc/arm-none-eabi/14.3.1/thumb/v7-m/nofp/crtbegin.o
LOAD D:/ST/STM32CubeIDE_2.1.0/STM32CubeIDE/plugins/com.st.stm32cube.ide.mcu.externaltools.gnu-tools-for-stm32.14.3.rel1.win32_1.0.100.202602081740/tools/bin/../lib/gcc/arm-none-eabi/14.3.1/../../../../arm-none-eabi/lib/thumb/v7-m/nofp/crt0.o
LOAD ./Core/Src/Brazo.o
LOAD ./Core/Src/BrazoFSM1.o
LOAD ./Core/Src/main.o
LOAD ./Core/Src/pca9685.o
LOAD ./Core/Src/ssd1306.o
LOAD ./Core/Src/ssd1306_fonts.o
LOAD ./Core/Src/ssd1306_tests.o
LOAD ./Core/Src/stm32f1xx_hal_msp.o
LOAD ./Core/Src/stm32f1xx_it.o
LOAD ./Core/Src/syscalls.o
LOAD ./Core/Src/sysmem.o
LOAD ./Core/Src/system_stm32f1xx.o
LOAD ./Core/Startup/startup_stm32f103c8tx.o
LOAD ./Drivers/STM32F1xx_HAL_Driver/Src/stm32f1xx_hal.o
LOAD ./Drivers/STM32F1xx_HAL_Driver/Src/stm32f1xx_hal_adc.o
LOAD ./Drivers/STM32F1xx_HAL_Driver/Src/stm32f1xx_hal_adc_ex.o
LOAD ./Drivers/STM32F1xx_HAL_Driver/Src/stm32f1xx_hal_cortex.o
LOAD ./Drivers/STM32F1xx_HAL_Driver/Src/stm32f1xx_hal_dma.o
LOAD ./Drivers/STM32F1xx_HAL_Driver/Src/stm32f1xx_hal_exti.o
LOAD ./Drivers/STM32F1xx_HAL_Driver/Src/stm32f1xx_hal_flash.o
LOAD ./Drivers/STM32F1xx_HAL_Driver/Src/stm32f1xx_hal_flash_ex.o
LOAD ./Drivers/STM32F1xx_HAL_Driver/Src/stm32f1xx_hal_gpio.o
LOAD ./Drivers/STM32F1xx_HAL_Driver/Src/stm32f1xx_hal_gpio_ex.o
LOAD ./Drivers/STM32F1xx_HAL_Driver/Src/stm32f1xx_hal_i2c.o
LOAD ./Drivers/STM32F1xx_HAL_Driver/Src/stm32f1xx_hal_pwr.o
LOAD ./Drivers/STM32F1xx_HAL_Driver/Src/stm32f1xx_hal_rcc.o
LOAD ./Drivers/STM32F1xx_HAL_Driver/Src/stm32f1xx_hal_rcc_ex.o
LOAD ./Drivers/STM32F1xx_HAL_Driver/Src/stm32f1xx_hal_spi.o
LOAD ./Drivers/STM32F1xx_HAL_Driver/Src/stm32f1xx_hal_tim.o
LOAD ./Drivers/STM32F1xx_HAL_Driver/Src/stm32f1xx_hal_tim_ex.o
LOAD ./Drivers/STM32F1xx_HAL_Driver/Src/stm32f1xx_hal_uart.o
LOAD ./Drivers/nrf24/NRF24.o
START GROUP
LOAD D:/ST/STM32CubeIDE_2.1.0/STM32CubeIDE/plugins/com.st.stm32cube.ide.mcu.externaltools.gnu-tools-for-stm32.14.3.rel1.win32_1.0.100.202602081740/tools/bin/../lib/gcc/arm-none-eabi/14.3.1/../../../../arm-none-eabi/lib/thumb/v7-m/nofp\libc_nano.a
LOAD D:/ST/STM32CubeIDE_2.1.0/STM32CubeIDE/plugins/com.st.stm32cube.ide.mcu.externaltools.gnu-tools-for-stm32.14.3.rel1.win32_1.0.100.202602081740/tools/bin/../lib/gcc/arm-none-eabi/14.3.1/../../../../arm-none-eabi/lib/thumb/v7-m/nofp\libm.a
END GROUP
START GROUP
LOAD D:/ST/STM32CubeIDE_2.1.0/STM32CubeIDE/plugins/com.st.stm32cube.ide.mcu.externaltools.gnu-tools-for-stm32.14.3.rel1.win32_1.0.100.202602081740/tools/bin/../lib/gcc/arm-none-eabi/14.3.1/thumb/v7-m/nofp\libgcc.a
LOAD D:/ST/STM32CubeIDE_2.1.0/STM32CubeIDE/plugins/com.st.stm32cube.ide.mcu.externaltools.gnu-tools-for-stm32.14.3.rel1.win32_1.0.100.202602081740/tools/bin/../lib/gcc/arm-none-eabi/14.3.1/../../../../arm-none-eabi/lib/thumb/v7-m/nofp\libc_nano.a
END GROUP
START GROUP
LOAD D:/ST/STM32CubeIDE_2.1.0/STM32CubeIDE/plugins/com.st.stm32cube.ide.mcu.externaltools.gnu-tools-for-stm32.14.3.rel1.win32_1.0.100.202602081740/tools/bin/../lib/gcc/arm-none-eabi/14.3.1/thumb/v7-m/nofp\libgcc.a
LOAD D:/ST/STM32CubeIDE_2.1.0/STM32CubeIDE/plugins/com.st.stm32cube.ide.mcu.externaltools.gnu-tools-for-stm32.14.3.rel1.win32_1.0.100.202602081740/tools/bin/../lib/gcc/arm-none-eabi/14.3.1/../../../../arm-none-eabi/lib/thumb/v7-m/nofp\libc_nano.a
LOAD D:/ST/STM32CubeIDE_2.1.0/STM32CubeIDE/plugins/com.st.stm32cube.ide.mcu.externaltools.gnu-tools-for-stm32.14.3.rel1.win32_1.0.100.202602081740/tools/bin/../lib/gcc/arm-none-eabi/14.3.1/../../../../arm-none-eabi/lib/thumb/v7-m/nofp\libnosys.a
END GROUP
START GROUP
LOAD D:/ST/STM32CubeIDE_2.1.0/STM32CubeIDE/plugins/com.st.stm32cube.ide.mcu.externaltools.gnu-tools-for-stm32.14.3.rel1.win32_1.0.100.202602081740/tools/bin/../lib/gcc/arm-none-eabi/14.3.1/thumb/v7-m/nofp\libgcc.a
LOAD D:/ST/STM32CubeIDE_2.1.0/STM32CubeIDE/plugins/com.st.stm32cube.ide.mcu.externaltools.gnu-tools-for-stm32.14.3.rel1.win32_1.0.100.202602081740/tools/bin/../lib/gcc/arm-none-eabi/14.3.1/../../../../arm-none-eabi/lib/thumb/v7-m/nofp\libc_nano.a
LOAD D:/ST/STM32CubeIDE_2.1.0/STM32CubeIDE/plugins/com.st.stm32cube.ide.mcu.externaltools.gnu-tools-for-stm32.14.3.rel1.win32_1.0.100.202602081740/tools/bin/../lib/gcc/arm-none-eabi/14.3.1/../../../../arm-none-eabi/lib/thumb/v7-m/nofp\libnosys.a
END GROUP
LOAD D:/ST/STM32CubeIDE_2.1.0/STM32CubeIDE/plugins/com.st.stm32cube.ide.mcu.externaltools.gnu-tools-for-stm32.14.3.rel1.win32_1.0.100.202602081740/tools/bin/../lib/gcc/arm-none-eabi/14.3.1/thumb/v7-m/nofp/crtend.o
LOAD D:/ST/STM32CubeIDE_2.1.0/STM32CubeIDE/plugins/com.st.stm32cube.ide.mcu.externaltools.gnu-tools-for-stm32.14.3.rel1.win32_1.0.100.202602081740/tools/bin/../lib/gcc/arm-none-eabi/14.3.1/thumb/v7-m/nofp/crtn.o
                0x20005000                        _estack = (ORIGIN (RAM) + LENGTH (RAM))
                0x00000200                        _Min_Heap_Size = 0x200
                0x00000400                        _Min_Stack_Size = 0x400

.isr_vector     0x08000000      0x10c
                0x08000000                        . = ALIGN (0x4)
 *(.isr_vector)
 .isr_vector    0x08000000      0x10c ./Core/Startup/startup_stm32f103c8tx.o
                0x08000000                g_pfnVectors
                0x0800010c                        . = ALIGN (0x4)

.text           0x08000110     0x79d8
                0x08000110                        . = ALIGN (0x4)
 *(.text)
 .text          0x08000110       0x40 D:/ST/STM32CubeIDE_2.1.0/STM32CubeIDE/plugins/com.st.stm32cube.ide.mcu.externaltools.gnu-tools-for-stm32.14.3.rel1.win32_1.0.100.202602081740/tools/bin/../lib/gcc/arm-none-eabi/14.3.1/thumb/v7-m/nofp/crtbegin.o
 .text          0x08000150      0x378 D:/ST/STM32CubeIDE_2.1.0/STM32CubeIDE/plugins/com.st.stm32cube.ide.mcu.externaltools.gnu-tools-for-stm32.14.3.rel1.win32_1.0.100.202602081740/tools/bin/../lib/gcc/arm-none-eabi/14.3.1/thumb/v7-m/nofp\libgcc.a(_arm_addsubdf3.o)
                0x08000150                __aeabi_drsub
                0x08000158                __aeabi_dsub
                0x08000158                __subdf3
                0x0800015c                __aeabi_dadd
                0x0800015c                __adddf3
                0x080003d4                __floatunsidf
                0x080003d4                __aeabi_ui2d
                0x080003f4                __floatsidf
                0x080003f4                __aeabi_i2d
                0x08000418                __aeabi_f2d
                0x08000418                __extendsfdf2
                0x0800045c                __floatundidf
                0x0800045c                __aeabi_ul2d
                0x0800046c                __floatdidf
                0x0800046c                __aeabi_l2d
 .text          0x080004c8      0x424 D:/ST/STM32CubeIDE_2.1.0/STM32CubeIDE/plugins/com.st.stm32cube.ide.mcu.externaltools.gnu-tools-for-stm32.14.3.rel1.win32_1.0.100.202602081740/tools/bin/../lib/gcc/arm-none-eabi/14.3.1/thumb/v7-m/nofp\libgcc.a(_arm_muldivdf3.o)
                0x080004c8                __aeabi_dmul
                0x080004c8                __muldf3
                0x0800071c                __divdf3
                0x0800071c                __aeabi_ddiv
 .text          0x080008ec      0x110 D:/ST/STM32CubeIDE_2.1.0/STM32CubeIDE/plugins/com.st.stm32cube.ide.mcu.externaltools.gnu-tools-for-stm32.14.3.rel1.win32_1.0.100.202602081740/tools/bin/../lib/gcc/arm-none-eabi/14.3.1/thumb/v7-m/nofp\libgcc.a(_arm_cmpdf2.o)
                0x080008ec                __gtdf2
                0x080008ec                __gedf2
                0x080008f4                __ltdf2
                0x080008f4                __ledf2
                0x080008fc                __nedf2
                0x080008fc                __eqdf2
                0x080008fc                __cmpdf2
                0x08000978                __aeabi_cdrcmple
                0x08000988                __aeabi_cdcmpeq
                0x08000988                __aeabi_cdcmple
                0x08000998                __aeabi_dcmpeq
                0x080009ac                __aeabi_dcmplt
                0x080009c0                __aeabi_dcmple
                0x080009d4                __aeabi_dcmpge
                0x080009e8                __aeabi_dcmpgt
 .text          0x080009fc       0x40 D:/ST/STM32CubeIDE_2.1.0/STM32CubeIDE/plugins/com.st.stm32cube.ide.mcu.externaltools.gnu-tools-for-stm32.14.3.rel1.win32_1.0.100.202602081740/tools/bin/../lib/gcc/arm-none-eabi/14.3.1/thumb/v7-m/nofp\libgcc.a(_arm_fixunsdfsi.o)
                0x080009fc                __aeabi_d2uiz
                0x080009fc                __fixunsdfsi
 .text          0x08000a3c       0xa0 D:/ST/STM32CubeIDE_2.1.0/STM32CubeIDE/plugins/com.st.stm32cube.ide.mcu.externaltools.gnu-tools-for-stm32.14.3.rel1.win32_1.0.100.202602081740/tools/bin/../lib/gcc/arm-none-eabi/14.3.1/thumb/v7-m/nofp\libgcc.a(_arm_truncdfsf2.o)
                0x08000a3c                __truncdfsf2
                0x08000a3c                __aeabi_d2f
 .text          0x08000adc      0x21c D:/ST/STM32CubeIDE_2.1.0/STM32CubeIDE/plugins/com.st.stm32cube.ide.mcu.externaltools.gnu-tools-for-stm32.14.3.rel1.win32_1.0.100.202602081740/tools/bin/../lib/gcc/arm-none-eabi/14.3.1/thumb/v7-m/nofp\libgcc.a(_arm_addsubsf3.o)
                0x08000adc                __aeabi_frsub
                0x08000ae4                __subsf3
                0x08000ae4                __aeabi_fsub
                0x08000ae8                __aeabi_fadd
                0x08000ae8                __addsf3
                0x08000c48                __aeabi_ui2f
                0x08000c48                __floatunsisf
                0x08000c50                __aeabi_i2f
                0x08000c50                __floatsisf
                0x08000c6c                __aeabi_ul2f
                0x08000c6c                __floatundisf
                0x08000c7c                __aeabi_l2f
                0x08000c7c                __floatdisf
 .text          0x08000cf8       0xec D:/ST/STM32CubeIDE_2.1.0/STM32CubeIDE/plugins/com.st.stm32cube.ide.mcu.externaltools.gnu-tools-for-stm32.14.3.rel1.win32_1.0.100.202602081740/tools/bin/../lib/gcc/arm-none-eabi/14.3.1/thumb/v7-m/nofp\libgcc.a(_arm_cmpsf2.o)
                0x08000cf8                __gesf2
                0x08000cf8                __gtsf2
                0x08000d00                __lesf2
                0x08000d00                __ltsf2
                0x08000d08                __nesf2
                0x08000d08                __eqsf2
                0x08000d08                __cmpsf2
                0x08000d68                __aeabi_cfrcmple
                0x08000d70                __aeabi_cfcmpeq
                0x08000d70                __aeabi_cfcmple
                0x08000d80                __aeabi_fcmpeq
                0x08000d94                __aeabi_fcmplt
                0x08000da8                __aeabi_fcmple
                0x08000dbc                __aeabi_fcmpge
                0x08000dd0                __aeabi_fcmpgt
 .text          0x08000de4       0x40 D:/ST/STM32CubeIDE_2.1.0/STM32CubeIDE/plugins/com.st.stm32cube.ide.mcu.externaltools.gnu-tools-for-stm32.14.3.rel1.win32_1.0.100.202602081740/tools/bin/../lib/gcc/arm-none-eabi/14.3.1/thumb/v7-m/nofp\libgcc.a(_arm_fixunssfsi.o)
                0x08000de4                __fixunssfsi
                0x08000de4                __aeabi_f2uiz
 *(.text*)
 .text.UpdateBrazo
                0x08000e24       0xaa ./Core/Src/Brazo.o
                0x08000e24                UpdateBrazo
 .text.park     0x08000ece       0x4e ./Core/Src/Brazo.o
                0x08000ece                park
 .text.FSM_Brazo
                0x08000f1c       0xc6 ./Core/Src/BrazoFSM1.o
                0x08000f1c                FSM_Brazo
 .text.FSM_Brazo_init
                0x08000fe2       0x18 ./Core/Src/BrazoFSM1.o
                0x08000fe2                FSM_Brazo_init
 .text.procesar
                0x08000ffa       0x52 ./Core/Src/BrazoFSM1.o
                0x08000ffa                procesar
 .text.main     0x0800104c      0x3e4 ./Core/Src/main.o
                0x0800104c                main
 .text.SystemClock_Config
                0x08001430       0xb2 ./Core/Src/main.o
                0x08001430                SystemClock_Config
 *fill*         0x080014e2        0x2 
 .text.MX_ADC1_Init
                0x080014e4       0x7c ./Core/Src/main.o
 .text.MX_I2C1_Init
                0x08001560       0x5c ./Core/Src/main.o
 .text.MX_I2C2_Init
                0x080015bc       0x5c ./Core/Src/main.o
 .text.MX_SPI1_Init
                0x08001618       0x6c ./Core/Src/main.o
 .text.MX_TIM1_Init
                0x08001684       0xa4 ./Core/Src/main.o
 .text.MX_USART1_UART_Init
                0x08001728       0x54 ./Core/Src/main.o
 .text.MX_GPIO_Init
                0x0800177c      0x134 ./Core/Src/main.o
 .text.HAL_GPIO_EXTI_Callback
                0x080018b0       0x30 ./Core/Src/main.o
                0x080018b0                HAL_GPIO_EXTI_Callback
 .text.Error_Handler
                0x080018e0        0xc ./Core/Src/main.o
                0x080018e0                Error_Handler
 .text.PCA9685_SetBit
                0x080018ec       0xb4 ./Core/Src/pca9685.o
                0x080018ec                PCA9685_SetBit
 .text.PCA9685_SoftwareReset
                0x080019a0       0x34 ./Core/Src/pca9685.o
                0x080019a0                PCA9685_SoftwareReset
 .text.PCA9685_SleepMode
                0x080019d4       0x20 ./Core/Src/pca9685.o
                0x080019d4                PCA9685_SleepMode
 .text.PCA9685_RestartMode
                0x080019f4       0x20 ./Core/Src/pca9685.o
                0x080019f4                PCA9685_RestartMode
 .text.PCA9685_AutoIncrement
                0x08001a14       0x20 ./Core/Src/pca9685.o
                0x08001a14                PCA9685_AutoIncrement
 *fill*         0x08001a34        0x4 
 .text.PCA9685_SetPwmFrequency
                0x08001a38       0xf0 ./Core/Src/pca9685.o
                0x08001a38                PCA9685_SetPwmFrequency
 .text.PCA9685_SetPwm
                0x08001b28       0x74 ./Core/Src/pca9685.o
                0x08001b28                PCA9685_SetPwm
 .text.PCA9685_SetPin
                0x08001b9c       0xbc ./Core/Src/pca9685.o
                0x08001b9c                PCA9685_SetPin
 .text.PCA9685_SetServoAngle
                0x08001c58       0xac ./Core/Src/pca9685.o
                0x08001c58                PCA9685_SetServoAngle
 .text.PCA9685_Init
                0x08001d04       0x2c ./Core/Src/pca9685.o
                0x08001d04                PCA9685_Init
 .text.ssd1306_Reset
                0x08001d30        0xc ./Core/Src/ssd1306.o
                0x08001d30                ssd1306_Reset
 .text.ssd1306_WriteCommand
                0x08001d3c       0x30 ./Core/Src/ssd1306.o
                0x08001d3c                ssd1306_WriteCommand
 .text.ssd1306_WriteData
                0x08001d6c       0x34 ./Core/Src/ssd1306.o
                0x08001d6c                ssd1306_WriteData
 .text.ssd1306_Init
                0x08001da0       0xd4 ./Core/Src/ssd1306.o
                0x08001da0                ssd1306_Init
 .text.ssd1306_Fill
                0x08001e74       0x30 ./Core/Src/ssd1306.o
                0x08001e74                ssd1306_Fill
 .text.ssd1306_UpdateScreen
                0x08001ea4       0x50 ./Core/Src/ssd1306.o
                0x08001ea4                ssd1306_UpdateScreen
 .text.ssd1306_DrawPixel
                0x08001ef4       0xa4 ./Core/Src/ssd1306.o
                0x08001ef4                ssd1306_DrawPixel
 .text.ssd1306_WriteChar
                0x08001f98      0x124 ./Core/Src/ssd1306.o
                0x08001f98                ssd1306_WriteChar
 .text.ssd1306_WriteString
                0x080020bc       0x4c ./Core/Src/ssd1306.o
                0x080020bc                ssd1306_WriteString
 .text.ssd1306_SetCursor
                0x08002108       0x30 ./Core/Src/ssd1306.o
                0x08002108                ssd1306_SetCursor
 .text.ssd1306_SetContrast
                0x08002138       0x26 ./Core/Src/ssd1306.o
                0x08002138                ssd1306_SetContrast
 *fill*         0x0800215e        0x2 
 .text.ssd1306_SetDisplayOn
                0x08002160       0x3c ./Core/Src/ssd1306.o
                0x08002160                ssd1306_SetDisplayOn
 .text.mensaje_ssd
                0x0800219c       0x42 ./Core/Src/ssd1306.o
                0x0800219c                mensaje_ssd
 *fill*         0x080021de        0x2 
 .text.HAL_MspInit
                0x080021e0       0x64 ./Core/Src/stm32f1xx_hal_msp.o
                0x080021e0                HAL_MspInit
 .text.HAL_ADC_MspInit
                0x08002244       0x78 ./Core/Src/stm32f1xx_hal_msp.o
                0x08002244                HAL_ADC_MspInit
 .text.HAL_I2C_MspInit
                0x080022bc       0xd8 ./Core/Src/stm32f1xx_hal_msp.o
                0x080022bc                HAL_I2C_MspInit
 .text.HAL_SPI_MspInit
                0x08002394       0x94 ./Core/Src/stm32f1xx_hal_msp.o
                0x08002394                HAL_SPI_MspInit
 .text.HAL_TIM_Base_MspInit
                0x08002428       0x3c ./Core/Src/stm32f1xx_hal_msp.o
                0x08002428                HAL_TIM_Base_MspInit
 .text.HAL_UART_MspInit
                0x08002464       0xa8 ./Core/Src/stm32f1xx_hal_msp.o
                0x08002464                HAL_UART_MspInit
 .text.NMI_Handler
                0x0800250c        0x8 ./Core/Src/stm32f1xx_it.o
                0x0800250c                NMI_Handler
 .text.HardFault_Handler
                0x08002514        0x8 ./Core/Src/stm32f1xx_it.o
                0x08002514                HardFault_Handler
 .text.MemManage_Handler
                0x0800251c        0x8 ./Core/Src/stm32f1xx_it.o
                0x0800251c                MemManage_Handler
 .text.BusFault_Handler
                0x08002524        0x8 ./Core/Src/stm32f1xx_it.o
                0x08002524                BusFault_Handler
 .text.UsageFault_Handler
                0x0800252c        0x8 ./Core/Src/stm32f1xx_it.o
                0x0800252c                UsageFault_Handler
 .text.SVC_Handler
                0x08002534        0xc ./Core/Src/stm32f1xx_it.o
                0x08002534                SVC_Handler
 .text.DebugMon_Handler
                0x08002540        0xc ./Core/Src/stm32f1xx_it.o
                0x08002540                DebugMon_Handler
 .text.PendSV_Handler
                0x0800254c        0xc ./Core/Src/stm32f1xx_it.o
                0x0800254c                PendSV_Handler
 .text.SysTick_Handler
                0x08002558        0xc ./Core/Src/stm32f1xx_it.o
                0x08002558                SysTick_Handler
 .text.EXTI0_IRQHandler
                0x08002564        0xe ./Core/Src/stm32f1xx_it.o
                0x08002564                EXTI0_IRQHandler
 .text.EXTI4_IRQHandler
                0x08002572        0xe ./Core/Src/stm32f1xx_it.o
                0x08002572                EXTI4_IRQHandler
 .text.USART1_IRQHandler
                0x08002580       0x14 ./Core/Src/stm32f1xx_it.o
                0x08002580                USART1_IRQHandler
 .text._sbrk    0x08002594       0x6c ./Core/Src/sysmem.o
                0x08002594                _sbrk
 .text.SystemInit
                0x08002600        0xc ./Core/Src/system_stm32f1xx.o
                0x08002600                SystemInit
 .text.Reset_Handler
                0x0800260c       0x48 ./Core/Startup/startup_stm32f103c8tx.o
                0x0800260c                Reset_Handler
 .text.Default_Handler
                0x08002654        0x2 ./Core/Startup/startup_stm32f103c8tx.o
                0x08002654                RTC_Alarm_IRQHandler
                0x08002654                EXTI2_IRQHandler
                0x08002654                TIM1_CC_IRQHandler
                0x08002654                PVD_IRQHandler
                0x08002654                EXTI3_IRQHandler
                0x08002654                I2C2_EV_IRQHandler
                0x08002654                ADC1_2_IRQHandler
                0x08002654                SPI1_IRQHandler
                0x08002654                TAMPER_IRQHandler
                0x08002654                DMA1_Channel4_IRQHandler
                0x08002654                USART3_IRQHandler
                0x08002654                RTC_IRQHandler
                0x08002654                DMA1_Channel7_IRQHandler
                0x08002654                CAN1_RX1_IRQHandler
                0x08002654                TIM4_IRQHandler
                0x08002654                I2C1_EV_IRQHandler
                0x08002654                DMA1_Channel6_IRQHandler
                0x08002654                TIM3_IRQHandler
                0x08002654                RCC_IRQHandler
                0x08002654                TIM1_TRG_COM_IRQHandler
                0x08002654                DMA1_Channel1_IRQHandler
                0x08002654                Default_Handler
                0x08002654                EXTI15_10_IRQHandler
                0x08002654                EXTI9_5_IRQHandler
                0x08002654                SPI2_IRQHandler
                0x08002654                DMA1_Channel5_IRQHandler
                0x08002654                USB_LP_CAN1_RX0_IRQHandler
                0x08002654                USB_HP_CAN1_TX_IRQHandler
                0x08002654                DMA1_Channel3_IRQHandler
                0x08002654                TIM1_UP_IRQHandler
                0x08002654                WWDG_IRQHandler
                0x08002654                TIM2_IRQHandler
                0x08002654                TIM1_BRK_IRQHandler
                0x08002654                EXTI1_IRQHandler
                0x08002654                USART2_IRQHandler
                0x08002654                I2C2_ER_IRQHandler
                0x08002654                DMA1_Channel2_IRQHandler
                0x08002654                CAN1_SCE_IRQHandler
                0x08002654                FLASH_IRQHandler
                0x08002654                I2C1_ER_IRQHandler
                0x08002654                USBWakeUp_IRQHandler
 *fill*         0x08002656        0x2 
 .text.HAL_Init
                0x08002658       0x2c ./Drivers/STM32F1xx_HAL_Driver/Src/stm32f1xx_hal.o
                0x08002658                HAL_Init
 .text.HAL_InitTick
                0x08002684       0x60 ./Drivers/STM32F1xx_HAL_Driver/Src/stm32f1xx_hal.o
                0x08002684                HAL_InitTick
 .text.HAL_IncTick
                0x080026e4       0x24 ./Drivers/STM32F1xx_HAL_Driver/Src/stm32f1xx_hal.o
                0x080026e4                HAL_IncTick
 .text.HAL_GetTick
                0x08002708       0x14 ./Drivers/STM32F1xx_HAL_Driver/Src/stm32f1xx_hal.o
                0x08002708                HAL_GetTick
 .text.HAL_Delay
                0x0800271c       0x48 ./Drivers/STM32F1xx_HAL_Driver/Src/stm32f1xx_hal.o
                0x0800271c                HAL_Delay
 .text.HAL_ADC_Init
                0x08002764      0x1b0 ./Drivers/STM32F1xx_HAL_Driver/Src/stm32f1xx_hal_adc.o
                0x08002764                HAL_ADC_Init
 .text.HAL_ADC_ConfigChannel
                0x08002914      0x1f0 ./Drivers/STM32F1xx_HAL_Driver/Src/stm32f1xx_hal_adc.o
                0x08002914                HAL_ADC_ConfigChannel
 .text.ADC_ConversionStop_Disable
                0x08002b04       0x82 ./Drivers/STM32F1xx_HAL_Driver/Src/stm32f1xx_hal_adc.o
                0x08002b04                ADC_ConversionStop_Disable
 *fill*         0x08002b86        0x2 
 .text.__NVIC_SetPriorityGrouping
                0x08002b88       0x48 ./Drivers/STM32F1xx_HAL_Driver/Src/stm32f1xx_hal_cortex.o
 .text.__NVIC_GetPriorityGrouping
                0x08002bd0       0x1c ./Drivers/STM32F1xx_HAL_Driver/Src/stm32f1xx_hal_cortex.o
 .text.__NVIC_EnableIRQ
                0x08002bec       0x38 ./Drivers/STM32F1xx_HAL_Driver/Src/stm32f1xx_hal_cortex.o
 .text.__NVIC_SetPriority
                0x08002c24       0x54 ./Drivers/STM32F1xx_HAL_Driver/Src/stm32f1xx_hal_cortex.o
 .text.NVIC_EncodePriority
                0x08002c78       0x64 ./Drivers/STM32F1xx_HAL_Driver/Src/stm32f1xx_hal_cortex.o
 .text.SysTick_Config
                0x08002cdc       0x44 ./Drivers/STM32F1xx_HAL_Driver/Src/stm32f1xx_hal_cortex.o
 .text.HAL_NVIC_SetPriorityGrouping
                0x08002d20       0x16 ./Drivers/STM32F1xx_HAL_Driver/Src/stm32f1xx_hal_cortex.o
                0x08002d20                HAL_NVIC_SetPriorityGrouping
 .text.HAL_NVIC_SetPriority
                0x08002d36       0x38 ./Drivers/STM32F1xx_HAL_Driver/Src/stm32f1xx_hal_cortex.o
                0x08002d36                HAL_NVIC_SetPriority
 .text.HAL_NVIC_EnableIRQ
                0x08002d6e       0x1c ./Drivers/STM32F1xx_HAL_Driver/Src/stm32f1xx_hal_cortex.o
                0x08002d6e                HAL_NVIC_EnableIRQ
 .text.HAL_SYSTICK_Config
                0x08002d8a       0x18 ./Drivers/STM32F1xx_HAL_Driver/Src/stm32f1xx_hal_cortex.o
                0x08002d8a                HAL_SYSTICK_Config
 .text.HAL_DMA_Abort
                0x08002da2       0x76 ./Drivers/STM32F1xx_HAL_Driver/Src/stm32f1xx_hal_dma.o
                0x08002da2                HAL_DMA_Abort
 .text.HAL_DMA_Abort_IT
                0x08002e18       0xf0 ./Drivers/STM32F1xx_HAL_Driver/Src/stm32f1xx_hal_dma.o
                0x08002e18                HAL_DMA_Abort_IT
 .text.HAL_GPIO_Init
                0x08002f08      0x308 ./Drivers/STM32F1xx_HAL_Driver/Src/stm32f1xx_hal_gpio.o
                0x08002f08                HAL_GPIO_Init
 .text.HAL_GPIO_WritePin
                0x08003210       0x30 ./Drivers/STM32F1xx_HAL_Driver/Src/stm32f1xx_hal_gpio.o
                0x08003210                HAL_GPIO_WritePin
 .text.HAL_GPIO_TogglePin
                0x08003240       0x32 ./Drivers/STM32F1xx_HAL_Driver/Src/stm32f1xx_hal_gpio.o
                0x08003240                HAL_GPIO_TogglePin
 *fill*         0x08003272        0x2 
 .text.HAL_GPIO_EXTI_IRQHandler
                0x08003274       0x30 ./Drivers/STM32F1xx_HAL_Driver/Src/stm32f1xx_hal_gpio.o
                0x08003274                HAL_GPIO_EXTI_IRQHandler
 .text.HAL_I2C_Init
                0x080032a4      0x288 ./Drivers/STM32F1xx_HAL_Driver/Src/stm32f1xx_hal_i2c.o
                0x080032a4                HAL_I2C_Init
 .text.HAL_I2C_Master_Transmit
                0x0800352c      0x1fc ./Drivers/STM32F1xx_HAL_Driver/Src/stm32f1xx_hal_i2c.o
                0x0800352c                HAL_I2C_Master_Transmit
 .text.HAL_I2C_Mem_Write
                0x08003728      0x1f4 ./Drivers/STM32F1xx_HAL_Driver/Src/stm32f1xx_hal_i2c.o
                0x08003728                HAL_I2C_Mem_Write
 .text.HAL_I2C_Mem_Read
                0x0800391c      0x4e8 ./Drivers/STM32F1xx_HAL_Driver/Src/stm32f1xx_hal_i2c.o
                0x0800391c                HAL_I2C_Mem_Read
 .text.I2C_MasterRequestWrite
                0x08003e04      0x104 ./Drivers/STM32F1xx_HAL_Driver/Src/stm32f1xx_hal_i2c.o
 .text.I2C_RequestMemoryWrite
                0x08003f08      0x12c ./Drivers/STM32F1xx_HAL_Driver/Src/stm32f1xx_hal_i2c.o
 .text.I2C_RequestMemoryRead
                0x08004034      0x1d0 ./Drivers/STM32F1xx_HAL_Driver/Src/stm32f1xx_hal_i2c.o
 .text.I2C_WaitOnFlagUntilTimeout
                0x08004204       0xf4 ./Drivers/STM32F1xx_HAL_Driver/Src/stm32f1xx_hal_i2c.o
 .text.I2C_WaitOnMasterAddressFlagUntilTimeout
                0x080042f8      0x140 ./Drivers/STM32F1xx_HAL_Driver/Src/stm32f1xx_hal_i2c.o
 .text.I2C_WaitOnTXEFlagUntilTimeout
                0x08004438       0x90 ./Drivers/STM32F1xx_HAL_Driver/Src/stm32f1xx_hal_i2c.o
 .text.I2C_WaitOnBTFFlagUntilTimeout
                0x080044c8       0x90 ./Drivers/STM32F1xx_HAL_Driver/Src/stm32f1xx_hal_i2c.o
 .text.I2C_WaitOnRXNEFlagUntilTimeout
                0x08004558       0xba ./Drivers/STM32F1xx_HAL_Driver/Src/stm32f1xx_hal_i2c.o
 .text.I2C_IsAcknowledgeFailed
                0x08004612       0x5c ./Drivers/STM32F1xx_HAL_Driver/Src/stm32f1xx_hal_i2c.o
 *fill*         0x0800466e        0x2 
 .text.HAL_RCC_OscConfig
                0x08004670      0x504 ./Drivers/STM32F1xx_HAL_Driver/Src/stm32f1xx_hal_rcc.o
                0x08004670                HAL_RCC_OscConfig
 .text.HAL_RCC_ClockConfig
                0x08004b74      0x1d4 ./Drivers/STM32F1xx_HAL_Driver/Src/stm32f1xx_hal_rcc.o
                0x08004b74                HAL_RCC_ClockConfig
 .text.HAL_RCC_GetSysClockFreq
                0x08004d48       0xa8 ./Drivers/STM32F1xx_HAL_Driver/Src/stm32f1xx_hal_rcc.o
                0x08004d48                HAL_RCC_GetSysClockFreq
 .text.HAL_RCC_GetHCLKFreq
                0x08004df0       0x14 ./Drivers/STM32F1xx_HAL_Driver/Src/stm32f1xx_hal_rcc.o
                0x08004df0                HAL_RCC_GetHCLKFreq
 .text.HAL_RCC_GetPCLK1Freq
                0x08004e04       0x28 ./Drivers/STM32F1xx_HAL_Driver/Src/stm32f1xx_hal_rcc.o
                0x08004e04                HAL_RCC_GetPCLK1Freq
 .text.HAL_RCC_GetPCLK2Freq
                0x08004e2c       0x28 ./Drivers/STM32F1xx_HAL_Driver/Src/stm32f1xx_hal_rcc.o
                0x08004e2c                HAL_RCC_GetPCLK2Freq
 .text.RCC_Delay
                0x08004e54       0x3c ./Drivers/STM32F1xx_HAL_Driver/Src/stm32f1xx_hal_rcc.o
 .text.HAL_RCCEx_PeriphCLKConfig
                0x08004e90      0x16c ./Drivers/STM32F1xx_HAL_Driver/Src/stm32f1xx_hal_rcc_ex.o
                0x08004e90                HAL_RCCEx_PeriphCLKConfig
 .text.HAL_SPI_Init
                0x08004ffc      0x108 ./Drivers/STM32F1xx_HAL_Driver/Src/stm32f1xx_hal_spi.o
                0x08004ffc                HAL_SPI_Init
 .text.HAL_SPI_Transmit
                0x08005104      0x288 ./Drivers/STM32F1xx_HAL_Driver/Src/stm32f1xx_hal_spi.o
                0x08005104                HAL_SPI_Transmit
 .text.HAL_SPI_TransmitReceive
                0x0800538c      0x352 ./Drivers/STM32F1xx_HAL_Driver/Src/stm32f1xx_hal_spi.o
                0x0800538c                HAL_SPI_TransmitReceive
 *fill*         0x080056de        0x2 
 .text.SPI_WaitFlagStateUntilTimeout
                0x080056e0      0x110 ./Drivers/STM32F1xx_HAL_Driver/Src/stm32f1xx_hal_spi.o
 .text.SPI_EndRxTxTransaction
                0x080057f0       0x62 ./Drivers/STM32F1xx_HAL_Driver/Src/stm32f1xx_hal_spi.o
 .text.HAL_TIM_Base_Init
                0x08005852       0x9e ./Drivers/STM32F1xx_HAL_Driver/Src/stm32f1xx_hal_tim.o
                0x08005852                HAL_TIM_Base_Init
 .text.HAL_TIM_Base_Start
                0x080058f0       0x94 ./Drivers/STM32F1xx_HAL_Driver/Src/stm32f1xx_hal_tim.o
                0x080058f0                HAL_TIM_Base_Start
 .text.HAL_TIM_ConfigClockSource
                0x08005984      0x18e ./Drivers/STM32F1xx_HAL_Driver/Src/stm32f1xx_hal_tim.o
                0x08005984                HAL_TIM_ConfigClockSource
 *fill*         0x08005b12        0x2 
 .text.TIM_Base_SetConfig
                0x08005b14       0xdc ./Drivers/STM32F1xx_HAL_Driver/Src/stm32f1xx_hal_tim.o
                0x08005b14                TIM_Base_SetConfig
 .text.TIM_TI1_ConfigInputStage
                0x08005bf0       0x5c ./Drivers/STM32F1xx_HAL_Driver/Src/stm32f1xx_hal_tim.o
 .text.TIM_TI2_ConfigInputStage
                0x08005c4c       0x5e ./Drivers/STM32F1xx_HAL_Driver/Src/stm32f1xx_hal_tim.o
 .text.TIM_ITRx_SetConfig
                0x08005caa       0x34 ./Drivers/STM32F1xx_HAL_Driver/Src/stm32f1xx_hal_tim.o
 .text.TIM_ETR_SetConfig
                0x08005cde       0x3e ./Drivers/STM32F1xx_HAL_Driver/Src/stm32f1xx_hal_tim.o
                0x08005cde                TIM_ETR_SetConfig
 .text.HAL_TIMEx_MasterConfigSynchronization
                0x08005d1c       0xbc ./Drivers/STM32F1xx_HAL_Driver/Src/stm32f1xx_hal_tim_ex.o
                0x08005d1c                HAL_TIMEx_MasterConfigSynchronization
 .text.HAL_UART_Init
                0x08005dd8       0xa0 ./Drivers/STM32F1xx_HAL_Driver/Src/stm32f1xx_hal_uart.o
                0x08005dd8                HAL_UART_Init
 .text.HAL_UART_IRQHandler
                0x08005e78      0x524 ./Drivers/STM32F1xx_HAL_Driver/Src/stm32f1xx_hal_uart.o
                0x08005e78                HAL_UART_IRQHandler
 .text.HAL_UART_TxCpltCallback
                0x0800639c       0x12 ./Drivers/STM32F1xx_HAL_Driver/Src/stm32f1xx_hal_uart.o
                0x0800639c                HAL_UART_TxCpltCallback
 .text.HAL_UART_RxCpltCallback
                0x080063ae       0x12 ./Drivers/STM32F1xx_HAL_Driver/Src/stm32f1xx_hal_uart.o
                0x080063ae                HAL_UART_RxCpltCallback
 .text.HAL_UART_ErrorCallback
                0x080063c0       0x12 ./Drivers/STM32F1xx_HAL_Driver/Src/stm32f1xx_hal_uart.o
                0x080063c0                HAL_UART_ErrorCallback
 .text.HAL_UARTEx_RxEventCallback
                0x080063d2       0x16 ./Drivers/STM32F1xx_HAL_Driver/Src/stm32f1xx_hal_uart.o
                0x080063d2                HAL_UARTEx_RxEventCallback
 .text.UART_EndRxTransfer
                0x080063e8       0xc4 ./Drivers/STM32F1xx_HAL_Driver/Src/stm32f1xx_hal_uart.o
 .text.UART_DMAAbortOnError
                0x080064ac       0x28 ./Drivers/STM32F1xx_HAL_Driver/Src/stm32f1xx_hal_uart.o
 .text.UART_Transmit_IT
                0x080064d4       0x9e ./Drivers/STM32F1xx_HAL_Driver/Src/stm32f1xx_hal_uart.o
 .text.UART_EndTransmit_IT
                0x08006572       0x30 ./Drivers/STM32F1xx_HAL_Driver/Src/stm32f1xx_hal_uart.o
 .text.UART_Receive_IT
                0x080065a2      0x17c ./Drivers/STM32F1xx_HAL_Driver/Src/stm32f1xx_hal_uart.o
 *fill*         0x0800671e        0x2 
 .text.UART_SetConfig
                0x08006720      0x11c ./Drivers/STM32F1xx_HAL_Driver/Src/stm32f1xx_hal_uart.o
 .text.csn_high
                0x0800683c       0x18 ./Drivers/nrf24/NRF24.o
                0x0800683c                csn_high
 .text.csn_low  0x08006854       0x18 ./Drivers/nrf24/NRF24.o
                0x08006854                csn_low
 .text.ce_high  0x0800686c       0x18 ./Drivers/nrf24/NRF24.o
                0x0800686c                ce_high
 .text.ce_low   0x08006884       0x18 ./Drivers/nrf24/NRF24.o
                0x08006884                ce_low
 .text.nrf24_w_reg
                0x0800689c       0x50 ./Drivers/nrf24/NRF24.o
                0x0800689c                nrf24_w_reg
 .text.nrf24_r_reg
                0x080068ec       0x58 ./Drivers/nrf24/NRF24.o
                0x080068ec                nrf24_r_reg
 .text.nrf24_w_spec_cmd
                0x08006944       0x24 ./Drivers/nrf24/NRF24.o
                0x08006944                nrf24_w_spec_cmd
 .text.nrf24_pwr_up
                0x08006968       0x34 ./Drivers/nrf24/NRF24.o
                0x08006968                nrf24_pwr_up
 .text.nrf24_tx_pwr
                0x0800699c       0x4e ./Drivers/nrf24/NRF24.o
                0x0800699c                nrf24_tx_pwr
 .text.nrf24_data_rate
                0x080069ea       0x5c ./Drivers/nrf24/NRF24.o
                0x080069ea                nrf24_data_rate
 .text.nrf24_set_channel
                0x08006a46       0x1e ./Drivers/nrf24/NRF24.o
                0x08006a46                nrf24_set_channel
 .text.nrf24_open_tx_pipe
                0x08006a64       0x1a ./Drivers/nrf24/NRF24.o
                0x08006a64                nrf24_open_tx_pipe
 *fill*         0x08006a7e        0x2 
 .text.nrf24_pipe_pld_size
                0x08006a80       0x9c ./Drivers/nrf24/NRF24.o
                0x08006a80                nrf24_pipe_pld_size
 .text.nrf24_open_rx_pipe
                0x08006b1c       0xdc ./Drivers/nrf24/NRF24.o
                0x08006b1c                nrf24_open_rx_pipe
 .text.nrf24_set_crc
                0x08006bf8       0x5c ./Drivers/nrf24/NRF24.o
                0x08006bf8                nrf24_set_crc
 .text.nrf24_set_addr_width
                0x08006c54       0x26 ./Drivers/nrf24/NRF24.o
                0x08006c54                nrf24_set_addr_width
 .text.nrf24_flush_tx
                0x08006c7a       0x16 ./Drivers/nrf24/NRF24.o
                0x08006c7a                nrf24_flush_tx
 .text.nrf24_flush_rx
                0x08006c90       0x16 ./Drivers/nrf24/NRF24.o
                0x08006c90                nrf24_flush_rx
 *fill*         0x08006ca6        0x2 
 .text.nrf24_r_status
                0x08006ca8       0x38 ./Drivers/nrf24/NRF24.o
                0x08006ca8                nrf24_r_status
 .text.nrf24_clear_rx_dr
                0x08006ce0       0x30 ./Drivers/nrf24/NRF24.o
                0x08006ce0                nrf24_clear_rx_dr
 .text.nrf24_clear_tx_ds
                0x08006d10       0x30 ./Drivers/nrf24/NRF24.o
                0x08006d10                nrf24_clear_tx_ds
 .text.nrf24_clear_max_rt
                0x08006d40       0x30 ./Drivers/nrf24/NRF24.o
                0x08006d40                nrf24_clear_max_rt
 .text.nrf24_listen
                0x08006d70       0x38 ./Drivers/nrf24/NRF24.o
                0x08006d70                nrf24_listen
 .text.nrf24_dpl
                0x08006da8       0x48 ./Drivers/nrf24/NRF24.o
                0x08006da8                nrf24_dpl
 .text.nrf24_set_rx_dpl
                0x08006df0       0x74 ./Drivers/nrf24/NRF24.o
                0x08006df0                nrf24_set_rx_dpl
 .text.nrf24_auto_ack_all
                0x08006e64       0x3c ./Drivers/nrf24/NRF24.o
                0x08006e64                nrf24_auto_ack_all
 .text.nrf24_en_ack_pld
                0x08006ea0       0x48 ./Drivers/nrf24/NRF24.o
                0x08006ea0                nrf24_en_ack_pld
 .text.nrf24_en_dyn_ack
                0x08006ee8       0x48 ./Drivers/nrf24/NRF24.o
                0x08006ee8                nrf24_en_dyn_ack
 .text.nrf24_auto_retr_delay
                0x08006f30       0x4a ./Drivers/nrf24/NRF24.o
                0x08006f30                nrf24_auto_retr_delay
 .text.nrf24_auto_retr_limit
                0x08006f7a       0x40 ./Drivers/nrf24/NRF24.o
                0x08006f7a                nrf24_auto_retr_limit
 *fill*         0x08006fba        0x2 
 .text.nrf24_receive
                0x08006fbc       0x68 ./Drivers/nrf24/NRF24.o
                0x08006fbc                nrf24_receive
 .text.nrf24_init
                0x08007024       0x34 ./Drivers/nrf24/NRF24.o
                0x08007024                nrf24_init
 .text.sprintf  0x08007058       0x44 D:/ST/STM32CubeIDE_2.1.0/STM32CubeIDE/plugins/com.st.stm32cube.ide.mcu.externaltools.gnu-tools-for-stm32.14.3.rel1.win32_1.0.100.202602081740/tools/bin/../lib/gcc/arm-none-eabi/14.3.1/../../../../arm-none-eabi/lib/thumb/v7-m/nofp\libc_nano.a(libc_a-sprintf.o)
                0x08007058                siprintf
                0x08007058                sprintf
 .text.memmove  0x0800709c       0x32 D:/ST/STM32CubeIDE_2.1.0/STM32CubeIDE/plugins/com.st.stm32cube.ide.mcu.externaltools.gnu-tools-for-stm32.14.3.rel1.win32_1.0.100.202602081740/tools/bin/../lib/gcc/arm-none-eabi/14.3.1/../../../../arm-none-eabi/lib/thumb/v7-m/nofp\libc_nano.a(libc_a-memmove.o)
                0x0800709c                memmove
 .text.memset   0x080070ce       0x10 D:/ST/STM32CubeIDE_2.1.0/STM32CubeIDE/plugins/com.st.stm32cube.ide.mcu.externaltools.gnu-tools-for-stm32.14.3.rel1.win32_1.0.100.202602081740/tools/bin/../lib/gcc/arm-none-eabi/14.3.1/../../../../arm-none-eabi/lib/thumb/v7-m/nofp\libc_nano.a(libc_a-memset.o)
                0x080070ce                memset
 *fill*         0x080070de        0x2 
 .text.__errno  0x080070e0        0xc D:/ST/STM32CubeIDE_2.1.0/STM32CubeIDE/plugins/com.st.stm32cube.ide.mcu.externaltools.gnu-tools-for-stm32.14.3.rel1.win32_1.0.100.202602081740/tools/bin/../lib/gcc/arm-none-eabi/14.3.1/../../../../arm-none-eabi/lib/thumb/v7-m/nofp\libc_nano.a(libc_a-errno.o)
                0x080070e0                __errno
 .text.__libc_init_array
                0x080070ec       0x48 D:/ST/STM32CubeIDE_2.1.0/STM32CubeIDE/plugins/com.st.stm32cube.ide.mcu.externaltools.gnu-tools-for-stm32.14.3.rel1.win32_1.0.100.202602081740/tools/bin/../lib/gcc/arm-none-eabi/14.3.1/../../../../arm-none-eabi/lib/thumb/v7-m/nofp\libc_nano.a(libc_a-init.o)
                0x080070ec                __libc_init_array
 .text.__retarget_lock_acquire_recursive
                0x08007134        0x2 D:/ST/STM32CubeIDE_2.1.0/STM32CubeIDE/plugins/com.st.stm32cube.ide.mcu.externaltools.gnu-tools-for-stm32.14.3.rel1.win32_1.0.100.202602081740/tools/bin/../lib/gcc/arm-none-eabi/14.3.1/../../../../arm-none-eabi/lib/thumb/v7-m/nofp\libc_nano.a(libc_a-lock.o)
                0x08007134                __retarget_lock_acquire_recursive
 .text.__retarget_lock_release_recursive
                0x08007136        0x2 D:/ST/STM32CubeIDE_2.1.0/STM32CubeIDE/plugins/com.st.stm32cube.ide.mcu.externaltools.gnu-tools-for-stm32.14.3.rel1.win32_1.0.100.202602081740/tools/bin/../lib/gcc/arm-none-eabi/14.3.1/../../../../arm-none-eabi/lib/thumb/v7-m/nofp\libc_nano.a(libc_a-lock.o)
                0x08007136                __retarget_lock_release_recursive
 .text.memcpy   0x08007138       0x1c D:/ST/STM32CubeIDE_2.1.0/STM32CubeIDE/plugins/com.st.stm32cube.ide.mcu.externaltools.gnu-tools-for-stm32.14.3.rel1.win32_1.0.100.202602081740/tools/bin/../lib/gcc/arm-none-eabi/14.3.1/../../../../arm-none-eabi/lib/thumb/v7-m/nofp\libc_nano.a(libc_a-memcpy-stub.o)
                0x08007138                memcpy
 .text._free_r  0x08007154       0x90 D:/ST/STM32CubeIDE_2.1.0/STM32CubeIDE/plugins/com.st.stm32cube.ide.mcu.externaltools.gnu-tools-for-stm32.14.3.rel1.win32_1.0.100.202602081740/tools/bin/../lib/gcc/arm-none-eabi/14.3.1/../../../../arm-none-eabi/lib/thumb/v7-m/nofp\libc_nano.a(libc_a-freer.o)
                0x08007154                _free_r
 .text.sbrk_aligned
                0x080071e4       0x44 D:/ST/STM32CubeIDE_2.1.0/STM32CubeIDE/plugins/com.st.stm32cube.ide.mcu.externaltools.gnu-tools-for-stm32.14.3.rel1.win32_1.0.100.202602081740/tools/bin/../lib/gcc/arm-none-eabi/14.3.1/../../../../arm-none-eabi/lib/thumb/v7-m/nofp\libc_nano.a(libc_a-mallocr.o)
 .text._malloc_r
                0x08007228      0x100 D:/ST/STM32CubeIDE_2.1.0/STM32CubeIDE/plugins/com.st.stm32cube.ide.mcu.externaltools.gnu-tools-for-stm32.14.3.rel1.win32_1.0.100.202602081740/tools/bin/../lib/gcc/arm-none-eabi/14.3.1/../../../../arm-none-eabi/lib/thumb/v7-m/nofp\libc_nano.a(libc_a-mallocr.o)
                0x08007228                _malloc_r
 .text.__malloc_lock
                0x08007328        0xc D:/ST/STM32CubeIDE_2.1.0/STM32CubeIDE/plugins/com.st.stm32cube.ide.mcu.externaltools.gnu-tools-for-stm32.14.3.rel1.win32_1.0.100.202602081740/tools/bin/../lib/gcc/arm-none-eabi/14.3.1/../../../../arm-none-eabi/lib/thumb/v7-m/nofp\libc_nano.a(libc_a-mlock.o)
                0x08007328                __malloc_lock
 .text.__malloc_unlock
                0x08007334        0xc D:/ST/STM32CubeIDE_2.1.0/STM32CubeIDE/plugins/com.st.stm32cube.ide.mcu.externaltools.gnu-tools-for-stm32.14.3.rel1.win32_1.0.100.202602081740/tools/bin/../lib/gcc/arm-none-eabi/14.3.1/../../../../arm-none-eabi/lib/thumb/v7-m/nofp\libc_nano.a(libc_a-mlock.o)
                0x08007334                __malloc_unlock
 .text.__ssputs_r
                0x08007340       0xc0 D:/ST/STM32CubeIDE_2.1.0/STM32CubeIDE/plugins/com.st.stm32cube.ide.mcu.externaltools.gnu-tools-for-stm32.14.3.rel1.win32_1.0.100.202602081740/tools/bin/../lib/gcc/arm-none-eabi/14.3.1/../../../../arm-none-eabi/lib/thumb/v7-m/nofp\libc_nano.a(libc_a-nano-svfprintf.o)
                0x08007340                __ssputs_r
 .text._svfprintf_r
                0x08007400      0x1f0 D:/ST/STM32CubeIDE_2.1.0/STM32CubeIDE/plugins/com.st.stm32cube.ide.mcu.externaltools.gnu-tools-for-stm32.14.3.rel1.win32_1.0.100.202602081740/tools/bin/../lib/gcc/arm-none-eabi/14.3.1/../../../../arm-none-eabi/lib/thumb/v7-m/nofp\libc_nano.a(libc_a-nano-svfprintf.o)
                0x08007400                _svfiprintf_r
                0x08007400                _svfprintf_r
 .text._printf_common
                0x080075f0       0xe4 D:/ST/STM32CubeIDE_2.1.0/STM32CubeIDE/plugins/com.st.stm32cube.ide.mcu.externaltools.gnu-tools-for-stm32.14.3.rel1.win32_1.0.100.202602081740/tools/bin/../lib/gcc/arm-none-eabi/14.3.1/../../../../arm-none-eabi/lib/thumb/v7-m/nofp\libc_nano.a(libc_a-nano-vfprintf_i.o)
                0x080075f0                _printf_common
 .text._printf_i
                0x080076d4      0x24c D:/ST/STM32CubeIDE_2.1.0/STM32CubeIDE/plugins/com.st.stm32cube.ide.mcu.externaltools.gnu-tools-for-stm32.14.3.rel1.win32_1.0.100.202602081740/tools/bin/../lib/gcc/arm-none-eabi/14.3.1/../../../../arm-none-eabi/lib/thumb/v7-m/nofp\libc_nano.a(libc_a-nano-vfprintf_i.o)
                0x080076d4                _printf_i
 .text._sbrk_r  0x08007920       0x20 D:/ST/STM32CubeIDE_2.1.0/STM32CubeIDE/plugins/com.st.stm32cube.ide.mcu.externaltools.gnu-tools-for-stm32.14.3.rel1.win32_1.0.100.202602081740/tools/bin/../lib/gcc/arm-none-eabi/14.3.1/../../../../arm-none-eabi/lib/thumb/v7-m/nofp\libc_nano.a(libc_a-sbrkr.o)
                0x08007920                _sbrk_r
 .text.memchr   0x08007940       0x1c D:/ST/STM32CubeIDE_2.1.0/STM32CubeIDE/plugins/com.st.stm32cube.ide.mcu.externaltools.gnu-tools-for-stm32.14.3.rel1.win32_1.0.100.202602081740/tools/bin/../lib/gcc/arm-none-eabi/14.3.1/../../../../arm-none-eabi/lib/thumb/v7-m/nofp\libc_nano.a(libc_a-memchr-stub.o)
                0x08007940                memchr
 .text._realloc_r
                0x0800795c       0x5c D:/ST/STM32CubeIDE_2.1.0/STM32CubeIDE/plugins/com.st.stm32cube.ide.mcu.externaltools.gnu-tools-for-stm32.14.3.rel1.win32_1.0.100.202602081740/tools/bin/../lib/gcc/arm-none-eabi/14.3.1/../../../../arm-none-eabi/lib/thumb/v7-m/nofp\libc_nano.a(libc_a-reallocr.o)
                0x0800795c                _realloc_r
 .text._malloc_usable_size_r
                0x080079b8       0x10 D:/ST/STM32CubeIDE_2.1.0/STM32CubeIDE/plugins/com.st.stm32cube.ide.mcu.externaltools.gnu-tools-for-stm32.14.3.rel1.win32_1.0.100.202602081740/tools/bin/../lib/gcc/arm-none-eabi/14.3.1/../../../../arm-none-eabi/lib/thumb/v7-m/nofp\libc_nano.a(libc_a-msizer.o)
                0x080079b8                _malloc_usable_size_r
 .text.floor    0x080079c8      0x108 D:/ST/STM32CubeIDE_2.1.0/STM32CubeIDE/plugins/com.st.stm32cube.ide.mcu.externaltools.gnu-tools-for-stm32.14.3.rel1.win32_1.0.100.202602081740/tools/bin/../lib/gcc/arm-none-eabi/14.3.1/../../../../arm-none-eabi/lib/thumb/v7-m/nofp\libm.a(libm_a-s_floor.o)
                0x080079c8                floor
 *(.glue_7)
 .glue_7        0x08007ad0        0x0 linker stubs
 *(.glue_7t)
 .glue_7t       0x08007ad0        0x0 linker stubs
 *(.eh_frame)
 .eh_frame      0x08007ad0        0x0 D:/ST/STM32CubeIDE_2.1.0/STM32CubeIDE/plugins/com.st.stm32cube.ide.mcu.externaltools.gnu-tools-for-stm32.14.3.rel1.win32_1.0.100.202602081740/tools/bin/../lib/gcc/arm-none-eabi/14.3.1/thumb/v7-m/nofp/crtbegin.o
 *(.init)
 .init          0x08007ad0        0x4 D:/ST/STM32CubeIDE_2.1.0/STM32CubeIDE/plugins/com.st.stm32cube.ide.mcu.externaltools.gnu-tools-for-stm32.14.3.rel1.win32_1.0.100.202602081740/tools/bin/../lib/gcc/arm-none-eabi/14.3.1/thumb/v7-m/nofp/crti.o
                0x08007ad0                _init
 .init          0x08007ad4        0x8 D:/ST/STM32CubeIDE_2.1.0/STM32CubeIDE/plugins/com.st.stm32cube.ide.mcu.externaltools.gnu-tools-for-stm32.14.3.rel1.win32_1.0.100.202602081740/tools/bin/../lib/gcc/arm-none-eabi/14.3.1/thumb/v7-m/nofp/crtn.o
 *(.fini)
 .fini          0x08007adc        0x4 D:/ST/STM32CubeIDE_2.1.0/STM32CubeIDE/plugins/com.st.stm32cube.ide.mcu.externaltools.gnu-tools-for-stm32.14.3.rel1.win32_1.0.100.202602081740/tools/bin/../lib/gcc/arm-none-eabi/14.3.1/thumb/v7-m/nofp/crti.o
                0x08007adc                _fini
 .fini          0x08007ae0        0x8 D:/ST/STM32CubeIDE_2.1.0/STM32CubeIDE/plugins/com.st.stm32cube.ide.mcu.externaltools.gnu-tools-for-stm32.14.3.rel1.win32_1.0.100.202602081740/tools/bin/../lib/gcc/arm-none-eabi/14.3.1/thumb/v7-m/nofp/crtn.o
                0x08007ae8                        . = ALIGN (0x4)
                0x08007ae8                        _etext = .

.vfp11_veneer   0x08007ae8        0x0
 .vfp11_veneer  0x08007ae8        0x0 linker stubs

.v4_bx          0x08007ae8        0x0
 .v4_bx         0x08007ae8        0x0 linker stubs

.iplt           0x08007ae8        0x0
 .iplt          0x08007ae8        0x0 D:/ST/STM32CubeIDE_2.1.0/STM32CubeIDE/plugins/com.st.stm32cube.ide.mcu.externaltools.gnu-tools-for-stm32.14.3.rel1.win32_1.0.100.202602081740/tools/bin/../lib/gcc/arm-none-eabi/14.3.1/thumb/v7-m/nofp/crtbegin.o

.rodata         0x08007ae8      0x6f4
                0x08007ae8                        . = ALIGN (0x4)
 *(.rodata)
 .rodata        0x08007ae8       0x97 ./Core/Src/main.o
 *(.rodata*)
 *fill*         0x08007b7f        0x1 
 .rodata.Font6x8
                0x08007b80      0x5f0 ./Core/Src/ssd1306_fonts.o
 .rodata.Font_6x8
                0x08008170        0xc ./Core/Src/ssd1306_fonts.o
                0x08008170                Font_6x8
 .rodata.AHBPrescTable
                0x0800817c       0x10 ./Core/Src/system_stm32f1xx.o
                0x0800817c                AHBPrescTable
 .rodata.APBPrescTable
                0x0800818c        0x8 ./Core/Src/system_stm32f1xx.o
                0x0800818c                APBPrescTable
 .rodata.aPLLMULFactorTable.1
                0x08008194       0x10 ./Drivers/STM32F1xx_HAL_Driver/Src/stm32f1xx_hal_rcc.o
 .rodata.aPredivFactorTable.0
                0x080081a4        0x2 ./Drivers/STM32F1xx_HAL_Driver/Src/stm32f1xx_hal_rcc.o
 .rodata._svfprintf_r.str1.1
                0x080081a6       0x33 D:/ST/STM32CubeIDE_2.1.0/STM32CubeIDE/plugins/com.st.stm32cube.ide.mcu.externaltools.gnu-tools-for-stm32.14.3.rel1.win32_1.0.100.202602081740/tools/bin/../lib/gcc/arm-none-eabi/14.3.1/../../../../arm-none-eabi/lib/thumb/v7-m/nofp\libc_nano.a(libc_a-nano-svfprintf.o)
                                 0x11 (size before relaxing)
 .rodata._printf_i.str1.1
                0x080081d9       0x22 D:/ST/STM32CubeIDE_2.1.0/STM32CubeIDE/plugins/com.st.stm32cube.ide.mcu.externaltools.gnu-tools-for-stm32.14.3.rel1.win32_1.0.100.202602081740/tools/bin/../lib/gcc/arm-none-eabi/14.3.1/../../../../arm-none-eabi/lib/thumb/v7-m/nofp\libc_nano.a(libc_a-nano-vfprintf_i.o)
                0x080081fc                        . = ALIGN (0x4)
 *fill*         0x080081d9        0x3 

.ARM.extab      0x080081dc        0x0
                0x080081dc                        . = ALIGN (0x4)
 *(.ARM.extab* .gnu.linkonce.armextab.*)
                0x080081dc                        . = ALIGN (0x4)

.ARM            0x080081dc        0x0
                0x080081dc                        . = ALIGN (0x4)
                0x080081dc                        __exidx_start = .
 *(.ARM.exidx*)
                0x080081dc                        __exidx_end = .
                0x080081dc                        . = ALIGN (0x4)

.preinit_array  0x080081dc        0x0
                0x080081dc                        . = ALIGN (0x4)
                0x080081dc                        PROVIDE (__preinit_array_start = .)
 *(.preinit_array*)
                0x080081dc                        PROVIDE (__preinit_array_end = .)
                0x080081dc                        . = ALIGN (0x4)

.init_array     0x080081dc        0x4
                0x080081dc                        . = ALIGN (0x4)
                0x080081dc                        PROVIDE (__init_array_start = .)
 *(SORT_BY_NAME(.init_array.*))
 *(.init_array*)
 .init_array    0x080081dc        0x4 D:/ST/STM32CubeIDE_2.1.0/STM32CubeIDE/plugins/com.st.stm32cube.ide.mcu.externaltools.gnu-tools-for-stm32.14.3.rel1.win32_1.0.100.202602081740/tools/bin/../lib/gcc/arm-none-eabi/14.3.1/thumb/v7-m/nofp/crtbegin.o
                0x080081e0                        PROVIDE (__init_array_end = .)
                0x080081e0                        . = ALIGN (0x4)

.fini_array     0x080081e0        0x4
                0x080081e0                        . = ALIGN (0x4)
                [!provide]                        PROVIDE (__fini_array_start = .)
 *(SORT_BY_NAME(.fini_array.*))
 *(.fini_array*)
 .fini_array    0x080081e0        0x4 D:/ST/STM32CubeIDE_2.1.0/STM32CubeIDE/plugins/com.st.stm32cube.ide.mcu.externaltools.gnu-tools-for-stm32.14.3.rel1.win32_1.0.100.202602081740/tools/bin/../lib/gcc/arm-none-eabi/14.3.1/thumb/v7-m/nofp/crtbegin.o
                [!provide]                        PROVIDE (__fini_array_end = .)
                0x080081e4                        . = ALIGN (0x4)
                0x080081e4                        _sidata = LOADADDR (.data)

.rel.dyn        0x080081e4        0x0
 .rel.iplt      0x080081e4        0x0 D:/ST/STM32CubeIDE_2.1.0/STM32CubeIDE/plugins/com.st.stm32cube.ide.mcu.externaltools.gnu-tools-for-stm32.14.3.rel1.win32_1.0.100.202602081740/tools/bin/../lib/gcc/arm-none-eabi/14.3.1/thumb/v7-m/nofp/crtbegin.o

.data           0x20000000       0x64 load address 0x080081e4
                0x20000000                        . = ALIGN (0x4)
                0x20000000                        _sdata = .
 *(.data)
 *(.data*)
 .data.addr     0x20000000        0x5 ./Core/Src/main.o
                0x20000000                addr
 *fill*         0x20000005        0x3 
 .data.SystemCoreClock
                0x20000008        0x4 ./Core/Src/system_stm32f1xx.o
                0x20000008                SystemCoreClock
 .data.uwTickPrio
                0x2000000c        0x4 ./Drivers/STM32F1xx_HAL_Driver/Src/stm32f1xx_hal.o
                0x2000000c                uwTickPrio
 .data.uwTickFreq
                0x20000010        0x1 ./Drivers/STM32F1xx_HAL_Driver/Src/stm32f1xx_hal.o
                0x20000010                uwTickFreq
 *fill*         0x20000011        0x3 
 .data._impure_ptr
                0x20000014        0x4 D:/ST/STM32CubeIDE_2.1.0/STM32CubeIDE/plugins/com.st.stm32cube.ide.mcu.externaltools.gnu-tools-for-stm32.14.3.rel1.win32_1.0.100.202602081740/tools/bin/../lib/gcc/arm-none-eabi/14.3.1/../../../../arm-none-eabi/lib/thumb/v7-m/nofp\libc_nano.a(libc_a-impure.o)
                0x20000014                _impure_ptr
 .data._impure_data
                0x20000018       0x4c D:/ST/STM32CubeIDE_2.1.0/STM32CubeIDE/plugins/com.st.stm32cube.ide.mcu.externaltools.gnu-tools-for-stm32.14.3.rel1.win32_1.0.100.202602081740/tools/bin/../lib/gcc/arm-none-eabi/14.3.1/../../../../arm-none-eabi/lib/thumb/v7-m/nofp\libc_nano.a(libc_a-impure.o)
                0x20000018                _impure_data
 *(.RamFunc)
 *(.RamFunc*)
                0x20000064                        . = ALIGN (0x4)
                0x20000064                        _edata = .

.igot.plt       0x20000064        0x0 load address 0x08008248
 .igot.plt      0x20000064        0x0 D:/ST/STM32CubeIDE_2.1.0/STM32CubeIDE/plugins/com.st.stm32cube.ide.mcu.externaltools.gnu-tools-for-stm32.14.3.rel1.win32_1.0.100.202602081740/tools/bin/../lib/gcc/arm-none-eabi/14.3.1/thumb/v7-m/nofp/crtbegin.o
                0x20000064                        . = ALIGN (0x4)

.bss            0x20000064      0x7b4 load address 0x08008248
                0x20000064                        _sbss = .
                0x20000064                        __bss_start__ = _sbss
 *(.bss)
 .bss           0x20000064       0x1c D:/ST/STM32CubeIDE_2.1.0/STM32CubeIDE/plugins/com.st.stm32cube.ide.mcu.externaltools.gnu-tools-for-stm32.14.3.rel1.win32_1.0.100.202602081740/tools/bin/../lib/gcc/arm-none-eabi/14.3.1/thumb/v7-m/nofp/crtbegin.o
 *(.bss*)
 .bss.hadc1     0x20000080       0x30 ./Core/Src/main.o
                0x20000080                hadc1
 .bss.hi2c1     0x200000b0       0x54 ./Core/Src/main.o
                0x200000b0                hi2c1
 .bss.hi2c2     0x20000104       0x54 ./Core/Src/main.o
                0x20000104                hi2c2
 .bss.hspi1     0x20000158       0x58 ./Core/Src/main.o
                0x20000158                hspi1
 .bss.htim1     0x200001b0       0x48 ./Core/Src/main.o
                0x200001b0                htim1
 .bss.huart1    0x200001f8       0x48 ./Core/Src/main.o
                0x200001f8                huart1
 .bss.rx_buffer
                0x20000240       0x1c ./Core/Src/main.o
                0x20000240                rx_buffer
 .bss.irq       0x2000025c        0x1 ./Core/Src/main.o
                0x2000025c                irq
 .bss.event     0x2000025d        0x1 ./Core/Src/main.o
                0x2000025d                event
 *fill*         0x2000025e        0x2 
 .bss.txt       0x20000260       0x20 ./Core/Src/main.o
                0x20000260                txt
 .bss.UPaquete_TimeStamp
                0x20000280        0x4 ./Core/Src/main.o
                0x20000280                UPaquete_TimeStamp
 .bss.UltimoWakeup
                0x20000284        0x4 ./Core/Src/main.o
                0x20000284                UltimoWakeup
 .bss.error_actual
                0x20000288        0x1 ./Core/Src/main.o
                0x20000288                error_actual
 *fill*         0x20000289        0x3 
 .bss.B         0x2000028c       0x2e ./Core/Src/main.o
                0x2000028c                B
 *fill*         0x200002ba        0x2 
 .bss.pca9685_i2c
                0x200002bc        0x4 ./Core/Src/pca9685.o
                0x200002bc                pca9685_i2c
 .bss.SSD1306_Buffer
                0x200002c0      0x400 ./Core/Src/ssd1306.o
 .bss.SSD1306   0x200006c0        0x6 ./Core/Src/ssd1306.o
 *fill*         0x200006c6        0x2 
 .bss.__sbrk_heap_end
                0x200006c8        0x4 ./Core/Src/sysmem.o
 .bss.uwTick    0x200006cc        0x4 ./Drivers/STM32F1xx_HAL_Driver/Src/stm32f1xx_hal.o
                0x200006cc                uwTick
 .bss.__sf      0x200006d0      0x138 D:/ST/STM32CubeIDE_2.1.0/STM32CubeIDE/plugins/com.st.stm32cube.ide.mcu.externaltools.gnu-tools-for-stm32.14.3.rel1.win32_1.0.100.202602081740/tools/bin/../lib/gcc/arm-none-eabi/14.3.1/../../../../arm-none-eabi/lib/thumb/v7-m/nofp\libc_nano.a(libc_a-findfp.o)
                0x200006d0                __sf
 .bss.errno     0x20000808        0x4 D:/ST/STM32CubeIDE_2.1.0/STM32CubeIDE/plugins/com.st.stm32cube.ide.mcu.externaltools.gnu-tools-for-stm32.14.3.rel1.win32_1.0.100.202602081740/tools/bin/../lib/gcc/arm-none-eabi/14.3.1/../../../../arm-none-eabi/lib/thumb/v7-m/nofp\libc_nano.a(libc_a-reent.o)
                0x20000808                errno
 .bss.__lock___malloc_recursive_mutex
                0x2000080c        0x1 D:/ST/STM32CubeIDE_2.1.0/STM32CubeIDE/plugins/com.st.stm32cube.ide.mcu.externaltools.gnu-tools-for-stm32.14.3.rel1.win32_1.0.100.202602081740/tools/bin/../lib/gcc/arm-none-eabi/14.3.1/../../../../arm-none-eabi/lib/thumb/v7-m/nofp\libc_nano.a(libc_a-lock.o)
                0x2000080c                __lock___malloc_recursive_mutex
 *fill*         0x2000080d        0x3 
 .bss.__malloc_sbrk_start
                0x20000810        0x4 D:/ST/STM32CubeIDE_2.1.0/STM32CubeIDE/plugins/com.st.stm32cube.ide.mcu.externaltools.gnu-tools-for-stm32.14.3.rel1.win32_1.0.100.202602081740/tools/bin/../lib/gcc/arm-none-eabi/14.3.1/../../../../arm-none-eabi/lib/thumb/v7-m/nofp\libc_nano.a(libc_a-mallocr.o)
                0x20000810                __malloc_sbrk_start
 .bss.__malloc_free_list
                0x20000814        0x4 D:/ST/STM32CubeIDE_2.1.0/STM32CubeIDE/plugins/com.st.stm32cube.ide.mcu.externaltools.gnu-tools-for-stm32.14.3.rel1.win32_1.0.100.202602081740/tools/bin/../lib/gcc/arm-none-eabi/14.3.1/../../../../arm-none-eabi/lib/thumb/v7-m/nofp\libc_nano.a(libc_a-mallocr.o)
                0x20000814                __malloc_free_list
 *(COMMON)
                0x20000818                        . = ALIGN (0x4)
                0x20000818                        _ebss = .
                0x20000818                        __bss_end__ = _ebss

._user_heap_stack
                0x20000818      0x600 load address 0x08008248
                0x20000818                        . = ALIGN (0x8)
                [!provide]                        PROVIDE (end = .)
                0x20000818                        PROVIDE (_end = .)
                0x20000a18                        . = (. + _Min_Heap_Size)
 *fill*         0x20000818      0x200 
                0x20000e18                        . = (. + _Min_Stack_Size)
 *fill*         0x20000a18      0x400 
                0x20000e18                        . = ALIGN (0x8)

/DISCARD/
 libc.a(*)
 libm.a(*)
 libgcc.a(*)

.ARM.attributes
                0x00000000       0x29
 *(.ARM.attributes)
 .ARM.attributes
                0x00000000       0x1d D:/ST/STM32CubeIDE_2.1.0/STM32CubeIDE/plugins/com.st.stm32cube.ide.mcu.externaltools.gnu-tools-for-stm32.14.3.rel1.win32_1.0.100.202602081740/tools/bin/../lib/gcc/arm-none-eabi/14.3.1/thumb/v7-m/nofp/crti.o
 .ARM.attributes
                0x0000001d       0x2d D:/ST/STM32CubeIDE_2.1.0/STM32CubeIDE/plugins/com.st.stm32cube.ide.mcu.externaltools.gnu-tools-for-stm32.14.3.rel1.win32_1.0.100.202602081740/tools/bin/../lib/gcc/arm-none-eabi/14.3.1/thumb/v7-m/nofp/crtbegin.o
 .ARM.attributes
                0x0000004a       0x2d ./Core/Src/Brazo.o
 .ARM.attributes
                0x00000077       0x2d ./Core/Src/BrazoFSM1.o
 .ARM.attributes
                0x000000a4       0x2d ./Core/Src/main.o
 .ARM.attributes
                0x000000d1       0x2d ./Core/Src/pca9685.o
 .ARM.attributes
                0x000000fe       0x2d ./Core/Src/ssd1306.o
 .ARM.attributes
                0x0000012b       0x2d ./Core/Src/ssd1306_fonts.o
 .ARM.attributes
                0x00000158       0x2d ./Core/Src/stm32f1xx_hal_msp.o
 .ARM.attributes
                0x00000185       0x2d ./Core/Src/stm32f1xx_it.o
 .ARM.attributes
                0x000001b2       0x2d ./Core/Src/sysmem.o
 .ARM.attributes
                0x000001df       0x2d ./Core/Src/system_stm32f1xx.o
 .ARM.attributes
                0x0000020c       0x21 ./Core/Startup/startup_stm32f103c8tx.o
 .ARM.attributes
                0x0000022d       0x2d ./Drivers/STM32F1xx_HAL_Driver/Src/stm32f1xx_hal.o
 .ARM.attributes
                0x0000025a       0x2d ./Drivers/STM32F1xx_HAL_Driver/Src/stm32f1xx_hal_adc.o
 .ARM.attributes
                0x00000287       0x2d ./Drivers/STM32F1xx_HAL_Driver/Src/stm32f1xx_hal_cortex.o
 .ARM.attributes
                0x000002b4       0x2d ./Drivers/STM32F1xx_HAL_Driver/Src/stm32f1xx_hal_dma.o
 .ARM.attributes
                0x000002e1       0x2d ./Drivers/STM32F1xx_HAL_Driver/Src/stm32f1xx_hal_gpio.o
 .ARM.attributes
                0x0000030e       0x2d ./Drivers/STM32F1xx_HAL_Driver/Src/stm32f1xx_hal_i2c.o
 .ARM.attributes
                0x0000033b       0x2d ./Drivers/STM32F1xx_HAL_Driver/Src/stm32f1xx_hal_rcc.o
 .ARM.attributes
                0x00000368       0x2d ./Drivers/STM32F1xx_HAL_Driver/Src/stm32f1xx_hal_rcc_ex.o
 .ARM.attributes
                0x00000395       0x2d ./Drivers/STM32F1xx_HAL_Driver/Src/stm32f1xx_hal_spi.o
 .ARM.attributes
                0x000003c2       0x2d ./Drivers/STM32F1xx_HAL_Driver/Src/stm32f1xx_hal_tim.o
 .ARM.attributes
                0x000003ef       0x2d ./Drivers/STM32F1xx_HAL_Driver/Src/stm32f1xx_hal_tim_ex.o
 .ARM.attributes
                0x0000041c       0x2d ./Drivers/STM32F1xx_HAL_Driver/Src/stm32f1xx_hal_uart.o
 .ARM.attributes
                0x00000449       0x2d ./Drivers/nrf24/NRF24.o
 .ARM.attributes
                0x00000476       0x2d D:/ST/STM32CubeIDE_2.1.0/STM32CubeIDE/plugins/com.st.stm32cube.ide.mcu.externaltools.gnu-tools-for-stm32.14.3.rel1.win32_1.0.100.202602081740/tools/bin/../lib/gcc/arm-none-eabi/14.3.1/../../../../arm-none-eabi/lib/thumb/v7-m/nofp\libc_nano.a(libc_a-findfp.o)
 .ARM.attributes
                0x000004a3       0x2d D:/ST/STM32CubeIDE_2.1.0/STM32CubeIDE/plugins/com.st.stm32cube.ide.mcu.externaltools.gnu-tools-for-stm32.14.3.rel1.win32_1.0.100.202602081740/tools/bin/../lib/gcc/arm-none-eabi/14.3.1/../../../../arm-none-eabi/lib/thumb/v7-m/nofp\libc_nano.a(libc_a-sprintf.o)
 .ARM.attributes
                0x000004d0       0x2d D:/ST/STM32CubeIDE_2.1.0/STM32CubeIDE/plugins/com.st.stm32cube.ide.mcu.externaltools.gnu-tools-for-stm32.14.3.rel1.win32_1.0.100.202602081740/tools/bin/../lib/gcc/arm-none-eabi/14.3.1/../../../../arm-none-eabi/lib/thumb/v7-m/nofp\libc_nano.a(libc_a-memmove.o)
 .ARM.attributes
                0x000004fd       0x2d D:/ST/STM32CubeIDE_2.1.0/STM32CubeIDE/plugins/com.st.stm32cube.ide.mcu.externaltools.gnu-tools-for-stm32.14.3.rel1.win32_1.0.100.202602081740/tools/bin/../lib/gcc/arm-none-eabi/14.3.1/../../../../arm-none-eabi/lib/thumb/v7-m/nofp\libc_nano.a(libc_a-memset.o)
 .ARM.attributes
                0x0000052a       0x2d D:/ST/STM32CubeIDE_2.1.0/STM32CubeIDE/plugins/com.st.stm32cube.ide.mcu.externaltools.gnu-tools-for-stm32.14.3.rel1.win32_1.0.100.202602081740/tools/bin/../lib/gcc/arm-none-eabi/14.3.1/../../../../arm-none-eabi/lib/thumb/v7-m/nofp\libc_nano.a(libc_a-reent.o)
 .ARM.attributes
                0x00000557       0x2d D:/ST/STM32CubeIDE_2.1.0/STM32CubeIDE/plugins/com.st.stm32cube.ide.mcu.externaltools.gnu-tools-for-stm32.14.3.rel1.win32_1.0.100.202602081740/tools/bin/../lib/gcc/arm-none-eabi/14.3.1/../../../../arm-none-eabi/lib/thumb/v7-m/nofp\libc_nano.a(libc_a-impure.o)
 .ARM.attributes
                0x00000584       0x2d D:/ST/STM32CubeIDE_2.1.0/STM32CubeIDE/plugins/com.st.stm32cube.ide.mcu.externaltools.gnu-tools-for-stm32.14.3.rel1.win32_1.0.100.202602081740/tools/bin/../lib/gcc/arm-none-eabi/14.3.1/../../../../arm-none-eabi/lib/thumb/v7-m/nofp\libc_nano.a(libc_a-errno.o)
 .ARM.attributes
                0x000005b1       0x2d D:/ST/STM32CubeIDE_2.1.0/STM32CubeIDE/plugins/com.st.stm32cube.ide.mcu.externaltools.gnu-tools-for-stm32.14.3.rel1.win32_1.0.100.202602081740/tools/bin/../lib/gcc/arm-none-eabi/14.3.1/../../../../arm-none-eabi/lib/thumb/v7-m/nofp\libc_nano.a(libc_a-init.o)
 .ARM.attributes
                0x000005de       0x2d D:/ST/STM32CubeIDE_2.1.0/STM32CubeIDE/plugins/com.st.stm32cube.ide.mcu.externaltools.gnu-tools-for-stm32.14.3.rel1.win32_1.0.100.202602081740/tools/bin/../lib/gcc/arm-none-eabi/14.3.1/../../../../arm-none-eabi/lib/thumb/v7-m/nofp\libc_nano.a(libc_a-lock.o)
 .ARM.attributes
                0x0000060b       0x2d D:/ST/STM32CubeIDE_2.1.0/STM32CubeIDE/plugins/com.st.stm32cube.ide.mcu.externaltools.gnu-tools-for-stm32.14.3.rel1.win32_1.0.100.202602081740/tools/bin/../lib/gcc/arm-none-eabi/14.3.1/../../../../arm-none-eabi/lib/thumb/v7-m/nofp\libc_nano.a(libc_a-memcpy-stub.o)
 .ARM.attributes
                0x00000638       0x2d D:/ST/STM32CubeIDE_2.1.0/STM32CubeIDE/plugins/com.st.stm32cube.ide.mcu.externaltools.gnu-tools-for-stm32.14.3.rel1.win32_1.0.100.202602081740/tools/bin/../lib/gcc/arm-none-eabi/14.3.1/../../../../arm-none-eabi/lib/thumb/v7-m/nofp\libc_nano.a(libc_a-freer.o)
 .ARM.attributes
                0x00000665       0x2d D:/ST/STM32CubeIDE_2.1.0/STM32CubeIDE/plugins/com.st.stm32cube.ide.mcu.externaltools.gnu-tools-for-stm32.14.3.rel1.win32_1.0.100.202602081740/tools/bin/../lib/gcc/arm-none-eabi/14.3.1/../../../../arm-none-eabi/lib/thumb/v7-m/nofp\libc_nano.a(libc_a-mallocr.o)
 .ARM.attributes
                0x00000692       0x2d D:/ST/STM32CubeIDE_2.1.0/STM32CubeIDE/plugins/com.st.stm32cube.ide.mcu.externaltools.gnu-tools-for-stm32.14.3.rel1.win32_1.0.100.202602081740/tools/bin/../lib/gcc/arm-none-eabi/14.3.1/../../../../arm-none-eabi/lib/thumb/v7-m/nofp\libc_nano.a(libc_a-mlock.o)
 .ARM.attributes
                0x000006bf       0x2d D:/ST/STM32CubeIDE_2.1.0/STM32CubeIDE/plugins/com.st.stm32cube.ide.mcu.externaltools.gnu-tools-for-stm32.14.3.rel1.win32_1.0.100.202602081740/tools/bin/../lib/gcc/arm-none-eabi/14.3.1/../../../../arm-none-eabi/lib/thumb/v7-m/nofp\libc_nano.a(libc_a-nano-svfprintf.o)
 .ARM.attributes
                0x000006ec       0x2d D:/ST/STM32CubeIDE_2.1.0/STM32CubeIDE/plugins/com.st.stm32cube.ide.mcu.externaltools.gnu-tools-for-stm32.14.3.rel1.win32_1.0.100.202602081740/tools/bin/../lib/gcc/arm-none-eabi/14.3.1/../../../../arm-none-eabi/lib/thumb/v7-m/nofp\libc_nano.a(libc_a-nano-vfprintf_i.o)
 .ARM.attributes
                0x00000719       0x2d D:/ST/STM32CubeIDE_2.1.0/STM32CubeIDE/plugins/com.st.stm32cube.ide.mcu.externaltools.gnu-tools-for-stm32.14.3.rel1.win32_1.0.100.202602081740/tools/bin/../lib/gcc/arm-none-eabi/14.3.1/../../../../arm-none-eabi/lib/thumb/v7-m/nofp\libc_nano.a(libc_a-sbrkr.o)
 .ARM.attributes
                0x00000746       0x2d D:/ST/STM32CubeIDE_2.1.0/STM32CubeIDE/plugins/com.st.stm32cube.ide.mcu.externaltools.gnu-tools-for-stm32.14.3.rel1.win32_1.0.100.202602081740/tools/bin/../lib/gcc/arm-none-eabi/14.3.1/../../../../arm-none-eabi/lib/thumb/v7-m/nofp\libc_nano.a(libc_a-memchr-stub.o)
 .ARM.attributes
                0x00000773       0x2d D:/ST/STM32CubeIDE_2.1.0/STM32CubeIDE/plugins/com.st.stm32cube.ide.mcu.externaltools.gnu-tools-for-stm32.14.3.rel1.win32_1.0.100.202602081740/tools/bin/../lib/gcc/arm-none-eabi/14.3.1/../../../../arm-none-eabi/lib/thumb/v7-m/nofp\libc_nano.a(libc_a-reallocr.o)
 .ARM.attributes
                0x000007a0       0x2d D:/ST/STM32CubeIDE_2.1.0/STM32CubeIDE/plugins/com.st.stm32cube.ide.mcu.externaltools.gnu-tools-for-stm32.14.3.rel1.win32_1.0.100.202602081740/tools/bin/../lib/gcc/arm-none-eabi/14.3.1/../../../../arm-none-eabi/lib/thumb/v7-m/nofp\libc_nano.a(libc_a-msizer.o)
 .ARM.attributes
                0x000007cd       0x2d D:/ST/STM32CubeIDE_2.1.0/STM32CubeIDE/plugins/com.st.stm32cube.ide.mcu.externaltools.gnu-tools-for-stm32.14.3.rel1.win32_1.0.100.202602081740/tools/bin/../lib/gcc/arm-none-eabi/14.3.1/../../../../arm-none-eabi/lib/thumb/v7-m/nofp\libm.a(libm_a-s_floor.o)
 .ARM.attributes
                0x000007fa       0x1d D:/ST/STM32CubeIDE_2.1.0/STM32CubeIDE/plugins/com.st.stm32cube.ide.mcu.externaltools.gnu-tools-for-stm32.14.3.rel1.win32_1.0.100.202602081740/tools/bin/../lib/gcc/arm-none-eabi/14.3.1/thumb/v7-m/nofp\libgcc.a(_arm_addsubdf3.o)
 .ARM.attributes
                0x00000817       0x1d D:/ST/STM32CubeIDE_2.1.0/STM32CubeIDE/plugins/com.st.stm32cube.ide.mcu.externaltools.gnu-tools-for-stm32.14.3.rel1.win32_1.0.100.202602081740/tools/bin/../lib/gcc/arm-none-eabi/14.3.1/thumb/v7-m/nofp\libgcc.a(_arm_muldivdf3.o)
 .ARM.attributes
                0x00000834       0x1d D:/ST/STM32CubeIDE_2.1.0/STM32CubeIDE/plugins/com.st.stm32cube.ide.mcu.externaltools.gnu-tools-for-stm32.14.3.rel1.win32_1.0.100.202602081740/tools/bin/../lib/gcc/arm-none-eabi/14.3.1/thumb/v7-m/nofp\libgcc.a(_arm_cmpdf2.o)
 .ARM.attributes
                0x00000851       0x1d D:/ST/STM32CubeIDE_2.1.0/STM32CubeIDE/plugins/com.st.stm32cube.ide.mcu.externaltools.gnu-tools-for-stm32.14.3.rel1.win32_1.0.100.202602081740/tools/bin/../lib/gcc/arm-none-eabi/14.3.1/thumb/v7-m/nofp\libgcc.a(_arm_fixunsdfsi.o)
 .ARM.attributes
                0x0000086e       0x1d D:/ST/STM32CubeIDE_2.1.0/STM32CubeIDE/plugins/com.st.stm32cube.ide.mcu.externaltools.gnu-tools-for-stm32.14.3.rel1.win32_1.0.100.202602081740/tools/bin/../lib/gcc/arm-none-eabi/14.3.1/thumb/v7-m/nofp\libgcc.a(_arm_truncdfsf2.o)
 .ARM.attributes
                0x0000088b       0x1d D:/ST/STM32CubeIDE_2.1.0/STM32CubeIDE/plugins/com.st.stm32cube.ide.mcu.externaltools.gnu-tools-for-stm32.14.3.rel1.win32_1.0.100.202602081740/tools/bin/../lib/gcc/arm-none-eabi/14.3.1/thumb/v7-m/nofp\libgcc.a(_arm_addsubsf3.o)
 .ARM.attributes
                0x000008a8       0x1d D:/ST/STM32CubeIDE_2.1.0/STM32CubeIDE/plugins/com.st.stm32cube.ide.mcu.externaltools.gnu-tools-for-stm32.14.3.rel1.win32_1.0.100.202602081740/tools/bin/../lib/gcc/arm-none-eabi/14.3.1/thumb/v7-m/nofp\libgcc.a(_arm_cmpsf2.o)
 .ARM.attributes
                0x000008c5       0x1d D:/ST/STM32CubeIDE_2.1.0/STM32CubeIDE/plugins/com.st.stm32cube.ide.mcu.externaltools.gnu-tools-for-stm32.14.3.rel1.win32_1.0.100.202602081740/tools/bin/../lib/gcc/arm-none-eabi/14.3.1/thumb/v7-m/nofp\libgcc.a(_arm_fixunssfsi.o)
 .ARM.attributes
                0x000008e2       0x1d D:/ST/STM32CubeIDE_2.1.0/STM32CubeIDE/plugins/com.st.stm32cube.ide.mcu.externaltools.gnu-tools-for-stm32.14.3.rel1.win32_1.0.100.202602081740/tools/bin/../lib/gcc/arm-none-eabi/14.3.1/thumb/v7-m/nofp/crtn.o
OUTPUT(Brazo.elf elf32-littlearm)
LOAD linker stubs
LOAD D:/ST/STM32CubeIDE_2.1.0/STM32CubeIDE/plugins/com.st.stm32cube.ide.mcu.externaltools.gnu-tools-for-stm32.14.3.rel1.win32_1.0.100.202602081740/tools/bin/../lib/gcc/arm-none-eabi/14.3.1/../../../../arm-none-eabi/lib/thumb/v7-m/nofp\libc.a
LOAD D:/ST/STM32CubeIDE_2.1.0/STM32CubeIDE/plugins/com.st.stm32cube.ide.mcu.externaltools.gnu-tools-for-stm32.14.3.rel1.win32_1.0.100.202602081740/tools/bin/../lib/gcc/arm-none-eabi/14.3.1/../../../../arm-none-eabi/lib/thumb/v7-m/nofp\libm.a
LOAD D:/ST/STM32CubeIDE_2.1.0/STM32CubeIDE/plugins/com.st.stm32cube.ide.mcu.externaltools.gnu-tools-for-stm32.14.3.rel1.win32_1.0.100.202602081740/tools/bin/../lib/gcc/arm-none-eabi/14.3.1/thumb/v7-m/nofp\libgcc.a

.debug_info     0x00000000    0x15603
 .debug_info    0x00000000      0x37d ./Core/Src/Brazo.o
 .debug_info    0x0000037d      0x330 ./Core/Src/BrazoFSM1.o
 .debug_info    0x000006ad     0x2046 ./Core/Src/main.o
 .debug_info    0x000026f3      0x95f ./Core/Src/pca9685.o
 .debug_info    0x00003052     0x1296 ./Core/Src/ssd1306.o
 .debug_info    0x000042e8      0x2a4 ./Core/Src/ssd1306_fonts.o
 .debug_info    0x0000458c     0x162e ./Core/Src/stm32f1xx_hal_msp.o
 .debug_info    0x00005bba      0x61d ./Core/Src/stm32f1xx_it.o
 .debug_info    0x000061d7      0x168 ./Core/Src/sysmem.o
 .debug_info    0x0000633f      0x222 ./Core/Src/system_stm32f1xx.o
 .debug_info    0x00006561       0x30 ./Core/Startup/startup_stm32f103c8tx.o
 .debug_info    0x00006591      0x704 ./Drivers/STM32F1xx_HAL_Driver/Src/stm32f1xx_hal.o
 .debug_info    0x00006c95      0xc50 ./Drivers/STM32F1xx_HAL_Driver/Src/stm32f1xx_hal_adc.o
 .debug_info    0x000078e5      0xa87 ./Drivers/STM32F1xx_HAL_Driver/Src/stm32f1xx_hal_cortex.o
 .debug_info    0x0000836c      0x6d2 ./Drivers/STM32F1xx_HAL_Driver/Src/stm32f1xx_hal_dma.o
 .debug_info    0x00008a3e      0x5ab ./Drivers/STM32F1xx_HAL_Driver/Src/stm32f1xx_hal_gpio.o
 .debug_info    0x00008fe9     0x2524 ./Drivers/STM32F1xx_HAL_Driver/Src/stm32f1xx_hal_i2c.o
 .debug_info    0x0000b50d      0x7d5 ./Drivers/STM32F1xx_HAL_Driver/Src/stm32f1xx_hal_rcc.o
 .debug_info    0x0000bce2      0x3c0 ./Drivers/STM32F1xx_HAL_Driver/Src/stm32f1xx_hal_rcc_ex.o
 .debug_info    0x0000c0a2     0x142d ./Drivers/STM32F1xx_HAL_Driver/Src/stm32f1xx_hal_spi.o
 .debug_info    0x0000d4cf     0x2959 ./Drivers/STM32F1xx_HAL_Driver/Src/stm32f1xx_hal_tim.o
 .debug_info    0x0000fe28     0x149b ./Drivers/STM32F1xx_HAL_Driver/Src/stm32f1xx_hal_tim_ex.o
 .debug_info    0x000112c3     0x2eed ./Drivers/STM32F1xx_HAL_Driver/Src/stm32f1xx_hal_uart.o
 .debug_info    0x000141b0     0x1453 ./Drivers/nrf24/NRF24.o

.debug_abbrev   0x00000000     0x30f7
 .debug_abbrev  0x00000000      0x118 ./Core/Src/Brazo.o
 .debug_abbrev  0x00000118      0x11e ./Core/Src/BrazoFSM1.o
 .debug_abbrev  0x00000236      0x334 ./Core/Src/main.o
 .debug_abbrev  0x0000056a      0x1d3 ./Core/Src/pca9685.o
 .debug_abbrev  0x0000073d      0x371 ./Core/Src/ssd1306.o
 .debug_abbrev  0x00000aae       0xcf ./Core/Src/ssd1306_fonts.o
 .debug_abbrev  0x00000b7d      0x23b ./Core/Src/stm32f1xx_hal_msp.o
 .debug_abbrev  0x00000db8      0x18b ./Core/Src/stm32f1xx_it.o
 .debug_abbrev  0x00000f43       0xbc ./Core/Src/sysmem.o
 .debug_abbrev  0x00000fff      0x13f ./Core/Src/system_stm32f1xx.o
 .debug_abbrev  0x0000113e       0x24 ./Core/Startup/startup_stm32f103c8tx.o
 .debug_abbrev  0x00001162      0x201 ./Drivers/STM32F1xx_HAL_Driver/Src/stm32f1xx_hal.o
 .debug_abbrev  0x00001363      0x225 ./Drivers/STM32F1xx_HAL_Driver/Src/stm32f1xx_hal_adc.o
 .debug_abbrev  0x00001588      0x2f8 ./Drivers/STM32F1xx_HAL_Driver/Src/stm32f1xx_hal_cortex.o
 .debug_abbrev  0x00001880      0x20b ./Drivers/STM32F1xx_HAL_Driver/Src/stm32f1xx_hal_dma.o
 .debug_abbrev  0x00001a8b      0x1ca ./Drivers/STM32F1xx_HAL_Driver/Src/stm32f1xx_hal_gpio.o
 .debug_abbrev  0x00001c55      0x2a3 ./Drivers/STM32F1xx_HAL_Driver/Src/stm32f1xx_hal_i2c.o
 .debug_abbrev  0x00001ef8      0x2b3 ./Drivers/STM32F1xx_HAL_Driver/Src/stm32f1xx_hal_rcc.o
 .debug_abbrev  0x000021ab      0x188 ./Drivers/STM32F1xx_HAL_Driver/Src/stm32f1xx_hal_rcc_ex.o
 .debug_abbrev  0x00002333      0x27a ./Drivers/STM32F1xx_HAL_Driver/Src/stm32f1xx_hal_spi.o
 .debug_abbrev  0x000025ad      0x277 ./Drivers/STM32F1xx_HAL_Driver/Src/stm32f1xx_hal_tim.o
 .debug_abbrev  0x00002824      0x282 ./Drivers/STM32F1xx_HAL_Driver/Src/stm32f1xx_hal_tim_ex.o
 .debug_abbrev  0x00002aa6      0x2f8 ./Drivers/STM32F1xx_HAL_Driver/Src/stm32f1xx_hal_uart.o
 .debug_abbrev  0x00002d9e      0x359 ./Drivers/nrf24/NRF24.o

.debug_aranges  0x00000000     0x1590
 .debug_aranges
                0x00000000       0x38 ./Core/Src/Brazo.o
 .debug_aranges
                0x00000038       0x30 ./Core/Src/BrazoFSM1.o
 .debug_aranges
                0x00000068       0x78 ./Core/Src/main.o
 .debug_aranges
                0x000000e0       0x78 ./Core/Src/pca9685.o
 .debug_aranges
                0x00000158       0xf0 ./Core/Src/ssd1306.o
 .debug_aranges
                0x00000248       0x18 ./Core/Src/ssd1306_fonts.o
 .debug_aranges
                0x00000260       0x70 ./Core/Src/stm32f1xx_hal_msp.o
 .debug_aranges
                0x000002d0       0x78 ./Core/Src/stm32f1xx_it.o
 .debug_aranges
                0x00000348       0x20 ./Core/Src/sysmem.o
 .debug_aranges
                0x00000368       0x28 ./Core/Src/system_stm32f1xx.o
 .debug_aranges
                0x00000390       0x28 ./Core/Startup/startup_stm32f103c8tx.o
 .debug_aranges
                0x000003b8       0xe0 ./Drivers/STM32F1xx_HAL_Driver/Src/stm32f1xx_hal.o
 .debug_aranges
                0x00000498       0xf0 ./Drivers/STM32F1xx_HAL_Driver/Src/stm32f1xx_hal_adc.o
 .debug_aranges
                0x00000588      0x100 ./Drivers/STM32F1xx_HAL_Driver/Src/stm32f1xx_hal_cortex.o
 .debug_aranges
                0x00000688       0x80 ./Drivers/STM32F1xx_HAL_Driver/Src/stm32f1xx_hal_dma.o
 .debug_aranges
                0x00000708       0x58 ./Drivers/STM32F1xx_HAL_Driver/Src/stm32f1xx_hal_gpio.o
 .debug_aranges
                0x00000760      0x2a8 ./Drivers/STM32F1xx_HAL_Driver/Src/stm32f1xx_hal_i2c.o
 .debug_aranges
                0x00000a08       0x90 ./Drivers/STM32F1xx_HAL_Driver/Src/stm32f1xx_hal_rcc.o
 .debug_aranges
                0x00000a98       0x30 ./Drivers/STM32F1xx_HAL_Driver/Src/stm32f1xx_hal_rcc_ex.o
 .debug_aranges
                0x00000ac8      0x1d0 ./Drivers/STM32F1xx_HAL_Driver/Src/stm32f1xx_hal_spi.o
 .debug_aranges
                0x00000c98      0x3d0 ./Drivers/STM32F1xx_HAL_Driver/Src/stm32f1xx_hal_tim.o
 .debug_aranges
                0x00001068      0x168 ./Drivers/STM32F1xx_HAL_Driver/Src/stm32f1xx_hal_tim_ex.o
 .debug_aranges
                0x000011d0      0x208 ./Drivers/STM32F1xx_HAL_Driver/Src/stm32f1xx_hal_uart.o
 .debug_aranges
                0x000013d8      0x1b8 ./Drivers/nrf24/NRF24.o

.debug_rnglists
                0x00000000     0x10d6
 .debug_rnglists
                0x00000000       0x26 ./Core/Src/Brazo.o
 .debug_rnglists
                0x00000026       0x20 ./Core/Src/BrazoFSM1.o
 .debug_rnglists
                0x00000046       0x59 ./Core/Src/main.o
 .debug_rnglists
                0x0000009f       0x59 ./Core/Src/pca9685.o
 .debug_rnglists
                0x000000f8       0xba ./Core/Src/ssd1306.o
 .debug_rnglists
                0x000001b2       0x52 ./Core/Src/stm32f1xx_hal_msp.o
 .debug_rnglists
                0x00000204       0x55 ./Core/Src/stm32f1xx_it.o
 .debug_rnglists
                0x00000259       0x13 ./Core/Src/sysmem.o
 .debug_rnglists
                0x0000026c       0x1a ./Core/Src/system_stm32f1xx.o
 .debug_rnglists
                0x00000286       0x19 ./Core/Startup/startup_stm32f103c8tx.o
 .debug_rnglists
                0x0000029f       0xa3 ./Drivers/STM32F1xx_HAL_Driver/Src/stm32f1xx_hal.o
 .debug_rnglists
                0x00000342       0xbc ./Drivers/STM32F1xx_HAL_Driver/Src/stm32f1xx_hal_adc.o
 .debug_rnglists
                0x000003fe       0xbb ./Drivers/STM32F1xx_HAL_Driver/Src/stm32f1xx_hal_cortex.o
 .debug_rnglists
                0x000004b9       0x64 ./Drivers/STM32F1xx_HAL_Driver/Src/stm32f1xx_hal_dma.o
 .debug_rnglists
                0x0000051d       0x3f ./Drivers/STM32F1xx_HAL_Driver/Src/stm32f1xx_hal_gpio.o
 .debug_rnglists
                0x0000055c      0x23c ./Drivers/STM32F1xx_HAL_Driver/Src/stm32f1xx_hal_i2c.o
 .debug_rnglists
                0x00000798       0x6c ./Drivers/STM32F1xx_HAL_Driver/Src/stm32f1xx_hal_rcc.o
 .debug_rnglists
                0x00000804       0x21 ./Drivers/STM32F1xx_HAL_Driver/Src/stm32f1xx_hal_rcc_ex.o
 .debug_rnglists
                0x00000825      0x16e ./Drivers/STM32F1xx_HAL_Driver/Src/stm32f1xx_hal_spi.o
 .debug_rnglists
                0x00000993      0x31a ./Drivers/STM32F1xx_HAL_Driver/Src/stm32f1xx_hal_tim.o
 .debug_rnglists
                0x00000cad      0x125 ./Drivers/STM32F1xx_HAL_Driver/Src/stm32f1xx_hal_tim_ex.o
 .debug_rnglists
                0x00000dd2      0x1bc ./Drivers/STM32F1xx_HAL_Driver/Src/stm32f1xx_hal_uart.o
 .debug_rnglists
                0x00000f8e      0x148 ./Drivers/nrf24/NRF24.o

.debug_macro    0x00000000    0x1a479
 .debug_macro   0x00000000      0x1ee ./Core/Src/Brazo.o
 .debug_macro   0x000001ee      0xacc ./Core/Src/Brazo.o
 .debug_macro   0x00000cba       0x22 ./Core/Src/Brazo.o
 .debug_macro   0x00000cdc       0x8e ./Core/Src/Brazo.o
 .debug_macro   0x00000d6a       0x51 ./Core/Src/Brazo.o
 .debug_macro   0x00000dbb      0x103 ./Core/Src/Brazo.o
 .debug_macro   0x00000ebe       0x6a ./Core/Src/Brazo.o
 .debug_macro   0x00000f28      0x1df ./Core/Src/Brazo.o
 .debug_macro   0x00001107      0x22d ./Core/Src/Brazo.o
 .debug_macro   0x00001334       0x2e ./Core/Src/Brazo.o
 .debug_macro   0x00001362       0x22 ./Core/Src/Brazo.o
 .debug_macro   0x00001384       0x1c ./Core/Src/Brazo.o
 .debug_macro   0x000013a0       0x22 ./Core/Src/Brazo.o
 .debug_macro   0x000013c2       0xbd ./Core/Src/Brazo.o
 .debug_macro   0x0000147f      0xd23 ./Core/Src/Brazo.o
 .debug_macro   0x000021a2     0xe09e ./Core/Src/Brazo.o
 .debug_macro   0x00010240       0x6d ./Core/Src/Brazo.o
 .debug_macro   0x000102ad     0x34a2 ./Core/Src/Brazo.o
 .debug_macro   0x0001374f      0x190 ./Core/Src/Brazo.o
 .debug_macro   0x000138df       0x5c ./Core/Src/Brazo.o
 .debug_macro   0x0001393b      0x5bc ./Core/Src/Brazo.o
 .debug_macro   0x00013ef7      0x289 ./Core/Src/Brazo.o
 .debug_macro   0x00014180      0x1cb ./Core/Src/Brazo.o
 .debug_macro   0x0001434b      0x114 ./Core/Src/Brazo.o
 .debug_macro   0x0001445f      0x1b2 ./Core/Src/Brazo.o
 .debug_macro   0x00014611       0x27 ./Core/Src/Brazo.o
 .debug_macro   0x00014638      0x136 ./Core/Src/Brazo.o
 .debug_macro   0x0001476e      0x1bc ./Core/Src/Brazo.o
 .debug_macro   0x0001492a       0x34 ./Core/Src/Brazo.o
 .debug_macro   0x0001495e       0x3c ./Core/Src/Brazo.o
 .debug_macro   0x0001499a       0x57 ./Core/Src/Brazo.o
 .debug_macro   0x000149f1      0x46a ./Core/Src/Brazo.o
 .debug_macro   0x00014e5b      0x1b5 ./Core/Src/Brazo.o
 .debug_macro   0x00015010       0x87 ./Core/Src/Brazo.o
 .debug_macro   0x00015097      0x240 ./Core/Src/Brazo.o
 .debug_macro   0x000152d7      0x287 ./Core/Src/Brazo.o
 .debug_macro   0x0001555e      0x140 ./Core/Src/Brazo.o
 .debug_macro   0x0001569e      0x217 ./Core/Src/Brazo.o
 .debug_macro   0x000158b5      0x8ed ./Core/Src/Brazo.o
 .debug_macro   0x000161a2      0x28e ./Core/Src/Brazo.o
 .debug_macro   0x00016430       0x83 ./Core/Src/Brazo.o
 .debug_macro   0x000164b3       0x94 ./Core/Src/Brazo.o
 .debug_macro   0x00016547       0x6d ./Core/Src/BrazoFSM1.o
 .debug_macro   0x000165b4      0x37f ./Core/Src/main.o
 .debug_macro   0x00016933       0x3a ./Core/Src/main.o
 .debug_macro   0x0001696d       0x61 ./Core/Src/main.o
 .debug_macro   0x000169ce       0x24 ./Core/Src/main.o
 .debug_macro   0x000169f2       0x43 ./Core/Src/main.o
 .debug_macro   0x00016a35       0x34 ./Core/Src/main.o
 .debug_macro   0x00016a69       0x46 ./Core/Src/main.o
 .debug_macro   0x00016aaf       0x4c ./Core/Src/main.o
 .debug_macro   0x00016afb       0x9a ./Core/Src/main.o
 .debug_macro   0x00016b95       0x16 ./Core/Src/main.o
 .debug_macro   0x00016bab       0x3c ./Core/Src/main.o
 .debug_macro   0x00016be7      0x364 ./Core/Src/main.o
 .debug_macro   0x00016f4b       0x10 ./Core/Src/main.o
 .debug_macro   0x00016f5b       0x16 ./Core/Src/main.o
 .debug_macro   0x00016f71       0x4a ./Core/Src/main.o
 .debug_macro   0x00016fbb       0x34 ./Core/Src/main.o
 .debug_macro   0x00016fef       0x10 ./Core/Src/main.o
 .debug_macro   0x00016fff       0x58 ./Core/Src/main.o
 .debug_macro   0x00017057       0x8e ./Core/Src/main.o
 .debug_macro   0x000170e5       0x1c ./Core/Src/main.o
 .debug_macro   0x00017101      0x17e ./Core/Src/main.o
 .debug_macro   0x0001727f       0x16 ./Core/Src/main.o
 .debug_macro   0x00017295       0x16 ./Core/Src/main.o
 .debug_macro   0x000172ab      0x146 ./Core/Src/main.o
 .debug_macro   0x000173f1       0x16 ./Core/Src/main.o
 .debug_macro   0x00017407       0x16 ./Core/Src/main.o
 .debug_macro   0x0001741d       0x29 ./Core/Src/main.o
 .debug_macro   0x00017446       0x16 ./Core/Src/main.o
 .debug_macro   0x0001745c       0x20 ./Core/Src/main.o
 .debug_macro   0x0001747c       0x40 ./Core/Src/main.o
 .debug_macro   0x000174bc      0x232 ./Core/Src/main.o
 .debug_macro   0x000176ee      0x28e ./Core/Src/pca9685.o
 .debug_macro   0x0001797c      0x19b ./Core/Src/pca9685.o
 .debug_macro   0x00017b17      0x2f6 ./Core/Src/ssd1306.o
 .debug_macro   0x00017e0d       0x28 ./Core/Src/ssd1306.o
 .debug_macro   0x00017e35      0x221 ./Core/Src/ssd1306_fonts.o
 .debug_macro   0x00018056      0x1da ./Core/Src/stm32f1xx_hal_msp.o
 .debug_macro   0x00018230      0x1e4 ./Core/Src/stm32f1xx_it.o
 .debug_macro   0x00018414      0x112 ./Core/Src/sysmem.o
 .debug_macro   0x00018526      0x23c ./Core/Src/sysmem.o
 .debug_macro   0x00018762      0x1cb ./Core/Src/system_stm32f1xx.o
 .debug_macro   0x0001892d      0x1ef ./Drivers/STM32F1xx_HAL_Driver/Src/stm32f1xx_hal.o
 .debug_macro   0x00018b1c      0x1e8 ./Drivers/STM32F1xx_HAL_Driver/Src/stm32f1xx_hal_adc.o
 .debug_macro   0x00018d04      0x1cb ./Drivers/STM32F1xx_HAL_Driver/Src/stm32f1xx_hal_cortex.o
 .debug_macro   0x00018ecf      0x1cb ./Drivers/STM32F1xx_HAL_Driver/Src/stm32f1xx_hal_dma.o
 .debug_macro   0x0001909a      0x236 ./Drivers/STM32F1xx_HAL_Driver/Src/stm32f1xx_hal_gpio.o
 .debug_macro   0x000192d0      0x219 ./Drivers/STM32F1xx_HAL_Driver/Src/stm32f1xx_hal_i2c.o
 .debug_macro   0x000194e9      0x1dd ./Drivers/STM32F1xx_HAL_Driver/Src/stm32f1xx_hal_rcc.o
 .debug_macro   0x000196c6      0x1cb ./Drivers/STM32F1xx_HAL_Driver/Src/stm32f1xx_hal_rcc_ex.o
 .debug_macro   0x00019891      0x1d3 ./Drivers/STM32F1xx_HAL_Driver/Src/stm32f1xx_hal_spi.o
 .debug_macro   0x00019a64      0x1cc ./Drivers/STM32F1xx_HAL_Driver/Src/stm32f1xx_hal_tim.o
 .debug_macro   0x00019c30      0x1cb ./Drivers/STM32F1xx_HAL_Driver/Src/stm32f1xx_hal_tim_ex.o
 .debug_macro   0x00019dfb      0x1cc ./Drivers/STM32F1xx_HAL_Driver/Src/stm32f1xx_hal_uart.o
 .debug_macro   0x00019fc7      0x2c2 ./Drivers/nrf24/NRF24.o
 .debug_macro   0x0001a289       0x9e ./Drivers/nrf24/NRF24.o
 .debug_macro   0x0001a327      0x112 ./Drivers/nrf24/NRF24.o
 .debug_macro   0x0001a439       0x40 ./Drivers/nrf24/NRF24.o

.debug_line     0x00000000    0x19119
 .debug_line    0x00000000      0x7e5 ./Core/Src/Brazo.o
 .debug_line    0x000007e5      0x4c5 ./Core/Src/BrazoFSM1.o
 .debug_line    0x00000caa      0xd32 ./Core/Src/main.o
 .debug_line    0x000019dc      0xa73 ./Core/Src/pca9685.o
 .debug_line    0x0000244f     0x11de ./Core/Src/ssd1306.o
 .debug_line    0x0000362d      0x857 ./Core/Src/ssd1306_fonts.o
 .debug_line    0x00003e84      0x900 ./Core/Src/stm32f1xx_hal_msp.o
 .debug_line    0x00004784      0x856 ./Core/Src/stm32f1xx_it.o
 .debug_line    0x00004fda      0x58d ./Core/Src/sysmem.o
 .debug_line    0x00005567      0x7de ./Core/Src/system_stm32f1xx.o
 .debug_line    0x00005d45       0x78 ./Core/Startup/startup_stm32f103c8tx.o
 .debug_line    0x00005dbd      0xa12 ./Drivers/STM32F1xx_HAL_Driver/Src/stm32f1xx_hal.o
 .debug_line    0x000067cf     0x1034 ./Drivers/STM32F1xx_HAL_Driver/Src/stm32f1xx_hal_adc.o
 .debug_line    0x00007803      0xbd9 ./Drivers/STM32F1xx_HAL_Driver/Src/stm32f1xx_hal_cortex.o
 .debug_line    0x000083dc      0xe19 ./Drivers/STM32F1xx_HAL_Driver/Src/stm32f1xx_hal_dma.o
 .debug_line    0x000091f5      0xa69 ./Drivers/STM32F1xx_HAL_Driver/Src/stm32f1xx_hal_gpio.o
 .debug_line    0x00009c5e     0x3c0c ./Drivers/STM32F1xx_HAL_Driver/Src/stm32f1xx_hal_i2c.o
 .debug_line    0x0000d86a      0xec8 ./Drivers/STM32F1xx_HAL_Driver/Src/stm32f1xx_hal_rcc.o
 .debug_line    0x0000e732      0x979 ./Drivers/STM32F1xx_HAL_Driver/Src/stm32f1xx_hal_rcc_ex.o
 .debug_line    0x0000f0ab     0x1ca6 ./Drivers/STM32F1xx_HAL_Driver/Src/stm32f1xx_hal_spi.o
 .debug_line    0x00010d51     0x3503 ./Drivers/STM32F1xx_HAL_Driver/Src/stm32f1xx_hal_tim.o
 .debug_line    0x00014254     0x18d3 ./Drivers/STM32F1xx_HAL_Driver/Src/stm32f1xx_hal_tim_ex.o
 .debug_line    0x00015b27     0x252b ./Drivers/STM32F1xx_HAL_Driver/Src/stm32f1xx_hal_uart.o
 .debug_line    0x00018052     0x10c7 ./Drivers/nrf24/NRF24.o

.debug_str      0x00000000    0x9577f
 .debug_str     0x00000000    0x9577f ./Core/Src/Brazo.o
                              0x8b23b (size before relaxing)
 .debug_str     0x0009577f     0x3f7c ./Core/Src/BrazoFSM1.o
 .debug_str     0x0009577f    0x90b19 ./Core/Src/main.o
 .debug_str     0x0009577f    0x8f0d9 ./Core/Src/pca9685.o
 .debug_str     0x0009577f    0x8f411 ./Core/Src/ssd1306.o
 .debug_str     0x0009577f    0x8b45d ./Core/Src/ssd1306_fonts.o
 .debug_str     0x0009577f    0x8bfb8 ./Core/Src/stm32f1xx_hal_msp.o
 .debug_str     0x0009577f    0x8b3f9 ./Core/Src/stm32f1xx_it.o
 .debug_str     0x0009577f     0x76c3 ./Core/Src/sysmem.o
 .debug_str     0x0009577f    0x8aede ./Core/Src/system_stm32f1xx.o
 .debug_str     0x0009577f       0x93 ./Core/Startup/startup_stm32f103c8tx.o
 .debug_str     0x0009577f    0x8b611 ./Drivers/STM32F1xx_HAL_Driver/Src/stm32f1xx_hal.o
 .debug_str     0x0009577f    0x8b5c2 ./Drivers/STM32F1xx_HAL_Driver/Src/stm32f1xx_hal_adc.o
 .debug_str     0x0009577f    0x8b55d ./Drivers/STM32F1xx_HAL_Driver/Src/stm32f1xx_hal_cortex.o
 .debug_str     0x0009577f    0x8b287 ./Drivers/STM32F1xx_HAL_Driver/Src/stm32f1xx_hal_dma.o
 .debug_str     0x0009577f    0x8b264 ./Drivers/STM32F1xx_HAL_Driver/Src/stm32f1xx_hal_gpio.o
 .debug_str     0x0009577f    0x8bfa5 ./Drivers/STM32F1xx_HAL_Driver/Src/stm32f1xx_hal_i2c.o
 .debug_str     0x0009577f    0x8b30d ./Drivers/STM32F1xx_HAL_Driver/Src/stm32f1xx_hal_rcc.o
 .debug_str     0x0009577f    0x8b05d ./Drivers/STM32F1xx_HAL_Driver/Src/stm32f1xx_hal_rcc_ex.o
 .debug_str     0x0009577f    0x8b804 ./Drivers/STM32F1xx_HAL_Driver/Src/stm32f1xx_hal_spi.o
 .debug_str     0x0009577f    0x8c30f ./Drivers/STM32F1xx_HAL_Driver/Src/stm32f1xx_hal_tim.o
 .debug_str     0x0009577f    0x8bb1b ./Drivers/STM32F1xx_HAL_Driver/Src/stm32f1xx_hal_tim_ex.o
 .debug_str     0x0009577f    0x8b97e ./Drivers/STM32F1xx_HAL_Driver/Src/stm32f1xx_hal_uart.o
 .debug_str     0x0009577f    0x8f73b ./Drivers/nrf24/NRF24.o

.comment        0x00000000       0x43
 .comment       0x00000000       0x43 ./Core/Src/Brazo.o
                                 0x44 (size before relaxing)
 .comment       0x00000043       0x44 ./Core/Src/BrazoFSM1.o
 .comment       0x00000043       0x44 ./Core/Src/main.o
 .comment       0x00000043       0x44 ./Core/Src/pca9685.o
 .comment       0x00000043       0x44 ./Core/Src/ssd1306.o
 .comment       0x00000043       0x44 ./Core/Src/ssd1306_fonts.o
 .comment       0x00000043       0x44 ./Core/Src/stm32f1xx_hal_msp.o
 .comment       0x00000043       0x44 ./Core/Src/stm32f1xx_it.o
 .comment       0x00000043       0x44 ./Core/Src/sysmem.o
 .comment       0x00000043       0x44 ./Core/Src/system_stm32f1xx.o
 .comment       0x00000043       0x44 ./Drivers/STM32F1xx_HAL_Driver/Src/stm32f1xx_hal.o
 .comment       0x00000043       0x44 ./Drivers/STM32F1xx_HAL_Driver/Src/stm32f1xx_hal_adc.o
 .comment       0x00000043       0x44 ./Drivers/STM32F1xx_HAL_Driver/Src/stm32f1xx_hal_cortex.o
 .comment       0x00000043       0x44 ./Drivers/STM32F1xx_HAL_Driver/Src/stm32f1xx_hal_dma.o
 .comment       0x00000043       0x44 ./Drivers/STM32F1xx_HAL_Driver/Src/stm32f1xx_hal_gpio.o
 .comment       0x00000043       0x44 ./Drivers/STM32F1xx_HAL_Driver/Src/stm32f1xx_hal_i2c.o
 .comment       0x00000043       0x44 ./Drivers/STM32F1xx_HAL_Driver/Src/stm32f1xx_hal_rcc.o
 .comment       0x00000043       0x44 ./Drivers/STM32F1xx_HAL_Driver/Src/stm32f1xx_hal_rcc_ex.o
 .comment       0x00000043       0x44 ./Drivers/STM32F1xx_HAL_Driver/Src/stm32f1xx_hal_spi.o
 .comment       0x00000043       0x44 ./Drivers/STM32F1xx_HAL_Driver/Src/stm32f1xx_hal_tim.o
 .comment       0x00000043       0x44 ./Drivers/STM32F1xx_HAL_Driver/Src/stm32f1xx_hal_tim_ex.o
 .comment       0x00000043       0x44 ./Drivers/STM32F1xx_HAL_Driver/Src/stm32f1xx_hal_uart.o
 .comment       0x00000043       0x44 ./Drivers/nrf24/NRF24.o

.debug_frame    0x00000000     0x5fdc
 .debug_frame   0x00000000       0xa0 ./Core/Src/Brazo.o
 .debug_frame   0x000000a0       0x7c ./Core/Src/BrazoFSM1.o
 .debug_frame   0x0000011c      0x194 ./Core/Src/main.o
 .debug_frame   0x000002b0      0x1c8 ./Core/Src/pca9685.o
 .debug_frame   0x00000478      0x3f0 ./Core/Src/ssd1306.o
 .debug_frame   0x00000868      0x19c ./Core/Src/stm32f1xx_hal_msp.o
 .debug_frame   0x00000a04      0x14c ./Core/Src/stm32f1xx_it.o
 .debug_frame   0x00000b50       0x34 ./Core/Src/sysmem.o
 .debug_frame   0x00000b84       0x50 ./Core/Src/system_stm32f1xx.o
 .debug_frame   0x00000bd4      0x2e4 ./Drivers/STM32F1xx_HAL_Driver/Src/stm32f1xx_hal.o
 .debug_frame   0x00000eb8      0x3e0 ./Drivers/STM32F1xx_HAL_Driver/Src/stm32f1xx_hal_adc.o
 .debug_frame   0x00001298      0x3f0 ./Drivers/STM32F1xx_HAL_Driver/Src/stm32f1xx_hal_cortex.o