Archive member included to satisfy reference by file (symbol)

D:/ST/STM32CubeIDE_2.1.0/STM32CubeIDE/plugins/com.st.stm32cube.ide.mcu.externaltools.gnu-tools-for-stm32.14.3.rel1.win32_1.0.100.202602081740/tools/bin/../lib/gcc/arm-none-eabi/14.3.1/../../../../arm-none-eabi/lib/thumb/v7-m/nofp\libc_nano.a(libc_a-exit.o)
                              D:/ST/STM32CubeIDE_2.1.0/STM32CubeIDE/plugins/com.st.stm32cube.ide.mcu.externaltools.gnu-tools-for-stm32.14.3.rel1.win32_1.0.100.202602081740/tools/bin/../lib/gcc/arm-none-eabi/14.3.1/../../../../arm-none-eabi/lib/thumb/v7-m/nofp/crt0.o (exit)
D:/ST/STM32CubeIDE_2.1.0/STM32CubeIDE/plugins/com.st.stm32cube.ide.mcu.externaltools.gnu-tools-for-stm32.14.3.rel1.win32_1.0.100.202602081740/tools/bin/../lib/gcc/arm-none-eabi/14.3.1/../../../../arm-none-eabi/lib/thumb/v7-m/nofp\libc_nano.a(libc_a-findfp.o)
                              D:/ST/STM32CubeIDE_2.1.0/STM32CubeIDE/plugins/com.st.stm32cube.ide.mcu.externaltools.gnu-tools-for-stm32.14.3.rel1.win32_1.0.100.202602081740/tools/bin/../lib/gcc/arm-none-eabi/14.3.1/../../../../arm-none-eabi/lib/thumb/v7-m/nofp\libc_nano.a(libc_a-exit.o) (__stdio_exit_handler)
D:/ST/STM32CubeIDE_2.1.0/STM32CubeIDE/plugins/com.st.stm32cube.ide.mcu.externaltools.gnu-tools-for-stm32.14.3.rel1.win32_1.0.100.202602081740/tools/bin/../lib/gcc/arm-none-eabi/14.3.1/../../../../arm-none-eabi/lib/thumb/v7-m/nofp\libc_nano.a(libc_a-fwalk.o)
                              D:/ST/STM32CubeIDE_2.1.0/STM32CubeIDE/plugins/com.st.stm32cube.ide.mcu.externaltools.gnu-tools-for-stm32.14.3.rel1.win32_1.0.100.202602081740/tools/bin/../lib/gcc/arm-none-eabi/14.3.1/../../../../arm-none-eabi/lib/thumb/v7-m/nofp\libc_nano.a(libc_a-findfp.o) (_fwalk_sglue)
D:/ST/STM32CubeIDE_2.1.0/STM32CubeIDE/plugins/com.st.stm32cube.ide.mcu.externaltools.gnu-tools-for-stm32.14.3.rel1.win32_1.0.100.202602081740/tools/bin/../lib/gcc/arm-none-eabi/14.3.1/../../../../arm-none-eabi/lib/thumb/v7-m/nofp\libc_nano.a(libc_a-snprintf.o)
                              ./Core/Src/ssd1306_tests.o (snprintf)
D:/ST/STM32CubeIDE_2.1.0/STM32CubeIDE/plugins/com.st.stm32cube.ide.mcu.externaltools.gnu-tools-for-stm32.14.3.rel1.win32_1.0.100.202602081740/tools/bin/../lib/gcc/arm-none-eabi/14.3.1/../../../../arm-none-eabi/lib/thumb/v7-m/nofp\libc_nano.a(libc_a-sprintf.o)
                              ./Core/Src/BrazoFSM1.o (sprintf)
D:/ST/STM32CubeIDE_2.1.0/STM32CubeIDE/plugins/com.st.stm32cube.ide.mcu.externaltools.gnu-tools-for-stm32.14.3.rel1.win32_1.0.100.202602081740/tools/bin/../lib/gcc/arm-none-eabi/14.3.1/../../../../arm-none-eabi/lib/thumb/v7-m/nofp\libc_nano.a(libc_a-stdio.o)
                              D:/ST/STM32CubeIDE_2.1.0/STM32CubeIDE/plugins/com.st.stm32cube.ide.mcu.externaltools.gnu-tools-for-stm32.14.3.rel1.win32_1.0.100.202602081740/tools/bin/../lib/gcc/arm-none-eabi/14.3.1/../../../../arm-none-eabi/lib/thumb/v7-m/nofp\libc_nano.a(libc_a-findfp.o) (__sread)
D:/ST/STM32CubeIDE_2.1.0/STM32CubeIDE/plugins/com.st.stm32cube.ide.mcu.externaltools.gnu-tools-for-stm32.14.3.rel1.win32_1.0.100.202602081740/tools/bin/../lib/gcc/arm-none-eabi/14.3.1/../../../../arm-none-eabi/lib/thumb/v7-m/nofp\libc_nano.a(libc_a-memmove.o)
                              ./Core/Src/ssd1306_tests.o (memmove)
D:/ST/STM32CubeIDE_2.1.0/STM32CubeIDE/plugins/com.st.stm32cube.ide.mcu.externaltools.gnu-tools-for-stm32.14.3.rel1.win32_1.0.100.202602081740/tools/bin/../lib/gcc/arm-none-eabi/14.3.1/../../../../arm-none-eabi/lib/thumb/v7-m/nofp\libc_nano.a(libc_a-memset.o)
                              D:/ST/STM32CubeIDE_2.1.0/STM32CubeIDE/plugins/com.st.stm32cube.ide.mcu.externaltools.gnu-tools-for-stm32.14.3.rel1.win32_1.0.100.202602081740/tools/bin/../lib/gcc/arm-none-eabi/14.3.1/../../../../arm-none-eabi/lib/thumb/v7-m/nofp/crt0.o (memset)
D:/ST/STM32CubeIDE_2.1.0/STM32CubeIDE/plugins/com.st.stm32cube.ide.mcu.externaltools.gnu-tools-for-stm32.14.3.rel1.win32_1.0.100.202602081740/tools/bin/../lib/gcc/arm-none-eabi/14.3.1/../../../../arm-none-eabi/lib/thumb/v7-m/nofp\libc_nano.a(libc_a-closer.o)
                              D:/ST/STM32CubeIDE_2.1.0/STM32CubeIDE/plugins/com.st.stm32cube.ide.mcu.externaltools.gnu-tools-for-stm32.14.3.rel1.win32_1.0.100.202602081740/tools/bin/../lib/gcc/arm-none-eabi/14.3.1/../../../../arm-none-eabi/lib/thumb/v7-m/nofp\libc_nano.a(libc_a-stdio.o) (_close_r)
D:/ST/STM32CubeIDE_2.1.0/STM32CubeIDE/plugins/com.st.stm32cube.ide.mcu.externaltools.gnu-tools-for-stm32.14.3.rel1.win32_1.0.100.202602081740/tools/bin/../lib/gcc/arm-none-eabi/14.3.1/../../../../arm-none-eabi/lib/thumb/v7-m/nofp\libc_nano.a(libc_a-reent.o)
                              D:/ST/STM32CubeIDE_2.1.0/STM32CubeIDE/plugins/com.st.stm32cube.ide.mcu.externaltools.gnu-tools-for-stm32.14.3.rel1.win32_1.0.100.202602081740/tools/bin/../lib/gcc/arm-none-eabi/14.3.1/../../../../arm-none-eabi/lib/thumb/v7-m/nofp\libc_nano.a(libc_a-closer.o) (errno)
[...]
Memory Configuration

Name             Origin             Length             Attributes
RAM              0x20000000         0x00005000         xrw
FLASH            0x08000000         0x00010000         xr
*default*        0x00000000         0xffffffff

Linker script and memory map

LOAD D:/ST/STM32CubeIDE_2.1.0/STM32CubeIDE/plugins/com.st.stm32cube.ide.mcu.externaltools.gnu-tools-for-stm32.14.3.rel1.win32_1.0.100.202602081740/tools/bin/../lib/gcc/arm-none-eabi/14.3.1/thumb/v7-m/nofp/crti.o
LOAD D:/ST/STM32CubeIDE_2.1.0/STM32CubeIDE/plugins/com.st.stm32cube.ide.mcu.externaltools.gnu-tools-for-stm32.14.3.rel1.win32_1.0.100.202602081740/tools/bin/../lib/gcc/arm-none-eabi/14.3.1/thumb/v7-m/nofp/crtbegin.o
LOAD D:/ST/STM32CubeIDE_2.1.0/STM32CubeIDE/plugins/com.st.stm32cube.ide.mcu.externaltools.gnu-tools-for-stm32.14.3.rel1.win32_1.0.100.202602081740/tools/bin/../lib/gcc/arm-none-eabi/14.3.1/../../../../arm-none-eabi/lib/thumb/v7-m/nofp/crt0.o
LOAD ./Core/Src/Brazo.o
LOAD ./Core/Src/BrazoFSM1.o
LOAD ./Core/Src/main.o
LOAD ./Core/Src/pca9685.o
LOAD ./Core/Src/ssd1306.o
LOAD ./Core/Src/ssd1306_fonts.o
LOAD ./Core/Src/ssd1306_tests.o
LOAD ./Core/Src/stm32f1xx_hal_msp.o
LOAD ./Core/Src/stm32f1xx_it.o
LOAD ./Core/Src/syscalls.o
LOAD ./Core/Src/sysmem.o
LOAD ./Core/Src/system_stm32f1xx.o
LOAD ./Core/Startup/startup_stm32f103c8tx.o
LOAD ./Drivers/STM32F1xx_HAL_Driver/Src/stm32f1xx_hal.o
LOAD ./Drivers/STM32F1xx_HAL_Driver/Src/stm32f1xx_hal_adc.o
LOAD ./Drivers/STM32F1xx_HAL_Driver/Src/stm32f1xx_hal_adc_ex.o
LOAD ./Drivers/STM32F1xx_HAL_Driver/Src/stm32f1xx_hal_cortex.o
LOAD ./Drivers/STM32F1xx_HAL_Driver/Src/stm32f1xx_hal_dma.o
LOAD ./Drivers/STM32F1xx_HAL_Driver/Src/stm32f1xx_hal_exti.o
LOAD ./Drivers/STM32F1xx_HAL_Driver/Src/stm32f1xx_hal_flash.o
LOAD ./Drivers/STM32F1xx_HAL_Driver/Src/stm32f1xx_hal_flash_ex.o
LOAD ./Drivers/STM32F1xx_HAL_Driver/Src/stm32f1xx_hal_gpio.o
LOAD ./Drivers/STM32F1xx_HAL_Driver/Src/stm32f1xx_hal_gpio_ex.o
LOAD ./Drivers/STM32F1xx_HAL_Driver/Src/stm32f1xx_hal_i2c.o
LOAD ./Drivers/STM32F1xx_HAL_Driver/Src/stm32f1xx_hal_pwr.o
LOAD ./Drivers/STM32F1xx_HAL_Driver/Src/stm32f1xx_hal_rcc.o
LOAD ./Drivers/STM32F1xx_HAL_Driver/Src/stm32f1xx_hal_rcc_ex.o
LOAD ./Drivers/STM32F1xx_HAL_Driver/Src/stm32f1xx_hal_spi.o
LOAD ./Drivers/STM32F1xx_HAL_Driver/Src/stm32f1xx_hal_tim.o
LOAD ./Drivers/STM32F1xx_HAL_Driver/Src/stm32f1xx_hal_tim_ex.o
LOAD ./Drivers/STM32F1xx_HAL_Driver/Src/stm32f1xx_hal_uart.o
LOAD ./Drivers/nrf24/NRF24.o
START GROUP
LOAD D:/ST/STM32CubeIDE_2.1.0/STM32CubeIDE/plugins/com.st.stm32cube.ide.mcu.externaltools.gnu-tools-for-stm32.14.3.rel1.win32_1.0.100.202602081740/tools/bin/../lib/gcc/arm-none-eabi/14.3.1/../../../../arm-none-eabi/lib/thumb/v7-m/nofp\libc_nano.a
LOAD D:/ST/STM32CubeIDE_2.1.0/STM32CubeIDE/plugins/com.st.stm32cube.ide.mcu.externaltools.gnu-tools-for-stm32.14.3.rel1.win32_1.0.100.202602081740/tools/bin/../lib/gcc/arm-none-eabi/14.3.1/../../../../arm-none-eabi/lib/thumb/v7-m/nofp\libm.a
END GROUP
START GROUP
LOAD D:/ST/STM32CubeIDE_2.1.0/STM32CubeIDE/plugins/com.st.stm32cube.ide.mcu.externaltools.gnu-tools-for-stm32.14.3.rel1.win32_1.0.100.202602081740/tools/bin/../lib/gcc/arm-none-eabi/14.3.1/thumb/v7-m/nofp\libgcc.a
LOAD D:/ST/STM32CubeIDE_2.1.0/STM32CubeIDE/plugins/com.st.stm32cube.ide.mcu.externaltools.gnu-tools-for-stm32.14.3.rel1.win32_1.0.100.202602081740/tools/bin/../lib/gcc/arm-none-eabi/14.3.1/../../../../arm-none-eabi/lib/thumb/v7-m/nofp\libc_nano.a
END GROUP
START GROUP
LOAD D:/ST/STM32CubeIDE_2.1.0/STM32CubeIDE/plugins/com.st.stm32cube.ide.mcu.externaltools.gnu-tools-for-stm32.14.3.rel1.win32_1.0.100.202602081740/tools/bin/../lib/gcc/arm-none-eabi/14.3.1/thumb/v7-m/nofp\libgcc.a
LOAD D:/ST/STM32CubeIDE_2.1.0/STM32CubeIDE/plugins/com.st.stm32cube.ide.mcu.externaltools.gnu-tools-for-stm32.14.3.rel1.win32_1.0.100.202602081740/tools/bin/../lib/gcc/arm-none-eabi/14.3.1/../../../../arm-none-eabi/lib/thumb/v7-m/nofp\libc_nano.a
LOAD D:/ST/STM32CubeIDE_2.1.0/STM32CubeIDE/plugins/com.st.stm32cube.ide.mcu.externaltools.gnu-tools-for-stm32.14.3.rel1.win32_1.0.100.202602081740/tools/bin/../lib/gcc/arm-none-eabi/14.3.1/../../../../arm-none-eabi/lib/thumb/v7-m/nofp\libnosys.a
END GROUP
START GROUP
LOAD D:/ST/STM32CubeIDE_2.1.0/STM32CubeIDE/plugins/com.st.stm32cube.ide.mcu.externaltools.gnu-tools-for-stm32.14.3.rel1.win32_1.0.100.202602081740/tools/bin/../lib/gcc/arm-none-eabi/14.3.1/thumb/v7-m/nofp\libgcc.a
LOAD D:/ST/STM32CubeIDE_2.1.0/STM32CubeIDE/plugins/com.st.stm32cube.ide.mcu.externaltools.gnu-tools-for-stm32.14.3.rel1.win32_1.0.100.202602081740/tools/bin/../lib/gcc/arm-none-eabi/14.3.1/../../../../arm-none-eabi/lib/thumb/v7-m/nofp\libc_nano.a
LOAD D:/ST/STM32CubeIDE_2.1.0/STM32CubeIDE/plugins/com.st.stm32cube.ide.mcu.externaltools.gnu-tools-for-stm32.14.3.rel1.win32_1.0.100.202602081740/tools/bin/../lib/gcc/arm-none-eabi/14.3.1/../../../../arm-none-eabi/lib/thumb/v7-m/nofp\libnosys.a
END GROUP
LOAD D:/ST/STM32CubeIDE_2.1.0/STM32CubeIDE/plugins/com.st.stm32cube.ide.mcu.externaltools.gnu-tools-for-stm32.14.3.rel1.win32_1.0.100.202602081740/tools/bin/../lib/gcc/arm-none-eabi/14.3.1/thumb/v7-m/nofp/crtend.o
LOAD D:/ST/STM32CubeIDE_2.1.0/STM32CubeIDE/plugins/com.st.stm32cube.ide.mcu.externaltools.gnu-tools-for-stm32.14.3.rel1.win32_1.0.100.202602081740/tools/bin/../lib/gcc/arm-none-eabi/14.3.1/thumb/v7-m/nofp/crtn.o
                0x20005000                        _estack = (ORIGIN (RAM) + LENGTH (RAM))
                0x00000200                        _Min_Heap_Size = 0x200
                0x00000400                        _Min_Stack_Size = 0x400

.isr_vector     0x08000000      0x10c
                0x08000000                        . = ALIGN (0x4)
 *(.isr_vector)
 .isr_vector    0x08000000      0x10c ./Core/Startup/startup_stm32f103c8tx.o
                0x08000000                g_pfnVectors
                0x0800010c                        . = ALIGN (0x4)

.text           0x08000110     0x8594
                0x08000110                        . = ALIGN (0x4)
 *(.text)
 .text          0x08000110       0x40 D:/ST/STM32CubeIDE_2.1.0/STM32CubeIDE/plugins/com.st.stm32cube.ide.mcu.externaltools.gnu-tools-for-stm32.14.3.rel1.win32_1.0.100.202602081740/tools/bin/../lib/gcc/arm-none-eabi/14.3.1/thumb/v7-m/nofp/crtbegin.o
 .text          0x08000150      0x378 D:/ST/STM32CubeIDE_2.1.0/STM32CubeIDE/plugins/com.st.stm32cube.ide.mcu.externaltools.gnu-tools-for-stm32.14.3.rel1.win32_1.0.100.202602081740/tools/bin/../lib/gcc/arm-none-eabi/14.3.1/thumb/v7-m/nofp\libgcc.a(_arm_addsubdf3.o)
                0x08000150                __aeabi_drsub
                0x08000158                __aeabi_dsub
                0x08000158                __subdf3
                0x0800015c                __aeabi_dadd
                0x0800015c                __adddf3
                0x080003d4                __floatunsidf
                0x080003d4                __aeabi_ui2d
                0x080003f4                __floatsidf
                0x080003f4                __aeabi_i2d
                0x08000418                __aeabi_f2d
                0x08000418                __extendsfdf2
                0x0800045c                __floatundidf
                0x0800045c                __aeabi_ul2d
                0x0800046c                __floatdidf
                0x0800046c                __aeabi_l2d
 .text          0x080004c8      0x424 D:/ST/STM32CubeIDE_2.1.0/STM32CubeIDE/plugins/com.st.stm32cube.ide.mcu.externaltools.gnu-tools-for-stm32.14.3.rel1.win32_1.0.100.202602081740/tools/bin/../lib/gcc/arm-none-eabi/14.3.1/thumb/v7-m/nofp\libgcc.a(_arm_muldivdf3.o)
                0x080004c8                __aeabi_dmul
                0x080004c8                __muldf3
                0x0800071c                __divdf3
                0x0800071c                __aeabi_ddiv
 .text          0x080008ec      0x110 D:/ST/STM32CubeIDE_2.1.0/STM32CubeIDE/plugins/com.st.stm32cube.ide.mcu.externaltools.gnu-tools-for-stm32.14.3.rel1.win32_1.0.100.202602081740/tools/bin/../lib/gcc/arm-none-eabi/14.3.1/thumb/v7-m/nofp\libgcc.a(_arm_cmpdf2.o)
                0x080008ec                __gtdf2
                0x080008ec                __gedf2
                0x080008f4                __ltdf2
                0x080008f4                __ledf2
                0x080008fc                __nedf2
                0x080008fc                __eqdf2
                0x080008fc                __cmpdf2
                0x08000978                __aeabi_cdrcmple
                0x08000988                __aeabi_cdcmpeq
                0x08000988                __aeabi_cdcmple
                0x08000998                __aeabi_dcmpeq
                0x080009ac                __aeabi_dcmplt
                0x080009c0                __aeabi_dcmple
                0x080009d4                __aeabi_dcmpge
                0x080009e8                __aeabi_dcmpgt
 .text          0x080009fc       0x40 D:/ST/STM32CubeIDE_2.1.0/STM32CubeIDE/plugins/com.st.stm32cube.ide.mcu.externaltools.gnu-tools-for-stm32.14.3.rel1.win32_1.0.100.202602081740/tools/bin/../lib/gcc/arm-none-eabi/14.3.1/thumb/v7-m/nofp\libgcc.a(_arm_fixunsdfsi.o)
                0x080009fc                __aeabi_d2uiz
                0x080009fc                __fixunsdfsi
 .text          0x08000a3c       0xa0 D:/ST/STM32CubeIDE_2.1.0/STM32CubeIDE/plugins/com.st.stm32cube.ide.mcu.externaltools.gnu-tools-for-stm32.14.3.rel1.win32_1.0.100.202602081740/tools/bin/../lib/gcc/arm-none-eabi/14.3.1/thumb/v7-m/nofp\libgcc.a(_arm_truncdfsf2.o)
                0x08000a3c                __truncdfsf2
                0x08000a3c                __aeabi_d2f
 .text          0x08000adc      0x21c D:/ST/STM32CubeIDE_2.1.0/STM32CubeIDE/plugins/com.st.stm32cube.ide.mcu.externaltools.gnu-tools-for-stm32.14.3.rel1.win32_1.0.100.202602081740/tools/bin/../lib/gcc/arm-none-eabi/14.3.1/thumb/v7-m/nofp\libgcc.a(_arm_addsubsf3.o)
                0x08000adc                __aeabi_frsub
                0x08000ae4                __subsf3
                0x08000ae4                __aeabi_fsub
                0x08000ae8                __aeabi_fadd
                0x08000ae8                __addsf3
                0x08000c48                __aeabi_ui2f
                0x08000c48                __floatunsisf
                0x08000c50                __aeabi_i2f
                0x08000c50                __floatsisf
                0x08000c6c                __aeabi_ul2f
                0x08000c6c                __floatundisf
                0x08000c7c                __aeabi_l2f
                0x08000c7c                __floatdisf
 .text          0x08000cf8      0x2a0 D:/ST/STM32CubeIDE_2.1.0/STM32CubeIDE/plugins/com.st.stm32cube.ide.mcu.externaltools.gnu-tools-for-stm32.14.3.rel1.win32_1.0.100.202602081740/tools/bin/../lib/gcc/arm-none-eabi/14.3.1/thumb/v7-m/nofp\libgcc.a(_arm_muldivsf3.o)
                0x08000cf8                __mulsf3
                0x08000cf8                __aeabi_fmul
                0x08000e60                __aeabi_fdiv
                0x08000e60                __divsf3
 .text          0x08000f98       0xec D:/ST/STM32CubeIDE_2.1.0/STM32CubeIDE/plugins/com.st.stm32cube.ide.mcu.externaltools.gnu-tools-for-stm32.14.3.rel1.win32_1.0.100.202602081740/tools/bin/../lib/gcc/arm-none-eabi/14.3.1/thumb/v7-m/nofp\libgcc.a(_arm_cmpsf2.o)
                0x08000f98                __gesf2
                0x08000f98                __gtsf2
                0x08000fa0                __lesf2
                0x08000fa0                __ltsf2
                0x08000fa8                __nesf2
                0x08000fa8                __eqsf2
                0x08000fa8                __cmpsf2
                0x08001008                __aeabi_cfrcmple
                0x08001010                __aeabi_cfcmpeq
                0x08001010                __aeabi_cfcmple
                0x08001020                __aeabi_fcmpeq
                0x08001034                __aeabi_fcmplt
                0x08001048                __aeabi_fcmple
                0x0800105c                __aeabi_fcmpge
                0x08001070                __aeabi_fcmpgt
 .text          0x08001084       0x2c D:/ST/STM32CubeIDE_2.1.0/STM32CubeIDE/plugins/com.st.stm32cube.ide.mcu.externaltools.gnu-tools-for-stm32.14.3.rel1.win32_1.0.100.202602081740/tools/bin/../lib/gcc/arm-none-eabi/14.3.1/thumb/v7-m/nofp\libgcc.a(_arm_unordsf2.o)
                0x08001084                __unordsf2
                0x08001084                __aeabi_fcmpun
 .text          0x080010b0       0x4c D:/ST/STM32CubeIDE_2.1.0/STM32CubeIDE/plugins/com.st.stm32cube.ide.mcu.externaltools.gnu-tools-for-stm32.14.3.rel1.win32_1.0.100.202602081740/tools/bin/../lib/gcc/arm-none-eabi/14.3.1/thumb/v7-m/nofp\libgcc.a(_arm_fixsfsi.o)
                0x080010b0                __aeabi_f2iz
                0x080010b0                __fixsfsi
 .text          0x080010fc       0x40 D:/ST/STM32CubeIDE_2.1.0/STM32CubeIDE/plugins/com.st.stm32cube.ide.mcu.externaltools.gnu-tools-for-stm32.14.3.rel1.win32_1.0.100.202602081740/tools/bin/../lib/gcc/arm-none-eabi/14.3.1/thumb/v7-m/nofp\libgcc.a(_arm_fixunssfsi.o)
                0x080010fc                __fixunssfsi
                0x080010fc                __aeabi_f2uiz
 *(.text*)
 .text.UpdateBrazo
                0x0800113c       0xa8 ./Core/Src/Brazo.o
                0x0800113c                UpdateBrazo
 .text.park     0x080011e4       0x4c ./Core/Src/Brazo.o
                0x080011e4                park
 .text.FSM_Brazo
                0x08001230      0x328 ./Core/Src/BrazoFSM1.o
                0x08001230                FSM_Brazo
 .text.FSM_Brazo_init
                0x08001558       0x18 ./Core/Src/BrazoFSM1.o
                0x08001558                FSM_Brazo_init
 .text.clampf   0x08001570       0x3a ./Core/Src/BrazoFSM1.o
 .text.mapf     0x080015aa       0x56 ./Core/Src/BrazoFSM1.o
 .text.processComm
                0x08001600      0x328 ./Core/Src/BrazoFSM1.o
 .text.main     0x08001928      0x264 ./Core/Src/main.o
                0x08001928                main
 .text.SystemClock_Config
                0x08001b8c       0xb2 ./Core/Src/main.o
                0x08001b8c                SystemClock_Config
 *fill*         0x08001c3e        0x2 
 .text.MX_ADC1_Init
                0x08001c40       0x7c ./Core/Src/main.o
 .text.MX_I2C1_Init
                0x08001cbc       0x5c ./Core/Src/main.o
 .text.MX_I2C2_Init
                0x08001d18       0x5c ./Core/Src/main.o
 .text.MX_SPI1_Init
                0x08001d74       0x6c ./Core/Src/main.o
 .text.MX_TIM1_Init
                0x08001de0       0xa4 ./Core/Src/main.o
 .text.MX_USART1_UART_Init
                0x08001e84       0x54 ./Core/Src/main.o
 .text.MX_GPIO_Init
                0x08001ed8      0x134 ./Core/Src/main.o
 .text.HAL_GPIO_EXTI_Callback
                0x0800200c       0x24 ./Core/Src/main.o
                0x0800200c                HAL_GPIO_EXTI_Callback
 .text.Error_Handler
                0x08002030        0xc ./Core/Src/main.o
                0x08002030                Error_Handler
 .text.PCA9685_SetBit
                0x0800203c       0xb4 ./Core/Src/pca9685.o
                0x0800203c                PCA9685_SetBit
 .text.PCA9685_SoftwareReset
                0x080020f0       0x34 ./Core/Src/pca9685.o
                0x080020f0                PCA9685_SoftwareReset
 .text.PCA9685_SleepMode
                0x08002124       0x20 ./Core/Src/pca9685.o
                0x08002124                PCA9685_SleepMode
 .text.PCA9685_RestartMode
                0x08002144       0x20 ./Core/Src/pca9685.o
                0x08002144                PCA9685_RestartMode
 .text.PCA9685_AutoIncrement
                0x08002164       0x20 ./Core/Src/pca9685.o
                0x08002164                PCA9685_AutoIncrement
 *fill*         0x08002184        0x4 
 .text.PCA9685_SetPwmFrequency
                0x08002188       0xf0 ./Core/Src/pca9685.o
                0x08002188                PCA9685_SetPwmFrequency
 .text.PCA9685_SetPwm
                0x08002278       0x74 ./Core/Src/pca9685.o
                0x08002278                PCA9685_SetPwm
 .text.PCA9685_SetPin
                0x080022ec       0xbc ./Core/Src/pca9685.o
                0x080022ec                PCA9685_SetPin
 .text.PCA9685_SetServoAngle
                0x080023a8       0xac ./Core/Src/pca9685.o
                0x080023a8                PCA9685_SetServoAngle
 .text.PCA9685_Init
                0x08002454       0x2c ./Core/Src/pca9685.o
                0x08002454                PCA9685_Init
 .text.ssd1306_Reset
                0x08002480        0xc ./Core/Src/ssd1306.o
                0x08002480                ssd1306_Reset
 .text.ssd1306_WriteCommand
                0x0800248c       0x30 ./Core/Src/ssd1306.o
                0x0800248c                ssd1306_WriteCommand
 .text.ssd1306_WriteData
                0x080024bc       0x34 ./Core/Src/ssd1306.o
                0x080024bc                ssd1306_WriteData
 .text.ssd1306_Init
                0x080024f0       0xd4 ./Core/Src/ssd1306.o
                0x080024f0                ssd1306_Init
 .text.ssd1306_Fill
                0x080025c4       0x30 ./Core/Src/ssd1306.o
                0x080025c4                ssd1306_Fill
 .text.ssd1306_UpdateScreen
                0x080025f4       0x50 ./Core/Src/ssd1306.o
                0x080025f4                ssd1306_UpdateScreen
 .text.ssd1306_DrawPixel
                0x08002644       0xa4 ./Core/Src/ssd1306.o
                0x08002644                ssd1306_DrawPixel
 .text.ssd1306_WriteChar
                0x080026e8      0x124 ./Core/Src/ssd1306.o
                0x080026e8                ssd1306_WriteChar
 .text.ssd1306_WriteString
                0x0800280c       0x4c ./Core/Src/ssd1306.o
                0x0800280c                ssd1306_WriteString
 .text.ssd1306_SetCursor
                0x08002858       0x30 ./Core/Src/ssd1306.o
                0x08002858                ssd1306_SetCursor
 .text.ssd1306_SetContrast
                0x08002888       0x26 ./Core/Src/ssd1306.o
                0x08002888                ssd1306_SetContrast
 *fill*         0x080028ae        0x2 
 .text.ssd1306_SetDisplayOn
                0x080028b0       0x3c ./Core/Src/ssd1306.o
                0x080028b0                ssd1306_SetDisplayOn
 .text.mensaje_ssd
                0x080028ec       0x42 ./Core/Src/ssd1306.o
                0x080028ec                mensaje_ssd
 *fill*         0x0800292e        0x2 
 .text.HAL_MspInit
                0x08002930       0x64 ./Core/Src/stm32f1xx_hal_msp.o
                0x08002930                HAL_MspInit
 .text.HAL_ADC_MspInit
                0x08002994       0x78 ./Core/Src/stm32f1xx_hal_msp.o
                0x08002994                HAL_ADC_MspInit
 .text.HAL_I2C_MspInit
                0x08002a0c       0xd8 ./Core/Src/stm32f1xx_hal_msp.o
                0x08002a0c                HAL_I2C_MspInit
 .text.HAL_SPI_MspInit
                0x08002ae4       0x94 ./Core/Src/stm32f1xx_hal_msp.o
                0x08002ae4                HAL_SPI_MspInit
 .text.HAL_TIM_Base_MspInit
                0x08002b78       0x3c ./Core/Src/stm32f1xx_hal_msp.o
                0x08002b78                HAL_TIM_Base_MspInit
 .text.HAL_UART_MspInit
                0x08002bb4       0xa8 ./Core/Src/stm32f1xx_hal_msp.o
                0x08002bb4                HAL_UART_MspInit
 .text.NMI_Handler
                0x08002c5c        0x8 ./Core/Src/stm32f1xx_it.o
                0x08002c5c                NMI_Handler
 .text.HardFault_Handler
                0x08002c64        0x8 ./Core/Src/stm32f1xx_it.o
                0x08002c64                HardFault_Handler
 .text.MemManage_Handler
                0x08002c6c        0x8 ./Core/Src/stm32f1xx_it.o
                0x08002c6c                MemManage_Handler
 .text.BusFault_Handler
                0x08002c74        0x8 ./Core/Src/stm32f1xx_it.o
                0x08002c74                BusFault_Handler
 .text.UsageFault_Handler
                0x08002c7c        0x8 ./Core/Src/stm32f1xx_it.o
                0x08002c7c                UsageFault_Handler
 .text.SVC_Handler
                0x08002c84        0xc ./Core/Src/stm32f1xx_it.o
                0x08002c84                SVC_Handler
 .text.DebugMon_Handler
                0x08002c90        0xc ./Core/Src/stm32f1xx_it.o
                0x08002c90                DebugMon_Handler
 .text.PendSV_Handler
                0x08002c9c        0xc ./Core/Src/stm32f1xx_it.o
                0x08002c9c                PendSV_Handler
 .text.SysTick_Handler
                0x08002ca8        0xc ./Core/Src/stm32f1xx_it.o
                0x08002ca8                SysTick_Handler
 .text.EXTI0_IRQHandler
                0x08002cb4        0xe ./Core/Src/stm32f1xx_it.o
                0x08002cb4                EXTI0_IRQHandler
 .text.EXTI4_IRQHandler
                0x08002cc2        0xe ./Core/Src/stm32f1xx_it.o
                0x08002cc2                EXTI4_IRQHandler
 .text.USART1_IRQHandler
                0x08002cd0       0x14 ./Core/Src/stm32f1xx_it.o
                0x08002cd0                USART1_IRQHandler
 .text._sbrk    0x08002ce4       0x6c ./Core/Src/sysmem.o
                0x08002ce4                _sbrk
 .text.SystemInit
                0x08002d50        0xc ./Core/Src/system_stm32f1xx.o
                0x08002d50                SystemInit
 .text.Reset_Handler
                0x08002d5c       0x48 ./Core/Startup/startup_stm32f103c8tx.o
                0x08002d5c                Reset_Handler
 .text.Default_Handler
                0x08002da4        0x2 ./Core/Startup/startup_stm32f103c8tx.o
                0x08002da4                RTC_Alarm_IRQHandler
                0x08002da4                EXTI2_IRQHandler
                0x08002da4                TIM1_CC_IRQHandler
                0x08002da4                PVD_IRQHandler
                0x08002da4                EXTI3_IRQHandler
                0x08002da4                I2C2_EV_IRQHandler
                0x08002da4                ADC1_2_IRQHandler
                0x08002da4                SPI1_IRQHandler
                0x08002da4                TAMPER_IRQHandler
                0x08002da4                DMA1_Channel4_IRQHandler
                0x08002da4                USART3_IRQHandler
                0x08002da4                RTC_IRQHandler
                0x08002da4                DMA1_Channel7_IRQHandler
                0x08002da4                CAN1_RX1_IRQHandler
                0x08002da4                TIM4_IRQHandler
                0x08002da4                I2C1_EV_IRQHandler
                0x08002da4                DMA1_Channel6_IRQHandler
                0x08002da4                TIM3_IRQHandler
                0x08002da4                RCC_IRQHandler
                0x08002da4                TIM1_TRG_COM_IRQHandler
                0x08002da4                DMA1_Channel1_IRQHandler
                0x08002da4                Default_Handler
                0x08002da4                EXTI15_10_IRQHandler
                0x08002da4                EXTI9_5_IRQHandler
                0x08002da4                SPI2_IRQHandler
                0x08002da4                DMA1_Channel5_IRQHandler
                0x08002da4                USB_LP_CAN1_RX0_IRQHandler
                0x08002da4                USB_HP_CAN1_TX_IRQHandler
                0x08002da4                DMA1_Channel3_IRQHandler
                0x08002da4                TIM1_UP_IRQHandler
                0x08002da4                WWDG_IRQHandler
                0x08002da4                TIM2_IRQHandler
                0x08002da4                TIM1_BRK_IRQHandler
                0x08002da4                EXTI1_IRQHandler
                0x08002da4                USART2_IRQHandler
                0x08002da4                I2C2_ER_IRQHandler
                0x08002da4                DMA1_Channel2_IRQHandler
                0x08002da4                CAN1_SCE_IRQHandler
                0x08002da4                FLASH_IRQHandler
                0x08002da4                I2C1_ER_IRQHandler
                0x08002da4                USBWakeUp_IRQHandler
 *fill*         0x08002da6        0x2 
 .text.HAL_Init
                0x08002da8       0x2c ./Drivers/STM32F1xx_HAL_Driver/Src/stm32f1xx_hal.o
                0x08002da8                HAL_Init
 .text.HAL_InitTick
                0x08002dd4       0x60 ./Drivers/STM32F1xx_HAL_Driver/Src/stm32f1xx_hal.o
                0x08002dd4                HAL_InitTick
 .text.HAL_IncTick
                0x08002e34       0x24 ./Drivers/STM32F1xx_HAL_Driver/Src/stm32f1xx_hal.o
                0x08002e34                HAL_IncTick
 .text.HAL_GetTick
                0x08002e58       0x14 ./Drivers/STM32F1xx_HAL_Driver/Src/stm32f1xx_hal.o
                0x08002e58                HAL_GetTick
 .text.HAL_Delay
                0x08002e6c       0x48 ./Drivers/STM32F1xx_HAL_Driver/Src/stm32f1xx_hal.o
                0x08002e6c                HAL_Delay
 .text.HAL_ADC_Init
                0x08002eb4      0x1b0 ./Drivers/STM32F1xx_HAL_Driver/Src/stm32f1xx_hal_adc.o
                0x08002eb4                HAL_ADC_Init
 .text.HAL_ADC_ConfigChannel
                0x08003064      0x1f0 ./Drivers/STM32F1xx_HAL_Driver/Src/stm32f1xx_hal_adc.o
                0x08003064                HAL_ADC_ConfigChannel
 .text.ADC_ConversionStop_Disable
                0x08003254       0x82 ./Drivers/STM32F1xx_HAL_Driver/Src/stm32f1xx_hal_adc.o
                0x08003254                ADC_ConversionStop_Disable
 *fill*         0x080032d6        0x2 
 .text.__NVIC_SetPriorityGrouping
                0x080032d8       0x48 ./Drivers/STM32F1xx_HAL_Driver/Src/stm32f1xx_hal_cortex.o
 .text.__NVIC_GetPriorityGrouping
                0x08003320       0x1c ./Drivers/STM32F1xx_HAL_Driver/Src/stm32f1xx_hal_cortex.o
 .text.__NVIC_EnableIRQ
                0x0800333c       0x38 ./Drivers/STM32F1xx_HAL_Driver/Src/stm32f1xx_hal_cortex.o
 .text.__NVIC_SetPriority
                0x08003374       0x54 ./Drivers/STM32F1xx_HAL_Driver/Src/stm32f1xx_hal_cortex.o
 .text.NVIC_EncodePriority
                0x080033c8       0x64 ./Drivers/STM32F1xx_HAL_Driver/Src/stm32f1xx_hal_cortex.o
 .text.SysTick_Config
                0x0800342c       0x44 ./Drivers/STM32F1xx_HAL_Driver/Src/stm32f1xx_hal_cortex.o
 .text.HAL_NVIC_SetPriorityGrouping
                0x08003470       0x16 ./Drivers/STM32F1xx_HAL_Driver/Src/stm32f1xx_hal_cortex.o
                0x08003470                HAL_NVIC_SetPriorityGrouping
 .text.HAL_NVIC_SetPriority
                0x08003486       0x38 ./Drivers/STM32F1xx_HAL_Driver/Src/stm32f1xx_hal_cortex.o
                0x08003486                HAL_NVIC_SetPriority
 .text.HAL_NVIC_EnableIRQ
                0x080034be       0x1c ./Drivers/STM32F1xx_HAL_Driver/Src/stm32f1xx_hal_cortex.o
                0x080034be                HAL_NVIC_EnableIRQ
 .text.HAL_SYSTICK_Config
                0x080034da       0x18 ./Drivers/STM32F1xx_HAL_Driver/Src/stm32f1xx_hal_cortex.o
                0x080034da                HAL_SYSTICK_Config
 .text.HAL_DMA_Abort
                0x080034f2       0x76 ./Drivers/STM32F1xx_HAL_Driver/Src/stm32f1xx_hal_dma.o
                0x080034f2                HAL_DMA_Abort
 .text.HAL_DMA_Abort_IT
                0x08003568       0xf0 ./Drivers/STM32F1xx_HAL_Driver/Src/stm32f1xx_hal_dma.o
                0x08003568                HAL_DMA_Abort_IT
 .text.HAL_GPIO_Init
                0x08003658      0x308 ./Drivers/STM32F1xx_HAL_Driver/Src/stm32f1xx_hal_gpio.o
                0x08003658                HAL_GPIO_Init
 .text.HAL_GPIO_WritePin
                0x08003960       0x30 ./Drivers/STM32F1xx_HAL_Driver/Src/stm32f1xx_hal_gpio.o
                0x08003960                HAL_GPIO_WritePin
 .text.HAL_GPIO_TogglePin
                0x08003990       0x32 ./Drivers/STM32F1xx_HAL_Driver/Src/stm32f1xx_hal_gpio.o
                0x08003990                HAL_GPIO_TogglePin
 *fill*         0x080039c2        0x2 
 .text.HAL_GPIO_EXTI_IRQHandler
                0x080039c4       0x30 ./Drivers/STM32F1xx_HAL_Driver/Src/stm32f1xx_hal_gpio.o
                0x080039c4                HAL_GPIO_EXTI_IRQHandler
 .text.HAL_I2C_Init
                0x080039f4      0x288 ./Drivers/STM32F1xx_HAL_Driver/Src/stm32f1xx_hal_i2c.o
                0x080039f4                HAL_I2C_Init
 .text.HAL_I2C_Master_Transmit
                0x08003c7c      0x1fc ./Drivers/STM32F1xx_HAL_Driver/Src/stm32f1xx_hal_i2c.o
                0x08003c7c                HAL_I2C_Master_Transmit
 .text.HAL_I2C_Mem_Write
                0x08003e78      0x1f4 ./Drivers/STM32F1xx_HAL_Driver/Src/stm32f1xx_hal_i2c.o
                0x08003e78                HAL_I2C_Mem_Write
 .text.HAL_I2C_Mem_Read
                0x0800406c      0x4e8 ./Drivers/STM32F1xx_HAL_Driver/Src/stm32f1xx_hal_i2c.o
                0x0800406c                HAL_I2C_Mem_Read
 .text.I2C_MasterRequestWrite
                0x08004554      0x104 ./Drivers/STM32F1xx_HAL_Driver/Src/stm32f1xx_hal_i2c.o
 .text.I2C_RequestMemoryWrite
                0x08004658      0x12c ./Drivers/STM32F1xx_HAL_Driver/Src/stm32f1xx_hal_i2c.o
 .text.I2C_RequestMemoryRead
                0x08004784      0x1d0 ./Drivers/STM32F1xx_HAL_Driver/Src/stm32f1xx_hal_i2c.o
 .text.I2C_WaitOnFlagUntilTimeout
                0x08004954       0xf4 ./Drivers/STM32F1xx_HAL_Driver/Src/stm32f1xx_hal_i2c.o
 .text.I2C_WaitOnMasterAddressFlagUntilTimeout
                0x08004a48      0x140 ./Drivers/STM32F1xx_HAL_Driver/Src/stm32f1xx_hal_i2c.o
 .text.I2C_WaitOnTXEFlagUntilTimeout
                0x08004b88       0x90 ./Drivers/STM32F1xx_HAL_Driver/Src/stm32f1xx_hal_i2c.o
 .text.I2C_WaitOnBTFFlagUntilTimeout
                0x08004c18       0x90 ./Drivers/STM32F1xx_HAL_Driver/Src/stm32f1xx_hal_i2c.o
 .text.I2C_WaitOnRXNEFlagUntilTimeout
                0x08004ca8       0xba ./Drivers/STM32F1xx_HAL_Driver/Src/stm32f1xx_hal_i2c.o
 .text.I2C_IsAcknowledgeFailed
                0x08004d62       0x5c ./Drivers/STM32F1xx_HAL_Driver/Src/stm32f1xx_hal_i2c.o
 *fill*         0x08004dbe        0x2 
 .text.HAL_RCC_OscConfig
                0x08004dc0      0x504 ./Drivers/STM32F1xx_HAL_Driver/Src/stm32f1xx_hal_rcc.o
                0x08004dc0                HAL_RCC_OscConfig
 .text.HAL_RCC_ClockConfig
                0x080052c4      0x1d4 ./Drivers/STM32F1xx_HAL_Driver/Src/stm32f1xx_hal_rcc.o
                0x080052c4                HAL_RCC_ClockConfig
 .text.HAL_RCC_GetSysClockFreq
                0x08005498       0xa8 ./Drivers/STM32F1xx_HAL_Driver/Src/stm32f1xx_hal_rcc.o
                0x08005498                HAL_RCC_GetSysClockFreq
 .text.HAL_RCC_GetHCLKFreq
                0x08005540       0x14 ./Drivers/STM32F1xx_HAL_Driver/Src/stm32f1xx_hal_rcc.o
                0x08005540                HAL_RCC_GetHCLKFreq
 .text.HAL_RCC_GetPCLK1Freq
                0x08005554       0x28 ./Drivers/STM32F1xx_HAL_Driver/Src/stm32f1xx_hal_rcc.o
                0x08005554                HAL_RCC_GetPCLK1Freq
 .text.HAL_RCC_GetPCLK2Freq
                0x0800557c       0x28 ./Drivers/STM32F1xx_HAL_Driver/Src/stm32f1xx_hal_rcc.o
                0x0800557c                HAL_RCC_GetPCLK2Freq
 .text.RCC_Delay
                0x080055a4       0x3c ./Drivers/STM32F1xx_HAL_Driver/Src/stm32f1xx_hal_rcc.o
 .text.HAL_RCCEx_PeriphCLKConfig
                0x080055e0      0x16c ./Drivers/STM32F1xx_HAL_Driver/Src/stm32f1xx_hal_rcc_ex.o
                0x080055e0                HAL_RCCEx_PeriphCLKConfig
 .text.HAL_SPI_Init
                0x0800574c      0x108 ./Drivers/STM32F1xx_HAL_Driver/Src/stm32f1xx_hal_spi.o
                0x0800574c                HAL_SPI_Init
 .text.HAL_SPI_Transmit
                0x08005854      0x288 ./Drivers/STM32F1xx_HAL_Driver/Src/stm32f1xx_hal_spi.o
                0x08005854                HAL_SPI_Transmit
 .text.HAL_SPI_TransmitReceive
                0x08005adc      0x352 ./Drivers/STM32F1xx_HAL_Driver/Src/stm32f1xx_hal_spi.o
                0x08005adc                HAL_SPI_TransmitReceive
 *fill*         0x08005e2e        0x2 
 .text.SPI_WaitFlagStateUntilTimeout
                0x08005e30      0x110 ./Drivers/STM32F1xx_HAL_Driver/Src/stm32f1xx_hal_spi.o
 .text.SPI_EndRxTxTransaction
                0x08005f40       0x62 ./Drivers/STM32F1xx_HAL_Driver/Src/stm32f1xx_hal_spi.o
 .text.HAL_TIM_Base_Init
                0x08005fa2       0x9e ./Drivers/STM32F1xx_HAL_Driver/Src/stm32f1xx_hal_tim.o
                0x08005fa2                HAL_TIM_Base_Init
 .text.HAL_TIM_Base_Start
                0x08006040       0x94 ./Drivers/STM32F1xx_HAL_Driver/Src/stm32f1xx_hal_tim.o
                0x08006040                HAL_TIM_Base_Start
 .text.HAL_TIM_ConfigClockSource
                0x080060d4      0x18e ./Drivers/STM32F1xx_HAL_Driver/Src/stm32f1xx_hal_tim.o
                0x080060d4                HAL_TIM_ConfigClockSource
 *fill*         0x08006262        0x2 
 .text.TIM_Base_SetConfig
                0x08006264       0xdc ./Drivers/STM32F1xx_HAL_Driver/Src/stm32f1xx_hal_tim.o
                0x08006264                TIM_Base_SetConfig
 .text.TIM_TI1_ConfigInputStage
                0x08006340       0x5c ./Drivers/STM32F1xx_HAL_Driver/Src/stm32f1xx_hal_tim.o
 .text.TIM_TI2_ConfigInputStage
                0x0800639c       0x5e ./Drivers/STM32F1xx_HAL_Driver/Src/stm32f1xx_hal_tim.o
 .text.TIM_ITRx_SetConfig
                0x080063fa       0x34 ./Drivers/STM32F1xx_HAL_Driver/Src/stm32f1xx_hal_tim.o
 .text.TIM_ETR_SetConfig
                0x0800642e       0x3e ./Drivers/STM32F1xx_HAL_Driver/Src/stm32f1xx_hal_tim.o
                0x0800642e                TIM_ETR_SetConfig
 .text.HAL_TIMEx_MasterConfigSynchronization
                0x0800646c       0xbc ./Drivers/STM32F1xx_HAL_Driver/Src/stm32f1xx_hal_tim_ex.o
                0x0800646c                HAL_TIMEx_MasterConfigSynchronization
 .text.HAL_UART_Init
                0x08006528       0xa0 ./Drivers/STM32F1xx_HAL_Driver/Src/stm32f1xx_hal_uart.o
                0x08006528                HAL_UART_Init
 .text.HAL_UART_IRQHandler
                0x080065c8      0x524 ./Drivers/STM32F1xx_HAL_Driver/Src/stm32f1xx_hal_uart.o
                0x080065c8                HAL_UART_IRQHandler
 .text.HAL_UART_TxCpltCallback
                0x08006aec       0x12 ./Drivers/STM32F1xx_HAL_Driver/Src/stm32f1xx_hal_uart.o
                0x08006aec                HAL_UART_TxCpltCallback
 .text.HAL_UART_RxCpltCallback
                0x08006afe       0x12 ./Drivers/STM32F1xx_HAL_Driver/Src/stm32f1xx_hal_uart.o
                0x08006afe                HAL_UART_RxCpltCallback
 .text.HAL_UART_ErrorCallback
                0x08006b10       0x12 ./Drivers/STM32F1xx_HAL_Driver/Src/stm32f1xx_hal_uart.o
                0x08006b10                HAL_UART_ErrorCallback
 .text.HAL_UARTEx_RxEventCallback
                0x08006b22       0x16 ./Drivers/STM32F1xx_HAL_Driver/Src/stm32f1xx_hal_uart.o
                0x08006b22                HAL_UARTEx_RxEventCallback
 .text.UART_EndRxTransfer
                0x08006b38       0xc4 ./Drivers/STM32F1xx_HAL_Driver/Src/stm32f1xx_hal_uart.o
 .text.UART_DMAAbortOnError
                0x08006bfc       0x28 ./Drivers/STM32F1xx_HAL_Driver/Src/stm32f1xx_hal_uart.o
 .text.UART_Transmit_IT
                0x08006c24       0x9e ./Drivers/STM32F1xx_HAL_Driver/Src/stm32f1xx_hal_uart.o
 .text.UART_EndTransmit_IT
                0x08006cc2       0x30 ./Drivers/STM32F1xx_HAL_Driver/Src/stm32f1xx_hal_uart.o
 .text.UART_Receive_IT
                0x08006cf2      0x17c ./Drivers/STM32F1xx_HAL_Driver/Src/stm32f1xx_hal_uart.o
 *fill*         0x08006e6e        0x2 
 .text.UART_SetConfig
                0x08006e70      0x11c ./Drivers/STM32F1xx_HAL_Driver/Src/stm32f1xx_hal_uart.o
 .text.csn_high
                0x08006f8c       0x18 ./Drivers/nrf24/NRF24.o
                0x08006f8c                csn_high
 .text.csn_low  0x08006fa4       0x18 ./Drivers/nrf24/NRF24.o
                0x08006fa4                csn_low
 .text.ce_high  0x08006fbc       0x18 ./Drivers/nrf24/NRF24.o
                0x08006fbc                ce_high
 .text.ce_low   0x08006fd4       0x18 ./Drivers/nrf24/NRF24.o
                0x08006fd4                ce_low
 .text.nrf24_w_reg
                0x08006fec       0x50 ./Drivers/nrf24/NRF24.o
                0x08006fec                nrf24_w_reg
 .text.nrf24_r_reg
                0x0800703c       0x58 ./Drivers/nrf24/NRF24.o
                0x0800703c                nrf24_r_reg
 .text.nrf24_w_spec_cmd
                0x08007094       0x24 ./Drivers/nrf24/NRF24.o
                0x08007094                nrf24_w_spec_cmd
 .text.nrf24_pwr_up
                0x080070b8       0x34 ./Drivers/nrf24/NRF24.o
                0x080070b8                nrf24_pwr_up
 .text.nrf24_tx_pwr
                0x080070ec       0x4e ./Drivers/nrf24/NRF24.o
                0x080070ec                nrf24_tx_pwr
 .text.nrf24_data_rate
                0x0800713a       0x5c ./Drivers/nrf24/NRF24.o
                0x0800713a                nrf24_data_rate
 .text.nrf24_set_channel
                0x08007196       0x1e ./Drivers/nrf24/NRF24.o
                0x08007196                nrf24_set_channel
 .text.nrf24_open_tx_pipe
                0x080071b4       0x1a ./Drivers/nrf24/NRF24.o
                0x080071b4                nrf24_open_tx_pipe
 *fill*         0x080071ce        0x2 
 .text.nrf24_pipe_pld_size
                0x080071d0       0x9c ./Drivers/nrf24/NRF24.o
                0x080071d0                nrf24_pipe_pld_size
 .text.nrf24_open_rx_pipe
                0x0800726c       0xdc ./Drivers/nrf24/NRF24.o
                0x0800726c                nrf24_open_rx_pipe
 .text.nrf24_set_crc
                0x08007348       0x5c ./Drivers/nrf24/NRF24.o
                0x08007348                nrf24_set_crc
 .text.nrf24_set_addr_width
                0x080073a4       0x26 ./Drivers/nrf24/NRF24.o
                0x080073a4                nrf24_set_addr_width
 .text.nrf24_flush_tx
                0x080073ca       0x16 ./Drivers/nrf24/NRF24.o
                0x080073ca                nrf24_flush_tx
 .text.nrf24_flush_rx
                0x080073e0       0x16 ./Drivers/nrf24/NRF24.o
                0x080073e0                nrf24_flush_rx
 *fill*         0x080073f6        0x2 
 .text.nrf24_r_status
                0x080073f8       0x38 ./Drivers/nrf24/NRF24.o
                0x080073f8                nrf24_r_status
 .text.nrf24_clear_rx_dr
                0x08007430       0x30 ./Drivers/nrf24/NRF24.o
                0x08007430                nrf24_clear_rx_dr
 .text.nrf24_clear_tx_ds
                0x08007460       0x30 ./Drivers/nrf24/NRF24.o
                0x08007460                nrf24_clear_tx_ds
 .text.nrf24_clear_max_rt
                0x08007490       0x30 ./Drivers/nrf24/NRF24.o
                0x08007490                nrf24_clear_max_rt
 .text.nrf24_listen
                0x080074c0       0x38 ./Drivers/nrf24/NRF24.o
                0x080074c0                nrf24_listen
 .text.nrf24_dpl
                0x080074f8       0x48 ./Drivers/nrf24/NRF24.o
                0x080074f8                nrf24_dpl
 .text.nrf24_set_rx_dpl
                0x08007540       0x74 ./Drivers/nrf24/NRF24.o
                0x08007540                nrf24_set_rx_dpl
 .text.nrf24_auto_ack_all
                0x080075b4       0x3c ./Drivers/nrf24/NRF24.o
                0x080075b4                nrf24_auto_ack_all
 .text.nrf24_en_ack_pld
                0x080075f0       0x48 ./Drivers/nrf24/NRF24.o
                0x080075f0                nrf24_en_ack_pld
 .text.nrf24_en_dyn_ack
                0x08007638       0x48 ./Drivers/nrf24/NRF24.o
                0x08007638                nrf24_en_dyn_ack
 .text.nrf24_auto_retr_delay
                0x08007680       0x4a ./Drivers/nrf24/NRF24.o
                0x08007680                nrf24_auto_retr_delay
 .text.nrf24_auto_retr_limit
                0x080076ca       0x40 ./Drivers/nrf24/NRF24.o
                0x080076ca                nrf24_auto_retr_limit
 *fill*         0x0800770a        0x2 
 .text.nrf24_receive
                0x0800770c       0x68 ./Drivers/nrf24/NRF24.o
                0x0800770c                nrf24_receive
 .text.nrf24_init
                0x08007774       0x34 ./Drivers/nrf24/NRF24.o
                0x08007774                nrf24_init
 .text.sprintf  0x080077a8       0x44 D:/ST/STM32CubeIDE_2.1.0/STM32CubeIDE/plugins/com.st.stm32cube.ide.mcu.externaltools.gnu-tools-for-stm32.14.3.rel1.win32_1.0.100.202602081740/tools/bin/../lib/gcc/arm-none-eabi/14.3.1/../../../../arm-none-eabi/lib/thumb/v7-m/nofp\libc_nano.a(libc_a-sprintf.o)
                0x080077a8                siprintf
                0x080077a8                sprintf
 .text.memmove  0x080077ec       0x32 D:/ST/STM32CubeIDE_2.1.0/STM32CubeIDE/plugins/com.st.stm32cube.ide.mcu.externaltools.gnu-tools-for-stm32.14.3.rel1.win32_1.0.100.202602081740/tools/bin/../lib/gcc/arm-none-eabi/14.3.1/../../../../arm-none-eabi/lib/thumb/v7-m/nofp\libc_nano.a(libc_a-memmove.o)
                0x080077ec                memmove
 .text.memset   0x0800781e       0x10 D:/ST/STM32CubeIDE_2.1.0/STM32CubeIDE/plugins/com.st.stm32cube.ide.mcu.externaltools.gnu-tools-for-stm32.14.3.rel1.win32_1.0.100.202602081740/tools/bin/../lib/gcc/arm-none-eabi/14.3.1/../../../../arm-none-eabi/lib/thumb/v7-m/nofp\libc_nano.a(libc_a-memset.o)
                0x0800781e                memset
 *fill*         0x0800782e        0x2 
 .text.__errno  0x08007830        0xc D:/ST/STM32CubeIDE_2.1.0/STM32CubeIDE/plugins/com.st.stm32cube.ide.mcu.externaltools.gnu-tools-for-stm32.14.3.rel1.win32_1.0.100.202602081740/tools/bin/../lib/gcc/arm-none-eabi/14.3.1/../../../../arm-none-eabi/lib/thumb/v7-m/nofp\libc_nano.a(libc_a-errno.o)
                0x08007830                __errno
 .text.__libc_init_array
                0x0800783c       0x48 D:/ST/STM32CubeIDE_2.1.0/STM32CubeIDE/plugins/com.st.stm32cube.ide.mcu.externaltools.gnu-tools-for-stm32.14.3.rel1.win32_1.0.100.202602081740/tools/bin/../lib/gcc/arm-none-eabi/14.3.1/../../../../arm-none-eabi/lib/thumb/v7-m/nofp\libc_nano.a(libc_a-init.o)
                0x0800783c                __libc_init_array
 .text.__retarget_lock_acquire_recursive
                0x08007884        0x2 D:/ST/STM32CubeIDE_2.1.0/STM32CubeIDE/plugins/com.st.stm32cube.ide.mcu.externaltools.gnu-tools-for-stm32.14.3.rel1.win32_1.0.100.202602081740/tools/bin/../lib/gcc/arm-none-eabi/14.3.1/../../../../arm-none-eabi/lib/thumb/v7-m/nofp\libc_nano.a(libc_a-lock.o)
                0x08007884                __retarget_lock_acquire_recursive
 .text.__retarget_lock_release_recursive
                0x08007886        0x2 D:/ST/STM32CubeIDE_2.1.0/STM32CubeIDE/plugins/com.st.stm32cube.ide.mcu.externaltools.gnu-tools-for-stm32.14.3.rel1.win32_1.0.100.202602081740/tools/bin/../lib/gcc/arm-none-eabi/14.3.1/../../../../arm-none-eabi/lib/thumb/v7-m/nofp\libc_nano.a(libc_a-lock.o)
                0x08007886                __retarget_lock_release_recursive
 .text.memcpy   0x08007888       0x1c D:/ST/STM32CubeIDE_2.1.0/STM32CubeIDE/plugins/com.st.stm32cube.ide.mcu.externaltools.gnu-tools-for-stm32.14.3.rel1.win32_1.0.100.202602081740/tools/bin/../lib/gcc/arm-none-eabi/14.3.1/../../../../arm-none-eabi/lib/thumb/v7-m/nofp\libc_nano.a(libc_a-memcpy-stub.o)
                0x08007888                memcpy
 .text._free_r  0x080078a4       0x90 D:/ST/STM32CubeIDE_2.1.0/STM32CubeIDE/plugins/com.st.stm32cube.ide.mcu.externaltools.gnu-tools-for-stm32.14.3.rel1.win32_1.0.100.202602081740/tools/bin/../lib/gcc/arm-none-eabi/14.3.1/../../../../arm-none-eabi/lib/thumb/v7-m/nofp\libc_nano.a(libc_a-freer.o)
                0x080078a4                _free_r
 .text.sbrk_aligned
                0x08007934       0x44 D:/ST/STM32CubeIDE_2.1.0/STM32CubeIDE/plugins/com.st.stm32cube.ide.mcu.externaltools.gnu-tools-for-stm32.14.3.rel1.win32_1.0.100.202602081740/tools/bin/../lib/gcc/arm-none-eabi/14.3.1/../../../../arm-none-eabi/lib/thumb/v7-m/nofp\libc_nano.a(libc_a-mallocr.o)
 .text._malloc_r
                0x08007978      0x100 D:/ST/STM32CubeIDE_2.1.0/STM32CubeIDE/plugins/com.st.stm32cube.ide.mcu.externaltools.gnu-tools-for-stm32.14.3.rel1.win32_1.0.100.202602081740/tools/bin/../lib/gcc/arm-none-eabi/14.3.1/../../../../arm-none-eabi/lib/thumb/v7-m/nofp\libc_nano.a(libc_a-mallocr.o)
                0x08007978                _malloc_r
 .text.__malloc_lock
                0x08007a78        0xc D:/ST/STM32CubeIDE_2.1.0/STM32CubeIDE/plugins/com.st.stm32cube.ide.mcu.externaltools.gnu-tools-for-stm32.14.3.rel1.win32_1.0.100.202602081740/tools/bin/../lib/gcc/arm-none-eabi/14.3.1/../../../../arm-none-eabi/lib/thumb/v7-m/nofp\libc_nano.a(libc_a-mlock.o)
                0x08007a78                __malloc_lock
 .text.__malloc_unlock
                0x08007a84        0xc D:/ST/STM32CubeIDE_2.1.0/STM32CubeIDE/plugins/com.st.stm32cube.ide.mcu.externaltools.gnu-tools-for-stm32.14.3.rel1.win32_1.0.100.202602081740/tools/bin/../lib/gcc/arm-none-eabi/14.3.1/../../../../arm-none-eabi/lib/thumb/v7-m/nofp\libc_nano.a(libc_a-mlock.o)
                0x08007a84                __malloc_unlock
 .text.__ssputs_r
                0x08007a90       0xc0 D:/ST/STM32CubeIDE_2.1.0/STM32CubeIDE/plugins/com.st.stm32cube.ide.mcu.externaltools.gnu-tools-for-stm32.14.3.rel1.win32_1.0.100.202602081740/tools/bin/../lib/gcc/arm-none-eabi/14.3.1/../../../../arm-none-eabi/lib/thumb/v7-m/nofp\libc_nano.a(libc_a-nano-svfprintf.o)
                0x08007a90                __ssputs_r
 .text._svfprintf_r
                0x08007b50      0x1f0 D:/ST/STM32CubeIDE_2.1.0/STM32CubeIDE/plugins/com.st.stm32cube.ide.mcu.externaltools.gnu-tools-for-stm32.14.3.rel1.win32_1.0.100.202602081740/tools/bin/../lib/gcc/arm-none-eabi/14.3.1/../../../../arm-none-eabi/lib/thumb/v7-m/nofp\libc_nano.a(libc_a-nano-svfprintf.o)
                0x08007b50                _svfiprintf_r
                0x08007b50                _svfprintf_r
 .text._printf_common
                0x08007d40       0xe4 D:/ST/STM32CubeIDE_2.1.0/STM32CubeIDE/plugins/com.st.stm32cube.ide.mcu.externaltools.gnu-tools-for-stm32.14.3.rel1.win32_1.0.100.202602081740/tools/bin/../lib/gcc/arm-none-eabi/14.3.1/../../../../arm-none-eabi/lib/thumb/v7-m/nofp\libc_nano.a(libc_a-nano-vfprintf_i.o)
                0x08007d40                _printf_common
 .text._printf_i
                0x08007e24      0x24c D:/ST/STM32CubeIDE_2.1.0/STM32CubeIDE/plugins/com.st.stm32cube.ide.mcu.externaltools.gnu-tools-for-stm32.14.3.rel1.win32_1.0.100.202602081740/tools/bin/../lib/gcc/arm-none-eabi/14.3.1/../../../../arm-none-eabi/lib/thumb/v7-m/nofp\libc_nano.a(libc_a-nano-vfprintf_i.o)
                0x08007e24                _printf_i
 .text._sbrk_r  0x08008070       0x20 D:/ST/STM32CubeIDE_2.1.0/STM32CubeIDE/plugins/com.st.stm32cube.ide.mcu.externaltools.gnu-tools-for-stm32.14.3.rel1.win32_1.0.100.202602081740/tools/bin/../lib/gcc/arm-none-eabi/14.3.1/../../../../arm-none-eabi/lib/thumb/v7-m/nofp\libc_nano.a(libc_a-sbrkr.o)
                0x08008070                _sbrk_r
 .text.memchr   0x08008090       0x1c D:/ST/STM32CubeIDE_2.1.0/STM32CubeIDE/plugins/com.st.stm32cube.ide.mcu.externaltools.gnu-tools-for-stm32.14.3.rel1.win32_1.0.100.202602081740/tools/bin/../lib/gcc/arm-none-eabi/14.3.1/../../../../arm-none-eabi/lib/thumb/v7-m/nofp\libc_nano.a(libc_a-memchr-stub.o)
                0x08008090                memchr
 .text._realloc_r
                0x080080ac       0x5c D:/ST/STM32CubeIDE_2.1.0/STM32CubeIDE/plugins/com.st.stm32cube.ide.mcu.externaltools.gnu-tools-for-stm32.14.3.rel1.win32_1.0.100.202602081740/tools/bin/../lib/gcc/arm-none-eabi/14.3.1/../../../../arm-none-eabi/lib/thumb/v7-m/nofp\libc_nano.a(libc_a-reallocr.o)
                0x080080ac                _realloc_r
 .text._malloc_usable_size_r
                0x08008108       0x10 D:/ST/STM32CubeIDE_2.1.0/STM32CubeIDE/plugins/com.st.stm32cube.ide.mcu.externaltools.gnu-tools-for-stm32.14.3.rel1.win32_1.0.100.202602081740/tools/bin/../lib/gcc/arm-none-eabi/14.3.1/../../../../arm-none-eabi/lib/thumb/v7-m/nofp\libc_nano.a(libc_a-msizer.o)
                0x08008108                _malloc_usable_size_r
 .text.atan2f   0x08008118        0x4 D:/ST/STM32CubeIDE_2.1.0/STM32CubeIDE/plugins/com.st.stm32cube.ide.mcu.externaltools.gnu-tools-for-stm32.14.3.rel1.win32_1.0.100.202602081740/tools/bin/../lib/gcc/arm-none-eabi/14.3.1/../../../../arm-none-eabi/lib/thumb/v7-m/nofp\libm.a(libm_a-wf_atan2.o)
                0x08008118                atan2f
 .text.sqrtf    0x0800811c       0x3c D:/ST/STM32CubeIDE_2.1.0/STM32CubeIDE/plugins/com.st.stm32cube.ide.mcu.externaltools.gnu-tools-for-stm32.14.3.rel1.win32_1.0.100.202602081740/tools/bin/../lib/gcc/arm-none-eabi/14.3.1/../../../../arm-none-eabi/lib/thumb/v7-m/nofp\libm.a(libm_a-wf_sqrt.o)
                0x0800811c                sqrtf
 .text.__ieee754_sqrtf
                0x08008158       0xe4 D:/ST/STM32CubeIDE_2.1.0/STM32CubeIDE/plugins/com.st.stm32cube.ide.mcu.externaltools.gnu-tools-for-stm32.14.3.rel1.win32_1.0.100.202602081740/tools/bin/../lib/gcc/arm-none-eabi/14.3.1/../../../../arm-none-eabi/lib/thumb/v7-m/nofp\libm.a(libm_a-ef_sqrt.o)
                0x08008158                __ieee754_sqrtf
 *fill*         0x0800823c        0x4 
 .text.floor    0x08008240      0x108 D:/ST/STM32CubeIDE_2.1.0/STM32CubeIDE/plugins/com.st.stm32cube.ide.mcu.externaltools.gnu-tools-for-stm32.14.3.rel1.win32_1.0.100.202602081740/tools/bin/../lib/gcc/arm-none-eabi/14.3.1/../../../../arm-none-eabi/lib/thumb/v7-m/nofp\libm.a(libm_a-s_floor.o)
                0x08008240                floor
 .text.__ieee754_atan2f
                0x08008348      0x110 D:/ST/STM32CubeIDE_2.1.0/STM32CubeIDE/plugins/com.st.stm32cube.ide.mcu.externaltools.gnu-tools-for-stm32.14.3.rel1.win32_1.0.100.202602081740/tools/bin/../lib/gcc/arm-none-eabi/14.3.1/../../../../arm-none-eabi/lib/thumb/v7-m/nofp\libm.a(libm_a-ef_atan2.o)
                0x08008348                __ieee754_atan2f
 .text.atanf    0x08008458      0x22c D:/ST/STM32CubeIDE_2.1.0/STM32CubeIDE/plugins/com.st.stm32cube.ide.mcu.externaltools.gnu-tools-for-stm32.14.3.rel1.win32_1.0.100.202602081740/tools/bin/../lib/gcc/arm-none-eabi/14.3.1/../../../../arm-none-eabi/lib/thumb/v7-m/nofp\libm.a(libm_a-sf_atan.o)
                0x08008458                atanf
 .text.fabsf    0x08008684        0x8 D:/ST/STM32CubeIDE_2.1.0/STM32CubeIDE/plugins/com.st.stm32cube.ide.mcu.externaltools.gnu-tools-for-stm32.14.3.rel1.win32_1.0.100.202602081740/tools/bin/../lib/gcc/arm-none-eabi/14.3.1/../../../../arm-none-eabi/lib/thumb/v7-m/nofp\libm.a(libm_a-sf_fabs.o)
                0x08008684                fabsf
 *(.glue_7)
 .glue_7        0x0800868c        0x0 linker stubs
 *(.glue_7t)
 .glue_7t       0x0800868c        0x0 linker stubs
 *(.eh_frame)
 .eh_frame      0x0800868c        0x0 D:/ST/STM32CubeIDE_2.1.0/STM32CubeIDE/plugins/com.st.stm32cube.ide.mcu.externaltools.gnu-tools-for-stm32.14.3.rel1.win32_1.0.100.202602081740/tools/bin/../lib/gcc/arm-none-eabi/14.3.1/thumb/v7-m/nofp/crtbegin.o
 *(.init)
 .init          0x0800868c        0x4 D:/ST/STM32CubeIDE_2.1.0/STM32CubeIDE/plugins/com.st.stm32cube.ide.mcu.externaltools.gnu-tools-for-stm32.14.3.rel1.win32_1.0.100.202602081740/tools/bin/../lib/gcc/arm-none-eabi/14.3.1/thumb/v7-m/nofp/crti.o
                0x0800868c                _init
 .init          0x08008690        0x8 D:/ST/STM32CubeIDE_2.1.0/STM32CubeIDE/plugins/com.st.stm32cube.ide.mcu.externaltools.gnu-tools-for-stm32.14.3.rel1.win32_1.0.100.202602081740/tools/bin/../lib/gcc/arm-none-eabi/14.3.1/thumb/v7-m/nofp/crtn.o
 *(.fini)
 .fini          0x08008698        0x4 D:/ST/STM32CubeIDE_2.1.0/STM32CubeIDE/plugins/com.st.stm32cube.ide.mcu.externaltools.gnu-tools-for-stm32.14.3.rel1.win32_1.0.100.202602081740/tools/bin/../lib/gcc/arm-none-eabi/14.3.1/thumb/v7-m/nofp/crti.o
                0x08008698                _fini
 .fini          0x0800869c        0x8 D:/ST/STM32CubeIDE_2.1.0/STM32CubeIDE/plugins/com.st.stm32cube.ide.mcu.externaltools.gnu-tools-for-stm32.14.3.rel1.win32_1.0.100.202602081740/tools/bin/../lib/gcc/arm-none-eabi/14.3.1/thumb/v7-m/nofp/crtn.o
                0x080086a4                        . = ALIGN (0x4)
                0x080086a4                        _etext = .

.vfp11_veneer   0x080086a4        0x0
 .vfp11_veneer  0x080086a4        0x0 linker stubs

.v4_bx          0x080086a4        0x0
 .v4_bx         0x080086a4        0x0 linker stubs

.iplt           0x080086a4        0x0
 .iplt          0x080086a4        0x0 D:/ST/STM32CubeIDE_2.1.0/STM32CubeIDE/plugins/com.st.stm32cube.ide.mcu.externaltools.gnu-tools-for-stm32.14.3.rel1.win32_1.0.100.202602081740/tools/bin/../lib/gcc/arm-none-eabi/14.3.1/thumb/v7-m/nofp/crtbegin.o

.rodata         0x080086a4      0x740
                0x080086a4                        . = ALIGN (0x4)
 *(.rodata)
 .rodata        0x080086a4       0x51 ./Core/Src/BrazoFSM1.o
 *fill*         0x080086f5        0x3 
 .rodata        0x080086f8       0x4f ./Core/Src/main.o
 *(.rodata*)
 *fill*         0x08008747        0x1 
 .rodata.Font6x8
                0x08008748      0x5f0 ./Core/Src/ssd1306_fonts.o
 .rodata.Font_6x8
                0x08008d38        0xc ./Core/Src/ssd1306_fonts.o
                0x08008d38                Font_6x8
 .rodata.AHBPrescTable
                0x08008d44       0x10 ./Core/Src/system_stm32f1xx.o
                0x08008d44                AHBPrescTable
 .rodata.APBPrescTable
                0x08008d54        0x8 ./Core/Src/system_stm32f1xx.o
                0x08008d54                APBPrescTable
 .rodata.aPLLMULFactorTable.1
                0x08008d5c       0x10 ./Drivers/STM32F1xx_HAL_Driver/Src/stm32f1xx_hal_rcc.o
 .rodata.aPredivFactorTable.0
                0x08008d6c        0x2 ./Drivers/STM32F1xx_HAL_Driver/Src/stm32f1xx_hal_rcc.o
 .rodata._svfprintf_r.str1.1
                0x08008d6e       0x33 D:/ST/STM32CubeIDE_2.1.0/STM32CubeIDE/plugins/com.st.stm32cube.ide.mcu.externaltools.gnu-tools-for-stm32.14.3.rel1.win32_1.0.100.202602081740/tools/bin/../lib/gcc/arm-none-eabi/14.3.1/../../../../arm-none-eabi/lib/thumb/v7-m/nofp\libc_nano.a(libc_a-nano-svfprintf.o)
                                 0x11 (size before relaxing)
 .rodata._printf_i.str1.1
                0x08008da1       0x22 D:/ST/STM32CubeIDE_2.1.0/STM32CubeIDE/plugins/com.st.stm32cube.ide.mcu.externaltools.gnu-tools-for-stm32.14.3.rel1.win32_1.0.100.202602081740/tools/bin/../lib/gcc/arm-none-eabi/14.3.1/../../../../arm-none-eabi/lib/thumb/v7-m/nofp\libc_nano.a(libc_a-nano-vfprintf_i.o)
 *fill*         0x08008da1        0x3 
 .rodata.tiny   0x08008da4        0x4 D:/ST/STM32CubeIDE_2.1.0/STM32CubeIDE/plugins/com.st.stm32cube.ide.mcu.externaltools.gnu-tools-for-stm32.14.3.rel1.win32_1.0.100.202602081740/tools/bin/../lib/gcc/arm-none-eabi/14.3.1/../../../../arm-none-eabi/lib/thumb/v7-m/nofp\libm.a(libm_a-ef_sqrt.o)
 .rodata.one    0x08008da8        0x4 D:/ST/STM32CubeIDE_2.1.0/STM32CubeIDE/plugins/com.st.stm32cube.ide.mcu.externaltools.gnu-tools-for-stm32.14.3.rel1.win32_1.0.100.202602081740/tools/bin/../lib/gcc/arm-none-eabi/14.3.1/../../../../arm-none-eabi/lib/thumb/v7-m/nofp\libm.a(libm_a-ef_sqrt.o)
 .rodata.CSWTCH.9
                0x08008dac        0xc D:/ST/STM32CubeIDE_2.1.0/STM32CubeIDE/plugins/com.st.stm32cube.ide.mcu.externaltools.gnu-tools-for-stm32.14.3.rel1.win32_1.0.100.202602081740/tools/bin/../lib/gcc/arm-none-eabi/14.3.1/../../../../arm-none-eabi/lib/thumb/v7-m/nofp\libm.a(libm_a-ef_atan2.o)
 .rodata.CSWTCH.8
                0x08008db8        0xc D:/ST/STM32CubeIDE_2.1.0/STM32CubeIDE/plugins/com.st.stm32cube.ide.mcu.externaltools.gnu-tools-for-stm32.14.3.rel1.win32_1.0.100.202602081740/tools/bin/../lib/gcc/arm-none-eabi/14.3.1/../../../../arm-none-eabi/lib/thumb/v7-m/nofp\libm.a(libm_a-ef_atan2.o)
 .rodata.atanlo
                0x08008dc4       0x10 D:/ST/STM32CubeIDE_2.1.0/STM32CubeIDE/plugins/com.st.stm32cube.ide.mcu.externaltools.gnu-tools-for-stm32.14.3.rel1.win32_1.0.100.202602081740/tools/bin/../lib/gcc/arm-none-eabi/14.3.1/../../../../arm-none-eabi/lib/thumb/v7-m/nofp\libm.a(libm_a-sf_atan.o)
 .rodata.atanhi
                0x08008dd4       0x10 D:/ST/STM32CubeIDE_2.1.0/STM32CubeIDE/plugins/com.st.stm32cube.ide.mcu.externaltools.gnu-tools-for-stm32.14.3.rel1.win32_1.0.100.202602081740/tools/bin/../lib/gcc/arm-none-eabi/14.3.1/../../../../arm-none-eabi/lib/thumb/v7-m/nofp\libm.a(libm_a-sf_atan.o)
                0x08008de4                        . = ALIGN (0x4)

.ARM.extab      0x08008de4        0x0
                0x08008de4                        . = ALIGN (0x4)
 *(.ARM.extab* .gnu.linkonce.armextab.*)
                0x08008de4                        . = ALIGN (0x4)

.ARM            0x08008de4        0x0
                0x08008de4                        . = ALIGN (0x4)
                0x08008de4                        __exidx_start = .
 *(.ARM.exidx*)
                0x08008de4                        __exidx_end = .
                0x08008de4                        . = ALIGN (0x4)

.preinit_array  0x08008de4        0x0
                0x08008de4                        . = ALIGN (0x4)
                0x08008de4                        PROVIDE (__preinit_array_start = .)
 *(.preinit_array*)
                0x08008de4                        PROVIDE (__preinit_array_end = .)
                0x08008de4                        . = ALIGN (0x4)

.init_array     0x08008de4        0x4
                0x08008de4                        . = ALIGN (0x4)
                0x08008de4                        PROVIDE (__init_array_start = .)
 *(SORT_BY_NAME(.init_array.*))
 *(.init_array*)
 .init_array    0x08008de4        0x4 D:/ST/STM32CubeIDE_2.1.0/STM32CubeIDE/plugins/com.st.stm32cube.ide.mcu.externaltools.gnu-tools-for-stm32.14.3.rel1.win32_1.0.100.202602081740/tools/bin/../lib/gcc/arm-none-eabi/14.3.1/thumb/v7-m/nofp/crtbegin.o
                0x08008de8                        PROVIDE (__init_array_end = .)
                0x08008de8                        . = ALIGN (0x4)

.fini_array     0x08008de8        0x4
                0x08008de8                        . = ALIGN (0x4)
                [!provide]                        PROVIDE (__fini_array_start = .)
 *(SORT_BY_NAME(.fini_array.*))
 *(.fini_array*)
 .fini_array    0x08008de8        0x4 D:/ST/STM32CubeIDE_2.1.0/STM32CubeIDE/plugins/com.st.stm32cube.ide.mcu.externaltools.gnu-tools-for-stm32.14.3.rel1.win32_1.0.100.202602081740/tools/bin/../lib/gcc/arm-none-eabi/14.3.1/thumb/v7-m/nofp/crtbegin.o
                [!provide]                        PROVIDE (__fini_array_end = .)
                0x08008dec                        . = ALIGN (0x4)
                0x08008dec                        _sidata = LOADADDR (.data)

.rel.dyn        0x08008dec        0x0
 .rel.iplt      0x08008dec        0x0 D:/ST/STM32CubeIDE_2.1.0/STM32CubeIDE/plugins/com.st.stm32cube.ide.mcu.externaltools.gnu-tools-for-stm32.14.3.rel1.win32_1.0.100.202602081740/tools/bin/../lib/gcc/arm-none-eabi/14.3.1/thumb/v7-m/nofp/crtbegin.o

.data           0x20000000       0x68 load address 0x08008dec
                0x20000000                        . = ALIGN (0x4)
                0x20000000                        _sdata = .
 *(.data)
 *(.data*)
 .data.first.3  0x20000000        0x1 ./Core/Src/BrazoFSM1.o
 *fill*         0x20000001        0x3 
 .data.addr     0x20000004        0x5 ./Core/Src/main.o
                0x20000004                addr
 *fill*         0x20000009        0x3 
 .data.SystemCoreClock
                0x2000000c        0x4 ./Core/Src/system_stm32f1xx.o
                0x2000000c                SystemCoreClock
 .data.uwTickPrio
                0x20000010        0x4 ./Drivers/STM32F1xx_HAL_Driver/Src/stm32f1xx_hal.o
                0x20000010                uwTickPrio
 .data.uwTickFreq
                0x20000014        0x1 ./Drivers/STM32F1xx_HAL_Driver/Src/stm32f1xx_hal.o
                0x20000014                uwTickFreq
 *fill*         0x20000015        0x3 
 .data._impure_ptr
                0x20000018        0x4 D:/ST/STM32CubeIDE_2.1.0/STM32CubeIDE/plugins/com.st.stm32cube.ide.mcu.externaltools.gnu-tools-for-stm32.14.3.rel1.win32_1.0.100.202602081740/tools/bin/../lib/gcc/arm-none-eabi/14.3.1/../../../../arm-none-eabi/lib/thumb/v7-m/nofp\libc_nano.a(libc_a-impure.o)
                0x20000018                _impure_ptr
 .data._impure_data
                0x2000001c       0x4c D:/ST/STM32CubeIDE_2.1.0/STM32CubeIDE/plugins/com.st.stm32cube.ide.mcu.externaltools.gnu-tools-for-stm32.14.3.rel1.win32_1.0.100.202602081740/tools/bin/../lib/gcc/arm-none-eabi/14.3.1/../../../../arm-none-eabi/lib/thumb/v7-m/nofp\libc_nano.a(libc_a-impure.o)
                0x2000001c                _impure_data
 *(.RamFunc)
 *(.RamFunc*)
                0x20000068                        . = ALIGN (0x4)
                0x20000068                        _edata = .

.igot.plt       0x20000068        0x0 load address 0x08008e54
 .igot.plt      0x20000068        0x0 D:/ST/STM32CubeIDE_2.1.0/STM32CubeIDE/plugins/com.st.stm32cube.ide.mcu.externaltools.gnu-tools-for-stm32.14.3.rel1.win32_1.0.100.202602081740/tools/bin/../lib/gcc/arm-none-eabi/14.3.1/thumb/v7-m/nofp/crtbegin.o
                0x20000068                        . = ALIGN (0x4)

.bss            0x20000068      0x7c4 load address 0x08008e54
                0x20000068                        _sbss = .
                0x20000068                        __bss_start__ = _sbss
 *(.bss)
 .bss           0x20000068       0x1c D:/ST/STM32CubeIDE_2.1.0/STM32CubeIDE/plugins/com.st.stm32cube.ide.mcu.externaltools.gnu-tools-for-stm32.14.3.rel1.win32_1.0.100.202602081740/tools/bin/../lib/gcc/arm-none-eabi/14.3.1/thumb/v7-m/nofp/crtbegin.o
 *(.bss*)
 .bss.rx_buffer
                0x20000084       0x1c ./Core/Src/BrazoFSM1.o
 .bss.txt       0x200000a0       0x20 ./Core/Src/BrazoFSM1.o
 .bss.last_ms.2
                0x200000c0        0x4 ./Core/Src/BrazoFSM1.o
 .bss.roll_f.1  0x200000c4        0x8 ./Core/Src/BrazoFSM1.o
 .bss.pitch_f.0
                0x200000cc        0x8 ./Core/Src/BrazoFSM1.o
 .bss.hadc1     0x200000d4       0x30 ./Core/Src/main.o
                0x200000d4                hadc1
 .bss.hi2c1     0x20000104       0x54 ./Core/Src/main.o
                0x20000104                hi2c1
 .bss.hi2c2     0x20000158       0x54 ./Core/Src/main.o
                0x20000158                hi2c2
 .bss.hspi1     0x200001ac       0x58 ./Core/Src/main.o
                0x200001ac                hspi1
 .bss.htim1     0x20000204       0x48 ./Core/Src/main.o
                0x20000204                htim1
 .bss.huart1    0x2000024c       0x48 ./Core/Src/main.o
                0x2000024c                huart1
 .bss.UPaquete_TimeStamp
                0x20000294        0x4 ./Core/Src/main.o
                0x20000294                UPaquete_TimeStamp
 .bss.UltimoWakeup
                0x20000298        0x4 ./Core/Src/main.o
                0x20000298                UltimoWakeup
 .bss.B         0x2000029c       0x30 ./Core/Src/main.o
                0x2000029c                B
 .bss.nrf_irq   0x200002cc        0x1 ./Core/Src/main.o
                0x200002cc                nrf_irq
 *fill*         0x200002cd        0x3 
 .bss.pca9685_i2c
                0x200002d0        0x4 ./Core/Src/pca9685.o
                0x200002d0                pca9685_i2c
 .bss.SSD1306_Buffer
                0x200002d4      0x400 ./Core/Src/ssd1306.o
 .bss.SSD1306   0x200006d4        0x6 ./Core/Src/ssd1306.o
 *fill*         0x200006da        0x2 
 .bss.__sbrk_heap_end
                0x200006dc        0x4 ./Core/Src/sysmem.o
 .bss.uwTick    0x200006e0        0x4 ./Drivers/STM32F1xx_HAL_Driver/Src/stm32f1xx_hal.o
                0x200006e0                uwTick
 .bss.__sf      0x200006e4      0x138 D:/ST/STM32CubeIDE_2.1.0/STM32CubeIDE/plugins/com.st.stm32cube.ide.mcu.externaltools.gnu-tools-for-stm32.14.3.rel1.win32_1.0.100.202602081740/tools/bin/../lib/gcc/arm-none-eabi/14.3.1/../../../../arm-none-eabi/lib/thumb/v7-m/nofp\libc_nano.a(libc_a-findfp.o)
                0x200006e4                __sf
 .bss.errno     0x2000081c        0x4 D:/ST/STM32CubeIDE_2.1.0/STM32CubeIDE/plugins/com.st.stm32cube.ide.mcu.externaltools.gnu-tools-for-stm32.14.3.rel1.win32_1.0.100.202602081740/tools/bin/../lib/gcc/arm-none-eabi/14.3.1/../../../../arm-none-eabi/lib/thumb/v7-m/nofp\libc_nano.a(libc_a-reent.o)
                0x2000081c                errno
 .bss.__lock___malloc_recursive_mutex
                0x20000820        0x1 D:/ST/STM32CubeIDE_2.1.0/STM32CubeIDE/plugins/com.st.stm32cube.ide.mcu.externaltools.gnu-tools-for-stm32.14.3.rel1.win32_1.0.100.202602081740/tools/bin/../lib/gcc/arm-none-eabi/14.3.1/../../../../arm-none-eabi/lib/thumb/v7-m/nofp\libc_nano.a(libc_a-lock.o)
                0x20000820                __lock___malloc_recursive_mutex
 *fill*         0x20000821        0x3 
 .bss.__malloc_sbrk_start
                0x20000824        0x4 D:/ST/STM32CubeIDE_2.1.0/STM32CubeIDE/plugins/com.st.stm32cube.ide.mcu.externaltools.gnu-tools-for-stm32.14.3.rel1.win32_1.0.100.202602081740/tools/bin/../lib/gcc/arm-none-eabi/14.3.1/../../../../arm-none-eabi/lib/thumb/v7-m/nofp\libc_nano.a(libc_a-mallocr.o)
                0x20000824                __malloc_sbrk_start
 .bss.__malloc_free_list
                0x20000828        0x4 D:/ST/STM32CubeIDE_2.1.0/STM32CubeIDE/plugins/com.st.stm32cube.ide.mcu.externaltools.gnu-tools-for-stm32.14.3.rel1.win32_1.0.100.202602081740/tools/bin/../lib/gcc/arm-none-eabi/14.3.1/../../../../arm-none-eabi/lib/thumb/v7-m/nofp\libc_nano.a(libc_a-mallocr.o)
                0x20000828                __malloc_free_list
 *(COMMON)
                0x2000082c                        . = ALIGN (0x4)
                0x2000082c                        _ebss = .
                0x2000082c                        __bss_end__ = _ebss

._user_heap_stack
                0x2000082c      0x604 load address 0x08008e54
                0x20000830                        . = ALIGN (0x8)
 *fill*         0x2000082c        0x4 
                [!provide]                        PROVIDE (end = .)
                0x20000830                        PROVIDE (_end = .)
                0x20000a30                        . = (. + _Min_Heap_Size)
 *fill*         0x20000830      0x200 
                0x20000e30                        . = (. + _Min_Stack_Size)
 *fill*         0x20000a30      0x400 
                0x20000e30                        . = ALIGN (0x8)

/DISCARD/
 libc.a(*)
 libm.a(*)
 libgcc.a(*)

.ARM.attributes
                0x00000000       0x29
 *(.ARM.attributes)
 .ARM.attributes
                0x00000000       0x1d D:/ST/STM32CubeIDE_2.1.0/STM32CubeIDE/plugins/com.st.stm32cube.ide.mcu.externaltools.gnu-tools-for-stm32.14.3.rel1.win32_1.0.100.202602081740/tools/bin/../lib/gcc/arm-none-eabi/14.3.1/thumb/v7-m/nofp/crti.o
 .ARM.attributes
                0x0000001d       0x2d D:/ST/STM32CubeIDE_2.1.0/STM32CubeIDE/plugins/com.st.stm32cube.ide.mcu.externaltools.gnu-tools-for-stm32.14.3.rel1.win32_1.0.100.202602081740/tools/bin/../lib/gcc/arm-none-eabi/14.3.1/thumb/v7-m/nofp/crtbegin.o
 .ARM.attributes
                0x0000004a       0x2d ./Core/Src/Brazo.o
 .ARM.attributes
                0x00000077       0x2d ./Core/Src/BrazoFSM1.o
 .ARM.attributes
                0x000000a4       0x2d ./Core/Src/main.o
 .ARM.attributes
                0x000000d1       0x2d ./Core/Src/pca9685.o
 .ARM.attributes
                0x000000fe       0x2d ./Core/Src/ssd1306.o
 .ARM.attributes
                0x0000012b       0x2d ./Core/Src/ssd1306_fonts.o
 .ARM.attributes
                0x00000158       0x2d ./Core/Src/stm32f1xx_hal_msp.o
 .ARM.attributes
                0x00000185       0x2d ./Core/Src/stm32f1xx_it.o
 .ARM.attributes
                0x000001b2       0x2d ./Core/Src/sysmem.o
 .ARM.attributes
                0x000001df       0x2d ./Core/Src/system_stm32f1xx.o
 .ARM.attributes
                0x0000020c       0x21 ./Core/Startup/startup_stm32f103c8tx.o
 .ARM.attributes
                0x0000022d       0x2d ./Drivers/STM32F1xx_HAL_Driver/Src/stm32f1xx_hal.o
 .ARM.attributes
                0x0000025a       0x2d ./Drivers/STM32F1xx_HAL_Driver/Src/stm32f1xx_hal_adc.o
 .ARM.attributes
                0x00000287       0x2d ./Drivers/STM32F1xx_HAL_Driver/Src/stm32f1xx_hal_cortex.o
 .ARM.attributes
                0x000002b4       0x2d ./Drivers/STM32F1xx_HAL_Driver/Src/stm32f1xx_hal_dma.o
 .ARM.attributes
                0x000002e1       0x2d ./Drivers/STM32F1xx_HAL_Driver/Src/stm32f1xx_hal_gpio.o
 .ARM.attributes
                0x0000030e       0x2d ./Drivers/STM32F1xx_HAL_Driver/Src/stm32f1xx_hal_i2c.o
 .ARM.attributes
                0x0000033b       0x2d ./Drivers/STM32F1xx_HAL_Driver/Src/stm32f1xx_hal_rcc.o
 .ARM.attributes
                0x00000368       0x2d ./Drivers/STM32F1xx_HAL_Driver/Src/stm32f1xx_hal_rcc_ex.o
 .ARM.attributes
                0x00000395       0x2d ./Drivers/STM32F1xx_HAL_Driver/Src/stm32f1xx_hal_spi.o
 .ARM.attributes
                0x000003c2       0x2d ./Drivers/STM32F1xx_HAL_Driver/Src/stm32f1xx_hal_tim.o
 .ARM.attributes
                0x000003ef       0x2d ./Drivers/STM32F1xx_HAL_Driver/Src/stm32f1xx_hal_tim_ex.o
 .ARM.attributes
                0x0000041c       0x2d ./Drivers/STM32F1xx_HAL_Driver/Src/stm32f1xx_hal_uart.o
 .ARM.attributes
                0x00000449       0x2d ./Drivers/nrf24/NRF24.o
 .ARM.attributes
                0x00000476       0x2d D:/ST/STM32CubeIDE_2.1.0/STM32CubeIDE/plugins/com.st.stm32cube.ide.mcu.externaltools.gnu-tools-for-stm32.14.3.rel1.win32_1.0.100.202602081740/tools/bin/../lib/gcc/arm-none-eabi/14.3.1/../../../../arm-none-eabi/lib/thumb/v7-m/nofp\libc_nano.a(libc_a-findfp.o)
 .ARM.attributes
                0x000004a3       0x2d D:/ST/STM32CubeIDE_2.1.0/STM32CubeIDE/plugins/com.st.stm32cube.ide.mcu.externaltools.gnu-tools-for-stm32.14.3.rel1.win32_1.0.100.202602081740/tools/bin/../lib/gcc/arm-none-eabi/14.3.1/../../../../arm-none-eabi/lib/thumb/v7-m/nofp\libc_nano.a(libc_a-sprintf.o)
 .ARM.attributes
                0x000004d0       0x2d D:/ST/STM32CubeIDE_2.1.0/STM32CubeIDE/plugins/com.st.stm32cube.ide.mcu.externaltools.gnu-tools-for-stm32.14.3.rel1.win32_1.0.100.202602081740/tools/bin/../lib/gcc/arm-none-eabi/14.3.1/../../../../arm-none-eabi/lib/thumb/v7-m/nofp\libc_nano.a(libc_a-memmove.o)
 .ARM.attributes
                0x000004fd       0x2d D:/ST/STM32CubeIDE_2.1.0/STM32CubeIDE/plugins/com.st.stm32cube.ide.mcu.externaltools.gnu-tools-for-stm32.14.3.rel1.win32_1.0.100.202602081740/tools/bin/../lib/gcc/arm-none-eabi/14.3.1/../../../../arm-none-eabi/lib/thumb/v7-m/nofp\libc_nano.a(libc_a-memset.o)
 .ARM.attributes
                0x0000052a       0x2d D:/ST/STM32CubeIDE_2.1.0/STM32CubeIDE/plugins/com.st.stm32cube.ide.mcu.externaltools.gnu-tools-for-stm32.14.3.rel1.win32_1.0.100.202602081740/tools/bin/../lib/gcc/arm-none-eabi/14.3.1/../../../../arm-none-eabi/lib/thumb/v7-m/nofp\libc_nano.a(libc_a-reent.o)
 .ARM.attributes
                0x00000557       0x2d D:/ST/STM32CubeIDE_2.1.0/STM32CubeIDE/plugins/com.st.stm32cube.ide.mcu.externaltools.gnu-tools-for-stm32.14.3.rel1.win32_1.0.100.202602081740/tools/bin/../lib/gcc/arm-none-eabi/14.3.1/../../../../arm-none-eabi/lib/thumb/v7-m/nofp\libc_nano.a(libc_a-impure.o)
 .ARM.attributes
                0x00000584       0x2d D:/ST/STM32CubeIDE_2.1.0/STM32CubeIDE/plugins/com.st.stm32cube.ide.mcu.externaltools.gnu-tools-for-stm32.14.3.rel1.win32_1.0.100.202602081740/tools/bin/../lib/gcc/arm-none-eabi/14.3.1/../../../../arm-none-eabi/lib/thumb/v7-m/nofp\libc_nano.a(libc_a-errno.o)
 .ARM.attributes
                0x000005b1       0x2d D:/ST/STM32CubeIDE_2.1.0/STM32CubeIDE/plugins/com.st.stm32cube.ide.mcu.externaltools.gnu-tools-for-stm32.14.3.rel1.win32_1.0.100.202602081740/tools/bin/../lib/gcc/arm-none-eabi/14.3.1/../../../../arm-none-eabi/lib/thumb/v7-m/nofp\libc_nano.a(libc_a-init.o)
 .ARM.attributes
                0x000005de       0x2d D:/ST/STM32CubeIDE_2.1.0/STM32CubeIDE/plugins/com.st.stm32cube.ide.mcu.externaltools.gnu-tools-for-stm32.14.3.rel1.win32_1.0.100.202602081740/tools/bin/../lib/gcc/arm-none-eabi/14.3.1/../../../../arm-none-eabi/lib/thumb/v7-m/nofp\libc_nano.a(libc_a-lock.o)
 .ARM.attributes
                0x0000060b       0x2d D:/ST/STM32CubeIDE_2.1.0/STM32CubeIDE/plugins/com.st.stm32cube.ide.mcu.externaltools.gnu-tools-for-stm32.14.3.rel1.win32_1.0.100.202602081740/tools/bin/../lib/gcc/arm-none-eabi/14.3.1/../../../../arm-none-eabi/lib/thumb/v7-m/nofp\libc_nano.a(libc_a-memcpy-stub.o)
 .ARM.attributes
                0x00000638       0x2d D:/ST/STM32CubeIDE_2.1.0/STM32CubeIDE/plugins/com.st.stm32cube.ide.mcu.externaltools.gnu-tools-for-stm32.14.3.rel1.win32_1.0.100.202602081740/tools/bin/../lib/gcc/arm-none-eabi/14.3.1/../../../../arm-none-eabi/lib/thumb/v7-m/nofp\libc_nano.a(libc_a-freer.o)
 .ARM.attributes
                0x00000665       0x2d D:/ST/STM32CubeIDE_2.1.0/STM32CubeIDE/plugins/com.st.stm32cube.ide.mcu.externaltools.gnu-tools-for-stm32.14.3.rel1.win32_1.0.100.202602081740/tools/bin/../lib/gcc/arm-none-eabi/14.3.1/../../../../arm-none-eabi/lib/thumb/v7-m/nofp\libc_nano.a(libc_a-mallocr.o)
 .ARM.attributes
                0x00000692       0x2d D:/ST/STM32CubeIDE_2.1.0/STM32CubeIDE/plugins/com.st.stm32cube.ide.mcu.externaltools.gnu-tools-for-stm32.14.3.rel1.win32_1.0.100.202602081740/tools/bin/../lib/gcc/arm-none-eabi/14.3.1/../../../../arm-none-eabi/lib/thumb/v7-m/nofp\libc_nano.a(libc_a-mlock.o)
 .ARM.attributes
                0x000006bf       0x2d D:/ST/STM32CubeIDE_2.1.0/STM32CubeIDE/plugins/com.st.stm32cube.ide.mcu.externaltools.gnu-tools-for-stm32.14.3.rel1.win32_1.0.100.202602081740/tools/bin/../lib/gcc/arm-none-eabi/14.3.1/../../../../arm-none-eabi/lib/thumb/v7-m/nofp\libc_nano.a(libc_a-nano-svfprintf.o)
 .ARM.attributes
                0x000006ec       0x2d D:/ST/STM32CubeIDE_2.1.0/STM32CubeIDE/plugins/com.st.stm32cube.ide.mcu.externaltools.gnu-tools-for-stm32.14.3.rel1.win32_1.0.100.202602081740/tools/bin/../lib/gcc/arm-none-eabi/14.3.1/../../../../arm-none-eabi/lib/thumb/v7-m/nofp\libc_nano.a(libc_a-nano-vfprintf_i.o)
 .ARM.attributes
                0x00000719       0x2d D:/ST/STM32CubeIDE_2.1.0/STM32CubeIDE/plugins/com.st.stm32cube.ide.mcu.externaltools.gnu-tools-for-stm32.14.3.rel1.win32_1.0.100.202602081740/tools/bin/../lib/gcc/arm-none-eabi/14.3.1/../../../../arm-none-eabi/lib/thumb/v7-m/nofp\libc_nano.a(libc_a-sbrkr.o)
 .ARM.attributes
                0x00000746       0x2d D:/ST/STM32CubeIDE_2.1.0/STM32CubeIDE/plugins/com.st.stm32cube.ide.mcu.externaltools.gnu-tools-for-stm32.14.3.rel1.win32_1.0.100.202602081740/tools/bin/../lib/gcc/arm-none-eabi/14.3.1/../../../../arm-none-eabi/lib/thumb/v7-m/nofp\libc_nano.a(libc_a-memchr-stub.o)
 .ARM.attributes
                0x00000773       0x2d D:/ST/STM32CubeIDE_2.1.0/STM32CubeIDE/plugins/com.st.stm32cube.ide.mcu.externaltools.gnu-tools-for-stm32.14.3.rel1.win32_1.0.100.202602081740/tools/bin/../lib/gcc/arm-none-eabi/14.3.1/../../../../arm-none-eabi/lib/thumb/v7-m/nofp\libc_nano.a(libc_a-reallocr.o)
 .ARM.attributes
                0x000007a0       0x2d D:/ST/STM32CubeIDE_2.1.0/STM32CubeIDE/plugins/com.st.stm32cube.ide.mcu.externaltools.gnu-tools-for-stm32.14.3.rel1.win32_1.0.100.202602081740/tools/bin/../lib/gcc/arm-none-eabi/14.3.1/../../../../arm-none-eabi/lib/thumb/v7-m/nofp\libc_nano.a(libc_a-msizer.o)
 .ARM.attributes
                0x000007cd       0x2d D:/ST/STM32CubeIDE_2.1.0/STM32CubeIDE/plugins/com.st.stm32cube.ide.mcu.externaltools.gnu-tools-for-stm32.14.3.rel1.win32_1.0.100.202602081740/tools/bin/../lib/gcc/arm-none-eabi/14.3.1/../../../../arm-none-eabi/lib/thumb/v7-m/nofp\libm.a(libm_a-wf_atan2.o)
 .ARM.attributes
                0x000007fa       0x2d D:/ST/STM32CubeIDE_2.1.0/STM32CubeIDE/plugins/com.st.stm32cube.ide.mcu.externaltools.gnu-tools-for-stm32.14.3.rel1.win32_1.0.100.202602081740/tools/bin/../lib/gcc/arm-none-eabi/14.3.1/../../../../arm-none-eabi/lib/thumb/v7-m/nofp\libm.a(libm_a-wf_sqrt.o)
 .ARM.attributes
                0x00000827       0x2d D:/ST/STM32CubeIDE_2.1.0/STM32CubeIDE/plugins/com.st.stm32cube.ide.mcu.externaltools.gnu-tools-for-stm32.14.3.rel1.win32_1.0.100.202602081740/tools/bin/../lib/gcc/arm-none-eabi/14.3.1/../../../../arm-none-eabi/lib/thumb/v7-m/nofp\libm.a(libm_a-ef_sqrt.o)
 .ARM.attributes
                0x00000854       0x2d D:/ST/STM32CubeIDE_2.1.0/STM32CubeIDE/plugins/com.st.stm32cube.ide.mcu.externaltools.gnu-tools-for-stm32.14.3.rel1.win32_1.0.100.202602081740/tools/bin/../lib/gcc/arm-none-eabi/14.3.1/../../../../arm-none-eabi/lib/thumb/v7-m/nofp\libm.a(libm_a-s_floor.o)
 .ARM.attributes
                0x00000881       0x2d D:/ST/STM32CubeIDE_2.1.0/STM32CubeIDE/plugins/com.st.stm32cube.ide.mcu.externaltools.gnu-tools-for-stm32.14.3.rel1.win32_1.0.100.202602081740/tools/bin/../lib/gcc/arm-none-eabi/14.3.1/../../../../arm-none-eabi/lib/thumb/v7-m/nofp\libm.a(libm_a-ef_atan2.o)
 .ARM.attributes
                0x000008ae       0x2d D:/ST/STM32CubeIDE_2.1.0/STM32CubeIDE/plugins/com.st.stm32cube.ide.mcu.externaltools.gnu-tools-for-stm32.14.3.rel1.win32_1.0.100.202602081740/tools/bin/../lib/gcc/arm-none-eabi/14.3.1/../../../../arm-none-eabi/lib/thumb/v7-m/nofp\libm.a(libm_a-sf_atan.o)
 .ARM.attributes
                0x000008db       0x2d D:/ST/STM32CubeIDE_2.1.0/STM32CubeIDE/plugins/com.st.stm32cube.ide.mcu.externaltools.gnu-tools-for-stm32.14.3.rel1.win32_1.0.100.202602081740/tools/bin/../lib/gcc/arm-none-eabi/14.3.1/../../../../arm-none-eabi/lib/thumb/v7-m/nofp\libm.a(libm_a-sf_fabs.o)
 .ARM.attributes
                0x00000908       0x1d D:/ST/STM32CubeIDE_2.1.0/STM32CubeIDE/plugins/com.st.stm32cube.ide.mcu.externaltools.gnu-tools-for-stm32.14.3.rel1.win32_1.0.100.202602081740/tools/bin/../lib/gcc/arm-none-eabi/14.3.1/thumb/v7-m/nofp\libgcc.a(_arm_addsubdf3.o)
 .ARM.attributes
                0x00000925       0x1d D:/ST/STM32CubeIDE_2.1.0/STM32CubeIDE/plugins/com.st.stm32cube.ide.mcu.externaltools.gnu-tools-for-stm32.14.3.rel1.win32_1.0.100.202602081740/tools/bin/../lib/gcc/arm-none-eabi/14.3.1/thumb/v7-m/nofp\libgcc.a(_arm_muldivdf3.o)
 .ARM.attributes
                0x00000942       0x1d D:/ST/STM32CubeIDE_2.1.0/STM32CubeIDE/plugins/com.st.stm32cube.ide.mcu.externaltools.gnu-tools-for-stm32.14.3.rel1.win32_1.0.100.202602081740/tools/bin/../lib/gcc/arm-none-eabi/14.3.1/thumb/v7-m/nofp\libgcc.a(_arm_cmpdf2.o)
 .ARM.attributes
                0x0000095f       0x1d D:/ST/STM32CubeIDE_2.1.0/STM32CubeIDE/plugins/com.st.stm32cube.ide.mcu.externaltools.gnu-tools-for-stm32.14.3.rel1.win32_1.0.100.202602081740/tools/bin/../lib/gcc/arm-none-eabi/14.3.1/thumb/v7-m/nofp\libgcc.a(_arm_fixunsdfsi.o)
 .ARM.attributes
                0x0000097c       0x1d D:/ST/STM32CubeIDE_2.1.0/STM32CubeIDE/plugins/com.st.stm32cube.ide.mcu.externaltools.gnu-tools-for-stm32.14.3.rel1.win32_1.0.100.202602081740/tools/bin/../lib/gcc/arm-none-eabi/14.3.1/thumb/v7-m/nofp\libgcc.a(_arm_truncdfsf2.o)
 .ARM.attributes
                0x00000999       0x1d D:/ST/STM32CubeIDE_2.1.0/STM32CubeIDE/plugins/com.st.stm32cube.ide.mcu.externaltools.gnu-tools-for-stm32.14.3.rel1.win32_1.0.100.202602081740/tools/bin/../lib/gcc/arm-none-eabi/14.3.1/thumb/v7-m/nofp\libgcc.a(_arm_addsubsf3.o)
 .ARM.attributes
                0x000009b6       0x1d D:/ST/STM32CubeIDE_2.1.0/STM32CubeIDE/plugins/com.st.stm32cube.ide.mcu.externaltools.gnu-tools-for-stm32.14.3.rel1.win32_1.0.100.202602081740/tools/bin/../lib/gcc/arm-none-eabi/14.3.1/thumb/v7-m/nofp\libgcc.a(_arm_muldivsf3.o)
 .ARM.attributes
                0x000009d3       0x1d D:/ST/STM32CubeIDE_2.1.0/STM32CubeIDE/plugins/com.st.stm32cube.ide.mcu.externaltools.gnu-tools-for-stm32.14.3.rel1.win32_1.0.100.202602081740/tools/bin/../lib/gcc/arm-none-eabi/14.3.1/thumb/v7-m/nofp\libgcc.a(_arm_cmpsf2.o)
 .ARM.attributes
                0x000009f0       0x1d D:/ST/STM32CubeIDE_2.1.0/STM32CubeIDE/plugins/com.st.stm32cube.ide.mcu.externaltools.gnu-tools-for-stm32.14.3.rel1.win32_1.0.100.202602081740/tools/bin/../lib/gcc/arm-none-eabi/14.3.1/thumb/v7-m/nofp\libgcc.a(_arm_unordsf2.o)
 .ARM.attributes
                0x00000a0d       0x1d D:/ST/STM32CubeIDE_2.1.0/STM32CubeIDE/plugins/com.st.stm32cube.ide.mcu.externaltools.gnu-tools-for-stm32.14.3.rel1.win32_1.0.100.202602081740/tools/bin/../lib/gcc/arm-none-eabi/14.3.1/thumb/v7-m/nofp\libgcc.a(_arm_fixsfsi.o)
 .ARM.attributes
                0x00000a2a       0x1d D:/ST/STM32CubeIDE_2.1.0/STM32CubeIDE/plugins/com.st.stm32cube.ide.mcu.externaltools.gnu-tools-for-stm32.14.3.rel1.win32_1.0.100.202602081740/tools/bin/../lib/gcc/arm-none-eabi/14.3.1/thumb/v7-m/nofp\libgcc.a(_arm_fixunssfsi.o)
 .ARM.attributes
                0x00000a47       0x1d D:/ST/STM32CubeIDE_2.1.0/STM32CubeIDE/plugins/com.st.stm32cube.ide.mcu.externaltools.gnu-tools-for-stm32.14.3.rel1.win32_1.0.100.202602081740/tools/bin/../lib/gcc/arm-none-eabi/14.3.1/thumb/v7-m/nofp/crtn.o
OUTPUT(Brazo.elf elf32-littlearm)
LOAD linker stubs
LOAD D:/ST/STM32CubeIDE_2.1.0/STM32CubeIDE/plugins/com.st.stm32cube.ide.mcu.externaltools.gnu-tools-for-stm32.14.3.rel1.win32_1.0.100.202602081740/tools/bin/../lib/gcc/arm-none-eabi/14.3.1/../../../../arm-none-eabi/lib/thumb/v7-m/nofp\libc.a
LOAD D:/ST/STM32CubeIDE_2.1.0/STM32CubeIDE/plugins/com.st.stm32cube.ide.mcu.externaltools.gnu-tools-for-stm32.14.3.rel1.win32_1.0.100.202602081740/tools/bin/../lib/gcc/arm-none-eabi/14.3.1/../../../../arm-none-eabi/lib/thumb/v7-m/nofp\libm.a
LOAD D:/ST/STM32CubeIDE_2.1.0/STM32CubeIDE/plugins/com.st.stm32cube.ide.mcu.externaltools.gnu-tools-for-stm32.14.3.rel1.win32_1.0.100.202602081740/tools/bin/../lib/gcc/arm-none-eabi/14.3.1/thumb/v7-m/nofp\libgcc.a

.debug_info     0x00000000    0x15656
 .debug_info    0x00000000      0x1b1 ./Core/Src/Brazo.o
 .debug_info    0x000001b1      0x6c5 ./Core/Src/BrazoFSM1.o
 .debug_info    0x00000876     0x1ed0 ./Core/Src/main.o
 .debug_info    0x00002746      0x95f ./Core/Src/pca9685.o
 .debug_info    0x000030a5     0x1296 ./Core/Src/ssd1306.o
 .debug_info    0x0000433b      0x2a4 ./Core/Src/ssd1306_fonts.o
 .debug_info    0x000045df     0x162e ./Core/Src/stm32f1xx_hal_msp.o
 .debug_info    0x00005c0d      0x61d ./Core/Src/stm32f1xx_it.o
 .debug_info    0x0000622a      0x168 ./Core/Src/sysmem.o
 .debug_info    0x00006392      0x222 ./Core/Src/system_stm32f1xx.o
 .debug_info    0x000065b4       0x30 ./Core/Startup/startup_stm32f103c8tx.o
 .debug_info    0x000065e4      0x704 ./Drivers/STM32F1xx_HAL_Driver/Src/stm32f1xx_hal.o
 .debug_info    0x00006ce8      0xc50 ./Drivers/STM32F1xx_HAL_Driver/Src/stm32f1xx_hal_adc.o
 .debug_info    0x00007938      0xa87 ./Drivers/STM32F1xx_HAL_Driver/Src/stm32f1xx_hal_cortex.o
 .debug_info    0x000083bf      0x6d2 ./Drivers/STM32F1xx_HAL_Driver/Src/stm32f1xx_hal_dma.o
 .debug_info    0x00008a91      0x5ab ./Drivers/STM32F1xx_HAL_Driver/Src/stm32f1xx_hal_gpio.o
 .debug_info    0x0000903c     0x2524 ./Drivers/STM32F1xx_HAL_Driver/Src/stm32f1xx_hal_i2c.o
 .debug_info    0x0000b560      0x7d5 ./Drivers/STM32F1xx_HAL_Driver/Src/stm32f1xx_hal_rcc.o
 .debug_info    0x0000bd35      0x3c0 ./Drivers/STM32F1xx_HAL_Driver/Src/stm32f1xx_hal_rcc_ex.o
 .debug_info    0x0000c0f5     0x142d ./Drivers/STM32F1xx_HAL_Driver/Src/stm32f1xx_hal_spi.o
 .debug_info    0x0000d522     0x2959 ./Drivers/STM32F1xx_HAL_Driver/Src/stm32f1xx_hal_tim.o
 .debug_info    0x0000fe7b     0x149b ./Drivers/STM32F1xx_HAL_Driver/Src/stm32f1xx_hal_tim_ex.o
 .debug_info    0x00011316     0x2eed ./Drivers/STM32F1xx_HAL_Driver/Src/stm32f1xx_hal_uart.o
 .debug_info    0x00014203     0x1453 ./Drivers/nrf24/NRF24.o

.debug_abbrev   0x00000000     0x31f3
 .debug_abbrev  0x00000000       0xf3 ./Core/Src/Brazo.o
 .debug_abbrev  0x000000f3      0x244 ./Core/Src/BrazoFSM1.o
 .debug_abbrev  0x00000337      0x32f ./Core/Src/main.o
 .debug_abbrev  0x00000666      0x1d3 ./Core/Src/pca9685.o
 .debug_abbrev  0x00000839      0x371 ./Core/Src/ssd1306.o
 .debug_abbrev  0x00000baa       0xcf ./Core/Src/ssd1306_fonts.o
 .debug_abbrev  0x00000c79      0x23b ./Core/Src/stm32f1xx_hal_msp.o
 .debug_abbrev  0x00000eb4      0x18b ./Core/Src/stm32f1xx_it.o
 .debug_abbrev  0x0000103f       0xbc ./Core/Src/sysmem.o
 .debug_abbrev  0x000010fb      0x13f ./Core/Src/system_stm32f1xx.o
 .debug_abbrev  0x0000123a       0x24 ./Core/Startup/startup_stm32f103c8tx.o
 .debug_abbrev  0x0000125e      0x201 ./Drivers/STM32F1xx_HAL_Driver/Src/stm32f1xx_hal.o
 .debug_abbrev  0x0000145f      0x225 ./Drivers/STM32F1xx_HAL_Driver/Src/stm32f1xx_hal_adc.o
 .debug_abbrev  0x00001684      0x2f8 ./Drivers/STM32F1xx_HAL_Driver/Src/stm32f1xx_hal_cortex.o
 .debug_abbrev  0x0000197c      0x20b ./Drivers/STM32F1xx_HAL_Driver/Src/stm32f1xx_hal_dma.o
 .debug_abbrev  0x00001b87      0x1ca ./Drivers/STM32F1xx_HAL_Driver/Src/stm32f1xx_hal_gpio.o
 .debug_abbrev  0x00001d51      0x2a3 ./Drivers/STM32F1xx_HAL_Driver/Src/stm32f1xx_hal_i2c.o
 .debug_abbrev  0x00001ff4      0x2b3 ./Drivers/STM32F1xx_HAL_Driver/Src/stm32f1xx_hal_rcc.o
 .debug_abbrev  0x000022a7      0x188 ./Drivers/STM32F1xx_HAL_Driver/Src/stm32f1xx_hal_rcc_ex.o
 .debug_abbrev  0x0000242f      0x27a ./Drivers/STM32F1xx_HAL_Driver/Src/stm32f1xx_hal_spi.o
 .debug_abbrev  0x000026a9      0x277 ./Drivers/STM32F1xx_HAL_Driver/Src/stm32f1xx_hal_tim.o
 .debug_abbrev  0x00002920      0x282 ./Drivers/STM32F1xx_HAL_Driver/Src/stm32f1xx_hal_tim_ex.o
 .debug_abbrev  0x00002ba2      0x2f8 ./Drivers/STM32F1xx_HAL_Driver/Src/stm32f1xx_hal_uart.o
 .debug_abbrev  0x00002e9a      0x359 ./Drivers/nrf24/NRF24.o

.debug_aranges  0x00000000     0x15a0
 .debug_aranges
                0x00000000       0x38 ./Core/Src/Brazo.o
 .debug_aranges
                0x00000038       0x40 ./Core/Src/BrazoFSM1.o
 .debug_aranges
                0x00000078       0x78 ./Core/Src/main.o
 .debug_aranges
                0x000000f0       0x78 ./Core/Src/pca9685.o
 .debug_aranges
                0x00000168       0xf0 ./Core/Src/ssd1306.o
 .debug_aranges
                0x00000258       0x18 ./Core/Src/ssd1306_fonts.o
 .debug_aranges
                0x00000270       0x70 ./Core/Src/stm32f1xx_hal_msp.o
 .debug_aranges
                0x000002e0       0x78 ./Core/Src/stm32f1xx_it.o
 .debug_aranges
                0x00000358       0x20 ./Core/Src/sysmem.o
 .debug_aranges
                0x00000378       0x28 ./Core/Src/system_stm32f1xx.o
 .debug_aranges
                0x000003a0       0x28 ./Core/Startup/startup_stm32f103c8tx.o
 .debug_aranges
                0x000003c8       0xe0 ./Drivers/STM32F1xx_HAL_Driver/Src/stm32f1xx_hal.o
 .debug_aranges
                0x000004a8       0xf0 ./Drivers/STM32F1xx_HAL_Driver/Src/stm32f1xx_hal_adc.o
 .debug_aranges
                0x00000598      0x100 ./Drivers/STM32F1xx_HAL_Driver/Src/stm32f1xx_hal_cortex.o
 .debug_aranges
                0x00000698       0x80 ./Drivers/STM32F1xx_HAL_Driver/Src/stm32f1xx_hal_dma.o
 .debug_aranges
                0x00000718       0x58 ./Drivers/STM32F1xx_HAL_Driver/Src/stm32f1xx_hal_gpio.o
 .debug_aranges
                0x00000770      0x2a8 ./Drivers/STM32F1xx_HAL_Driver/Src/stm32f1xx_hal_i2c.o
 .debug_aranges
                0x00000a18       0x90 ./Drivers/STM32F1xx_HAL_Driver/Src/stm32f1xx_hal_rcc.o
 .debug_aranges
                0x00000aa8       0x30 ./Drivers/STM32F1xx_HAL_Driver/Src/stm32f1xx_hal_rcc_ex.o
 .debug_aranges
                0x00000ad8      0x1d0 ./Drivers/STM32F1xx_HAL_Driver/Src/stm32f1xx_hal_spi.o
 .debug_aranges
                0x00000ca8      0x3d0 ./Drivers/STM32F1xx_HAL_Driver/Src/stm32f1xx_hal_tim.o
 .debug_aranges
                0x00001078      0x168 ./Drivers/STM32F1xx_HAL_Driver/Src/stm32f1xx_hal_tim_ex.o
 .debug_aranges
                0x000011e0      0x208 ./Drivers/STM32F1xx_HAL_Driver/Src/stm32f1xx_hal_uart.o
 .debug_aranges
                0x000013e8      0x1b8 ./Drivers/nrf24/NRF24.o

.debug_rnglists
                0x00000000     0x10e3
 .debug_rnglists
                0x00000000       0x26 ./Core/Src/Brazo.o
 .debug_rnglists
                0x00000026       0x2d ./Core/Src/BrazoFSM1.o
 .debug_rnglists
                0x00000053       0x59 ./Core/Src/main.o
 .debug_rnglists
                0x000000ac       0x59 ./Core/Src/pca9685.o
 .debug_rnglists
                0x00000105       0xba ./Core/Src/ssd1306.o
 .debug_rnglists
                0x000001bf       0x52 ./Core/Src/stm32f1xx_hal_msp.o
 .debug_rnglists
                0x00000211       0x55 ./Core/Src/stm32f1xx_it.o
 .debug_rnglists
                0x00000266       0x13 ./Core/Src/sysmem.o
 .debug_rnglists
                0x00000279       0x1a ./Core/Src/system_stm32f1xx.o
 .debug_rnglists
                0x00000293       0x19 ./Core/Startup/startup_stm32f103c8tx.o
 .debug_rnglists
                0x000002ac       0xa3 ./Drivers/STM32F1xx_HAL_Driver/Src/stm32f1xx_hal.o
 .debug_rnglists
                0x0000034f       0xbc ./Drivers/STM32F1xx_HAL_Driver/Src/stm32f1xx_hal_adc.o
 .debug_rnglists
                0x0000040b       0xbb ./Drivers/STM32F1xx_HAL_Driver/Src/stm32f1xx_hal_cortex.o
 .debug_rnglists
                0x000004c6       0x64 ./Drivers/STM32F1xx_HAL_Driver/Src/stm32f1xx_hal_dma.o
 .debug_rnglists
                0x0000052a       0x3f ./Drivers/STM32F1xx_HAL_Driver/Src/stm32f1xx_hal_gpio.o
 .debug_rnglists
                0x00000569      0x23c ./Drivers/STM32F1xx_HAL_Driver/Src/stm32f1xx_hal_i2c.o
 .debug_rnglists
                0x000007a5       0x6c ./Drivers/STM32F1xx_HAL_Driver/Src/stm32f1xx_hal_rcc.o
 .debug_rnglists
                0x00000811       0x21 ./Drivers/STM32F1xx_HAL_Driver/Src/stm32f1xx_hal_rcc_ex.o
 .debug_rnglists
                0x00000832      0x16e ./Drivers/STM32F1xx_HAL_Driver/Src/stm32f1xx_hal_spi.o
 .debug_rnglists
                0x000009a0      0x31a ./Drivers/STM32F1xx_HAL_Driver/Src/stm32f1xx_hal_tim.o
 .debug_rnglists
                0x00000cba      0x125 ./Drivers/STM32F1xx_HAL_Driver/Src/stm32f1xx_hal_tim_ex.o
 .debug_rnglists
                0x00000ddf      0x1bc ./Drivers/STM32F1xx_HAL_Driver/Src/stm32f1xx_hal_uart.o
 .debug_rnglists
                0x00000f9b      0x148 ./Drivers/nrf24/NRF24.o

.debug_macro    0x00000000    0x1a81f
 .debug_macro   0x00000000      0x303 ./Core/Src/Brazo.o
 .debug_macro   0x00000303      0xacc ./Core/Src/Brazo.o
 .debug_macro   0x00000dcf       0x22 ./Core/Src/Brazo.o
 .debug_macro   0x00000df1       0x8e ./Core/Src/Brazo.o
 .debug_macro   0x00000e7f       0x51 ./Core/Src/Brazo.o
 .debug_macro   0x00000ed0      0x103 ./Core/Src/Brazo.o
 .debug_macro   0x00000fd3       0x6a ./Core/Src/Brazo.o
 .debug_macro   0x0000103d      0x1df ./Core/Src/Brazo.o
 .debug_macro   0x0000121c       0x61 ./Core/Src/Brazo.o
 .debug_macro   0x0000127d       0x24 ./Core/Src/Brazo.o
 .debug_macro   0x000012a1       0x43 ./Core/Src/Brazo.o
 .debug_macro   0x000012e4       0x34 ./Core/Src/Brazo.o
 .debug_macro   0x00001318       0x16 ./Core/Src/Brazo.o
 .debug_macro   0x0000132e       0x9e ./Core/Src/Brazo.o
 .debug_macro   0x000013cc      0x364 ./Core/Src/Brazo.o
 .debug_macro   0x00001730      0x112 ./Core/Src/Brazo.o
 .debug_macro   0x00001842       0x10 ./Core/Src/Brazo.o
 .debug_macro   0x00001852       0x16 ./Core/Src/Brazo.o
 .debug_macro   0x00001868       0x4a ./Core/Src/Brazo.o
 .debug_macro   0x000018b2       0x34 ./Core/Src/Brazo.o
 .debug_macro   0x000018e6       0x10 ./Core/Src/Brazo.o
 .debug_macro   0x000018f6       0x58 ./Core/Src/Brazo.o
 .debug_macro   0x0000194e       0x8e ./Core/Src/Brazo.o
 .debug_macro   0x000019dc       0x1c ./Core/Src/Brazo.o
 .debug_macro   0x000019f8      0x17e ./Core/Src/Brazo.o
 .debug_macro   0x00001b76       0x16 ./Core/Src/Brazo.o
 .debug_macro   0x00001b8c       0x16 ./Core/Src/Brazo.o
 .debug_macro   0x00001ba2      0x146 ./Core/Src/Brazo.o
 .debug_macro   0x00001ce8      0x22d ./Core/Src/Brazo.o
 .debug_macro   0x00001f15       0x2e ./Core/Src/Brazo.o
 .debug_macro   0x00001f43       0x22 ./Core/Src/Brazo.o
 .debug_macro   0x00001f65       0x1c ./Core/Src/Brazo.o
 .debug_macro   0x00001f81       0x22 ./Core/Src/Brazo.o
 .debug_macro   0x00001fa3       0xbd ./Core/Src/Brazo.o
 .debug_macro   0x00002060      0xd23 ./Core/Src/Brazo.o
 .debug_macro   0x00002d83     0xe09e ./Core/Src/Brazo.o
 .debug_macro   0x00010e21       0x6d ./Core/Src/Brazo.o
 .debug_macro   0x00010e8e     0x34a2 ./Core/Src/Brazo.o
 .debug_macro   0x00014330       0x56 ./Core/Src/Brazo.o
 .debug_macro   0x00014386      0x5bc ./Core/Src/Brazo.o
 .debug_macro   0x00014942      0x289 ./Core/Src/Brazo.o
 .debug_macro   0x00014bcb      0x1cb ./Core/Src/Brazo.o
 .debug_macro   0x00014d96      0x114 ./Core/Src/Brazo.o
 .debug_macro   0x00014eaa      0x1b2 ./Core/Src/Brazo.o
 .debug_macro   0x0001505c       0x27 ./Core/Src/Brazo.o
 .debug_macro   0x00015083      0x136 ./Core/Src/Brazo.o
 .debug_macro   0x000151b9      0x1bc ./Core/Src/Brazo.o
 .debug_macro   0x00015375       0x34 ./Core/Src/Brazo.o
 .debug_macro   0x000153a9       0x3c ./Core/Src/Brazo.o
 .debug_macro   0x000153e5       0x57 ./Core/Src/Brazo.o
 .debug_macro   0x0001543c      0x46a ./Core/Src/Brazo.o
 .debug_macro   0x000158a6      0x1b5 ./Core/Src/Brazo.o
 .debug_macro   0x00015a5b       0x87 ./Core/Src/Brazo.o
 .debug_macro   0x00015ae2      0x240 ./Core/Src/Brazo.o
 .debug_macro   0x00015d22      0x287 ./Core/Src/Brazo.o
 .debug_macro   0x00015fa9      0x140 ./Core/Src/Brazo.o
 .debug_macro   0x000160e9      0x217 ./Core/Src/Brazo.o
 .debug_macro   0x00016300      0x8ed ./Core/Src/Brazo.o
 .debug_macro   0x00016bed      0x28e ./Core/Src/Brazo.o
 .debug_macro   0x00016e7b       0x83 ./Core/Src/Brazo.o
 .debug_macro   0x00016efe       0x3a ./Core/Src/Brazo.o
 .debug_macro   0x00016f38       0x46 ./Core/Src/Brazo.o
 .debug_macro   0x00016f7e       0x4c ./Core/Src/Brazo.o
 .debug_macro   0x00016fca       0x9a ./Core/Src/Brazo.o
 .debug_macro   0x00017064      0x328 ./Core/Src/BrazoFSM1.o
 .debug_macro   0x0001738c      0x19b ./Core/Src/BrazoFSM1.o
 .debug_macro   0x00017527      0x393 ./Core/Src/main.o
 .debug_macro   0x000178ba      0x190 ./Core/Src/main.o
 .debug_macro   0x00017a4a       0x5c ./Core/Src/main.o
 .debug_macro   0x00017aa6       0x3c ./Core/Src/main.o
 .debug_macro   0x00017ae2       0x16 ./Core/Src/main.o
 .debug_macro   0x00017af8       0x16 ./Core/Src/main.o
 .debug_macro   0x00017b0e       0x29 ./Core/Src/main.o
 .debug_macro   0x00017b37       0x16 ./Core/Src/main.o
 .debug_macro   0x00017b4d       0x20 ./Core/Src/main.o
 .debug_macro   0x00017b6d       0x40 ./Core/Src/main.o
 .debug_macro   0x00017bad      0x232 ./Core/Src/main.o
 .debug_macro   0x00017ddf      0x28e ./Core/Src/pca9685.o
 .debug_macro   0x0001806d      0x2f6 ./Core/Src/ssd1306.o
 .debug_macro   0x00018363       0x28 ./Core/Src/ssd1306.o
 .debug_macro   0x0001838b      0x221 ./Core/Src/ssd1306_fonts.o
 .debug_macro   0x000185ac      0x1da ./Core/Src/stm32f1xx_hal_msp.o
 .debug_macro   0x00018786      0x1e4 ./Core/Src/stm32f1xx_it.o